Component: ARM Compiler 5.06 update 6 (build 750) Tool: armlink [4d35ed]

==============================================================================

Section Cross References

    bsp.o(i.BSP_Accelerometer_Init) refers to bsp.o(i.adcinit) for adcinit
    bsp.o(i.BSP_Buzzer_Init) refers to bsp.o(.data) for ClockFrequency
    bsp.o(i.BSP_Buzzer_Set) refers to bsp.o(.data) for PWMCycles
    bsp.o(i.BSP_Clock_GetFreq) refers to bsp.o(.data) for ClockFrequency
    bsp.o(i.BSP_Clock_InitFastest) refers to bsp.o(.data) for ClockFrequency
    bsp.o(i.BSP_Delay1ms) refers to bsp.o(.emb_text) for parrotdelay
    bsp.o(i.BSP_Joystick_Init) refers to bsp.o(i.adcinit) for adcinit
    bsp.o(i.BSP_LCD_DrawBitmap) refers to bsp.o(i.setAddrWindow) for setAddrWindow
    bsp.o(i.BSP_LCD_DrawBitmap) refers to bsp.o(i.writedata) for writedata
    bsp.o(i.BSP_LCD_DrawBitmap) refers to bsp.o(.data) for _width
    bsp.o(i.BSP_LCD_DrawChar) refers to bsp.o(i.setAddrWindow) for setAddrWindow
    bsp.o(i.BSP_LCD_DrawChar) refers to bsp.o(i.pushColor) for pushColor
    bsp.o(i.BSP_LCD_DrawChar) refers to bsp.o(.data) for _width
    bsp.o(i.BSP_LCD_DrawChar) refers to bsp.o(.constdata) for Font
    bsp.o(i.BSP_LCD_DrawCharS) refers to bsp.o(i.BSP_LCD_DrawPixel) for BSP_LCD_DrawPixel
    bsp.o(i.BSP_LCD_DrawCharS) refers to bsp.o(i.BSP_LCD_FillRect) for BSP_LCD_FillRect
    bsp.o(i.BSP_LCD_DrawCharS) refers to bsp.o(.data) for _width
    bsp.o(i.BSP_LCD_DrawCharS) refers to bsp.o(.constdata) for Font
    bsp.o(i.BSP_LCD_DrawFastHLine) refers to bsp.o(i.setAddrWindow) for setAddrWindow
    bsp.o(i.BSP_LCD_DrawFastHLine) refers to bsp.o(i.writedata) for writedata
    bsp.o(i.BSP_LCD_DrawFastHLine) refers to bsp.o(.data) for _width
    bsp.o(i.BSP_LCD_DrawFastVLine) refers to bsp.o(i.setAddrWindow) for setAddrWindow
    bsp.o(i.BSP_LCD_DrawFastVLine) refers to bsp.o(i.writedata) for writedata
    bsp.o(i.BSP_LCD_DrawFastVLine) refers to bsp.o(.data) for _width
    bsp.o(i.BSP_LCD_DrawPixel) refers to bsp.o(i.setAddrWindow) for setAddrWindow
    bsp.o(i.BSP_LCD_DrawPixel) refers to bsp.o(i.pushColor) for pushColor
    bsp.o(i.BSP_LCD_DrawPixel) refers to bsp.o(.data) for _width
    bsp.o(i.BSP_LCD_DrawString) refers to bsp.o(i.BSP_LCD_DrawChar) for BSP_LCD_DrawChar
    bsp.o(i.BSP_LCD_Drawaxes) refers to bsp.o(i.BSP_LCD_FillRect) for BSP_LCD_FillRect
    bsp.o(i.BSP_LCD_Drawaxes) refers to bsp.o(i.BSP_LCD_DrawFastHLine) for BSP_LCD_DrawFastHLine
    bsp.o(i.BSP_LCD_Drawaxes) refers to bsp.o(i.BSP_LCD_DrawFastVLine) for BSP_LCD_DrawFastVLine
    bsp.o(i.BSP_LCD_Drawaxes) refers to bsp.o(i.BSP_LCD_DrawPixel) for BSP_LCD_DrawPixel
    bsp.o(i.BSP_LCD_Drawaxes) refers to bsp.o(i.BSP_LCD_DrawChar) for BSP_LCD_DrawChar
    bsp.o(i.BSP_LCD_Drawaxes) refers to bsp.o(.data) for Ymax
    bsp.o(i.BSP_LCD_FillRect) refers to bsp.o(i.setAddrWindow) for setAddrWindow
    bsp.o(i.BSP_LCD_FillRect) refers to bsp.o(i.writedata) for writedata
    bsp.o(i.BSP_LCD_FillRect) refers to bsp.o(.data) for _width
    bsp.o(i.BSP_LCD_FillScreen) refers to bsp.o(i.BSP_LCD_FillRect) for BSP_LCD_FillRect
    bsp.o(i.BSP_LCD_FillScreen) refers to bsp.o(.data) for _height
    bsp.o(i.BSP_LCD_Init) refers to bsp.o(i.ST7735_InitR) for ST7735_InitR
    bsp.o(i.BSP_LCD_OutUDec) refers to bsp.o(i.fillmessage) for fillmessage
    bsp.o(i.BSP_LCD_OutUDec) refers to bsp.o(i.BSP_LCD_DrawString) for BSP_LCD_DrawString
    bsp.o(i.BSP_LCD_OutUDec) refers to bsp.o(i.BSP_LCD_DrawChar) for BSP_LCD_DrawChar
    bsp.o(i.BSP_LCD_OutUDec) refers to bsp.o(.data) for StTextColor
    bsp.o(i.BSP_LCD_OutUDec) refers to bsp.o(.bss) for Message
    bsp.o(i.BSP_LCD_OutUDec4) refers to bsp.o(i.fillmessage4) for fillmessage4
    bsp.o(i.BSP_LCD_OutUDec4) refers to bsp.o(i.BSP_LCD_DrawString) for BSP_LCD_DrawString
    bsp.o(i.BSP_LCD_OutUDec4) refers to bsp.o(i.BSP_LCD_DrawChar) for BSP_LCD_DrawChar
    bsp.o(i.BSP_LCD_OutUDec4) refers to bsp.o(.data) for Messageindex
    bsp.o(i.BSP_LCD_OutUDec4) refers to bsp.o(.bss) for Message
    bsp.o(i.BSP_LCD_OutUDec5) refers to bsp.o(i.fillmessage5) for fillmessage5
    bsp.o(i.BSP_LCD_OutUDec5) refers to bsp.o(i.BSP_LCD_DrawString) for BSP_LCD_DrawString
    bsp.o(i.BSP_LCD_OutUDec5) refers to bsp.o(i.BSP_LCD_DrawChar) for BSP_LCD_DrawChar
    bsp.o(i.BSP_LCD_OutUDec5) refers to bsp.o(.data) for Messageindex
    bsp.o(i.BSP_LCD_OutUDec5) refers to bsp.o(.bss) for Message
    bsp.o(i.BSP_LCD_OutUFix2_1) refers to bsp.o(i.fillmessage2_1) for fillmessage2_1
    bsp.o(i.BSP_LCD_OutUFix2_1) refers to bsp.o(i.BSP_LCD_DrawString) for BSP_LCD_DrawString
    bsp.o(i.BSP_LCD_OutUFix2_1) refers to bsp.o(i.BSP_LCD_DrawChar) for BSP_LCD_DrawChar
    bsp.o(i.BSP_LCD_OutUFix2_1) refers to bsp.o(.data) for StY
    bsp.o(i.BSP_LCD_OutUFix2_1) refers to bsp.o(.bss) for Message
    bsp.o(i.BSP_LCD_OutUHex2) refers to bsp.o(i.fillmessage2_Hex) for fillmessage2_Hex
    bsp.o(i.BSP_LCD_OutUHex2) refers to bsp.o(i.BSP_LCD_DrawString) for BSP_LCD_DrawString
[...]
    startup_tm4c123.o(HEAP) refers (Special) to heapauxi.o(.text) for __use_two_region_memory
    startup_tm4c123.o(RESET) refers (Special) to heapauxi.o(.text) for __use_two_region_memory
    startup_tm4c123.o(RESET) refers to startup_tm4c123.o(STACK) for __initial_sp
    startup_tm4c123.o(RESET) refers to startup_tm4c123.o(.text) for Reset_Handler
    startup_tm4c123.o(RESET) refers to osasm.o(.text) for SysTick_Handler
    startup_tm4c123.o(RESET) refers to bsp.o(i.WideTimer3A_Handler) for WideTimer3A_Handler
    startup_tm4c123.o(RESET) refers to bsp.o(i.WideTimer4A_Handler) for WideTimer4A_Handler
    startup_tm4c123.o(RESET) refers to bsp.o(i.WideTimer5A_Handler) for WideTimer5A_Handler
    startup_tm4c123.o(.text) refers (Special) to heapauxi.o(.text) for __use_two_region_memory
    startup_tm4c123.o(.text) refers to __main.o(!!!main) for __main
    startup_tm4c123.o(.text) refers to startup_tm4c123.o(HEAP) for Heap_Mem
    startup_tm4c123.o(.text) refers to startup_tm4c123.o(STACK) for Stack_Mem
    system_tm4c123.o(i.SystemCoreClockUpdate) refers to system_tm4c123.o(i.getOscClk) for getOscClk
    system_tm4c123.o(i.SystemCoreClockUpdate) refers to system_tm4c123.o(.data) for SystemCoreClock
    __main.o(!!!main) refers to __rtentry.o(.ARM.Collect$$rtentry$$00000000) for __rt_entry
    __rtentry.o(.ARM.Collect$$rtentry$$00000000) refers (Special) to __rtentry2.o(.ARM.Collect$$rtentry$$0000000A) for __rt_entry_li
    __rtentry.o(.ARM.Collect$$rtentry$$00000000) refers (Special) to __rtentry2.o(.ARM.Collect$$rtentry$$0000000D) for __rt_entry_main
    __rtentry.o(.ARM.Collect$$rtentry$$00000000) refers (Special) to __rtentry2.o(.ARM.Collect$$rtentry$$0000000C) for __rt_entry_postli_1
    __rtentry.o(.ARM.Collect$$rtentry$$00000000) refers (Special) to __rtentry2.o(.ARM.Collect$$rtentry$$00000009) for __rt_entry_postsh_1
    __rtentry.o(.ARM.Collect$$rtentry$$00000000) refers (Special) to __rtentry2.o(.ARM.Collect$$rtentry$$00000002) for __rt_entry_presh_1
    __rtentry.o(.ARM.Collect$$rtentry$$00000000) refers (Special) to __rtentry4.o(.ARM.Collect$$rtentry$$00000004) for __rt_entry_sh
    __rtentry2.o(.ARM.Collect$$rtentry$$00000008) refers to boardinit2.o(.text) for _platform_post_stackheap_init
    __rtentry2.o(.ARM.Collect$$rtentry$$0000000A) refers to libinit.o(.ARM.Collect$$libinit$$00000000) for __rt_lib_init
    __rtentry2.o(.ARM.Collect$$rtentry$$0000000B) refers to boardinit3.o(.text) for _platform_post_lib_init
    __rtentry2.o(.ARM.Collect$$rtentry$$0000000D) refers to user.o(i.main) for main
    __rtentry2.o(.ARM.Collect$$rtentry$$0000000D) refers to exit.o(.text) for exit
    __rtentry2.o(.ARM.exidx) refers to __rtentry2.o(.ARM.Collect$$rtentry$$00000001) for .ARM.Collect$$rtentry$$00000001
    __rtentry2.o(.ARM.exidx) refers to __rtentry2.o(.ARM.Collect$$rtentry$$00000008) for .ARM.Collect$$rtentry$$00000008
    __rtentry2.o(.ARM.exidx) refers to __rtentry2.o(.ARM.Collect$$rtentry$$0000000A) for .ARM.Collect$$rtentry$$0000000A
    __rtentry2.o(.ARM.exidx) refers to __rtentry2.o(.ARM.Collect$$rtentry$$0000000B) for .ARM.Collect$$rtentry$$0000000B
    __rtentry2.o(.ARM.exidx) refers to __rtentry2.o(.ARM.Collect$$rtentry$$0000000D) for .ARM.Collect$$rtentry$$0000000D
    __rtentry4.o(.ARM.Collect$$rtentry$$00000004) refers to sys_stackheap_outer.o(.text) for __user_setup_stackheap
    __rtentry4.o(.ARM.exidx) refers to __rtentry4.o(.ARM.Collect$$rtentry$$00000004) for .ARM.Collect$$rtentry$$00000004
    sys_stackheap_outer.o(.text) refers to libspace.o(.text) for __user_perproc_libspace
    sys_stackheap_outer.o(.text) refers to startup_tm4c123.o(.text) for __user_initial_stackheap
    exit.o(.text) refers to rtexit.o(.ARM.Collect$$rtexit$$00000000) for __rt_exit
    libinit.o(.ARM.Collect$$libinit$$00000000) refers (Special) to libinit2.o(.ARM.Collect$$libinit$$0000002E) for __rt_lib_init_alloca_1
    libinit.o(.ARM.Collect$$libinit$$00000000) refers (Special) to libinit2.o(.ARM.Collect$$libinit$$0000002C) for __rt_lib_init_argv_1
    libinit.o(.ARM.Collect$$libinit$$00000000) refers (Special) to libinit2.o(.ARM.Collect$$libinit$$0000001B) for __rt_lib_init_atexit_1
    libinit.o(.ARM.Collect$$libinit$$00000000) refers (Special) to libinit2.o(.ARM.Collect$$libinit$$00000021) for __rt_lib_init_clock_1
    libinit.o(.ARM.Collect$$libinit$$00000000) refers (Special) to libinit2.o(.ARM.Collect$$libinit$$00000032) for __rt_lib_init_cpp_1
    libinit.o(.ARM.Collect$$libinit$$00000000) refers (Special) to libinit2.o(.ARM.Collect$$libinit$$00000030) for __rt_lib_init_exceptions_1
    libinit.o(.ARM.Collect$$libinit$$00000000) refers (Special) to libinit2.o(.ARM.Collect$$libinit$$00000002) for __rt_lib_init_fp_1
    libinit.o(.ARM.Collect$$libinit$$00000000) refers (Special) to libinit2.o(.ARM.Collect$$libinit$$0000001F) for __rt_lib_init_fp_trap_1
    libinit.o(.ARM.Collect$$libinit$$00000000) refers (Special) to libinit2.o(.ARM.Collect$$libinit$$00000023) for __rt_lib_init_getenv_1
    libinit.o(.ARM.Collect$$libinit$$00000000) refers (Special) to libinit2.o(.ARM.Collect$$libinit$$0000000A) for __rt_lib_init_heap_1
    libinit.o(.ARM.Collect$$libinit$$00000000) refers (Special) to libinit2.o(.ARM.Collect$$libinit$$00000011) for __rt_lib_init_lc_collate_1
    libinit.o(.ARM.Collect$$libinit$$00000000) refers (Special) to libinit2.o(.ARM.Collect$$libinit$$00000013) for __rt_lib_init_lc_ctype_1
    libinit.o(.ARM.Collect$$libinit$$00000000) refers (Special) to libinit2.o(.ARM.Collect$$libinit$$00000015) for __rt_lib_init_lc_monetary_1
    libinit.o(.ARM.Collect$$libinit$$00000000) refers (Special) to libinit2.o(.ARM.Collect$$libinit$$00000017) for __rt_lib_init_lc_numeric_1
    libinit.o(.ARM.Collect$$libinit$$00000000) refers (Special) to libinit2.o(.ARM.Collect$$libinit$$00000019) for __rt_lib_init_lc_time_1
    libinit.o(.ARM.Collect$$libinit$$00000000) refers (Special) to libinit2.o(.ARM.Collect$$libinit$$00000004) for __rt_lib_init_preinit_1
    libinit.o(.ARM.Collect$$libinit$$00000000) refers (Special) to libinit2.o(.ARM.Collect$$libinit$$0000000E) for __rt_lib_init_rand_1
    libinit.o(.ARM.Collect$$libinit$$00000000) refers (Special) to libinit2.o(.ARM.Collect$$libinit$$00000033) for __rt_lib_init_return
    libinit.o(.ARM.Collect$$libinit$$00000000) refers (Special) to libinit2.o(.ARM.Collect$$libinit$$0000001D) for __rt_lib_init_signal_1
    libinit.o(.ARM.Collect$$libinit$$00000000) refers (Special) to libinit2.o(.ARM.Collect$$libinit$$00000025) for __rt_lib_init_stdio_1
    libinit.o(.ARM.Collect$$libinit$$00000000) refers (Special) to libinit2.o(.ARM.Collect$$libinit$$0000000C) for __rt_lib_init_user_alloc_1
    libspace.o(.text) refers to libspace.o(.bss) for __libspace_start
    rtexit.o(.ARM.Collect$$rtexit$$00000000) refers (Special) to rtexit2.o(.ARM.Collect$$rtexit$$00000004) for __rt_exit_exit
    rtexit.o(.ARM.Collect$$rtexit$$00000000) refers (Special) to rtexit2.o(.ARM.Collect$$rtexit$$00000003) for __rt_exit_ls
    rtexit.o(.ARM.Collect$$rtexit$$00000000) refers (Special) to rtexit2.o(.ARM.Collect$$rtexit$$00000002) for __rt_exit_prels_1
    rtexit.o(.ARM.exidx) refers (Special) to rtexit2.o(.ARM.Collect$$rtexit$$00000004) for __rt_exit_exit
    rtexit.o(.ARM.exidx) refers (Special) to rtexit2.o(.ARM.Collect$$rtexit$$00000003) for __rt_exit_ls
    rtexit.o(.ARM.exidx) refers (Special) to rtexit2.o(.ARM.Collect$$rtexit$$00000002) for __rt_exit_prels_1
    rtexit.o(.ARM.exidx) refers to rtexit.o(.ARM.Collect$$rtexit$$00000000) for .ARM.Collect$$rtexit$$00000000
    libinit2.o(.ARM.Collect$$libinit$$00000010) refers to libinit2.o(.ARM.Collect$$libinit$$0000000F) for .ARM.Collect$$libinit$$0000000F
    libinit2.o(.ARM.Collect$$libinit$$00000012) refers to libinit2.o(.ARM.Collect$$libinit$$0000000F) for .ARM.Collect$$libinit$$0000000F
    libinit2.o(.ARM.Collect$$libinit$$00000014) refers to libinit2.o(.ARM.Collect$$libinit$$0000000F) for .ARM.Collect$$libinit$$0000000F
    libinit2.o(.ARM.Collect$$libinit$$00000016) refers to libinit2.o(.ARM.Collect$$libinit$$0000000F) for .ARM.Collect$$libinit$$0000000F
    libinit2.o(.ARM.Collect$$libinit$$00000018) refers to libinit2.o(.ARM.Collect$$libinit$$0000000F) for .ARM.Collect$$libinit$$0000000F
    libinit2.o(.ARM.Collect$$libinit$$00000026) refers to argv_veneer.o(.emb_text) for __ARM_argv_veneer
    libinit2.o(.ARM.Collect$$libinit$$00000027) refers to argv_veneer.o(.emb_text) for __ARM_argv_veneer
    rtexit2.o(.ARM.Collect$$rtexit$$00000003) refers to libshutdown.o(.ARM.Collect$$libshutdown$$00000000) for __rt_lib_shutdown
    rtexit2.o(.ARM.Collect$$rtexit$$00000004) refers to sys_exit.o(.text) for _sys_exit
    rtexit2.o(.ARM.exidx) refers to rtexit2.o(.ARM.Collect$$rtexit$$00000001) for .ARM.Collect$$rtexit$$00000001
    rtexit2.o(.ARM.exidx) refers to rtexit2.o(.ARM.Collect$$rtexit$$00000003) for .ARM.Collect$$rtexit$$00000003
    rtexit2.o(.ARM.exidx) refers to rtexit2.o(.ARM.Collect$$rtexit$$00000004) for .ARM.Collect$$rtexit$$00000004
    argv_veneer.o(.emb_text) refers to no_argv.o(.text) for __ARM_get_argv
    sys_exit.o(.text) refers (Special) to use_no_semi.o(.text) for __I$use$semihosting
    sys_exit.o(.text) refers (Special) to indicate_semi.o(.text) for __semihosting_library_function
    _get_argv_nomalloc.o(.text) refers (Special) to hrguard.o(.text) for __heap_region$guard
    _get_argv_nomalloc.o(.text) refers to defsig_rtmem_outer.o(.text) for __rt_SIGRTMEM
    _get_argv_nomalloc.o(.text) refers to sys_command.o(.text) for _sys_command_string
    libshutdown.o(.ARM.Collect$$libshutdown$$00000000) refers (Special) to libshutdown2.o(.ARM.Collect$$libshutdown$$00000002) for __rt_lib_shutdown_cpp_1
    libshutdown.o(.ARM.Collect$$libshutdown$$00000000) refers (Special) to libshutdown2.o(.ARM.Collect$$libshutdown$$00000007) for __rt_lib_shutdown_fp_trap_1
    libshutdown.o(.ARM.Collect$$libshutdown$$00000000) refers (Special) to libshutdown2.o(.ARM.Collect$$libshutdown$$0000000F) for __rt_lib_shutdown_heap_1
    libshutdown.o(.ARM.Collect$$libshutdown$$00000000) refers (Special) to libshutdown2.o(.ARM.Collect$$libshutdown$$00000010) for __rt_lib_shutdown_return
    libshutdown.o(.ARM.Collect$$libshutdown$$00000000) refers (Special) to libshutdown2.o(.ARM.Collect$$libshutdown$$0000000A) for __rt_lib_shutdown_signal_1
    libshutdown.o(.ARM.Collect$$libshutdown$$00000000) refers (Special) to libshutdown2.o(.ARM.Collect$$libshutdown$$00000004) for __rt_lib_shutdown_stdio_1
    libshutdown.o(.ARM.Collect$$libshutdown$$00000000) refers (Special) to libshutdown2.o(.ARM.Collect$$libshutdown$$0000000C) for __rt_lib_shutdown_user_alloc_1
    sys_command.o(.text) refers (Special) to use_no_semi.o(.text) for __I$use$semihosting
    sys_command.o(.text) refers (Special) to indicate_semi.o(.text) for __semihosting_library_function
    defsig_rtmem_outer.o(.text) refers to defsig_rtmem_inner.o(.text) for __rt_SIGRTMEM_inner
    defsig_rtmem_outer.o(.text) refers to defsig_exit.o(.text) for __sig_exit
    defsig_rtmem_formal.o(.text) refers to rt_raise.o(.text) for __rt_raise
    rt_raise.o(.text) refers to __raise.o(.text) for __raise
    rt_raise.o(.text) refers to sys_exit.o(.text) for _sys_exit
    defsig_exit.o(.text) refers to sys_exit.o(.text) for _sys_exit
    defsig_rtmem_inner.o(.text) refers to defsig_general.o(.text) for __default_signal_display
    __raise.o(.text) refers to defsig.o(CL$$defsig) for __default_signal_handler
    defsig_general.o(.text) refers to sys_wrch.o(.text) for _ttywrch
    sys_wrch.o(.text) refers (Special) to use_no_semi.o(.text) for __I$use$semihosting
    sys_wrch.o(.text) refers (Special) to indicate_semi.o(.text) for __semihosting_library_function
    defsig.o(CL$$defsig) refers to defsig_rtmem_inner.o(.text) for __rt_SIGRTMEM_inner
    defsig_abrt_inner.o(.text) refers to defsig_general.o(.text) for __default_signal_display
    defsig_fpe_inner.o(.text) refers to defsig_general.o(.text) for __default_signal_display
    defsig_rtred_inner.o(.text) refers to defsig_general.o(.text) for __default_signal_display
    defsig_stak_inner.o(.text) refers to defsig_general.o(.text) for __default_signal_display
    defsig_pvfn_inner.o(.text) refers to defsig_general.o(.text) for __default_signal_display
    defsig_cppl_inner.o(.text) refers to defsig_general.o(.text) for __default_signal_display
    defsig_segv_inner.o(.text) refers to defsig_general.o(.text) for __default_signal_display
    defsig_other.o(.text) refers to defsig_general.o(.text) for __default_signal_display


==============================================================================

Removing Unused input sections from the image.

    Removing bsp.o(i.BSP_Accelerometer_Init), (176 bytes).
    Removing bsp.o(i.BSP_Accelerometer_Input), (72 bytes).
    Removing bsp.o(i.BSP_Button1_Input), (12 bytes).
    Removing bsp.o(i.BSP_Button2_Input), (12 bytes).
    Removing bsp.o(i.BSP_Buzzer_Set), (32 bytes).
    Removing bsp.o(i.BSP_Joystick_Init), (304 bytes).
    Removing bsp.o(i.BSP_Joystick_Input), (64 bytes).
    Removing bsp.o(i.BSP_LCD_DrawBitmap), (288 bytes).
    Removing bsp.o(i.BSP_LCD_DrawCharS), (248 bytes).
    Removing bsp.o(i.BSP_LCD_OutUDec), (144 bytes).
    Removing bsp.o(i.BSP_LCD_OutUDec4), (136 bytes).
    Removing bsp.o(i.BSP_LCD_OutUDec5), (136 bytes).
    Removing bsp.o(i.BSP_LCD_OutUFix2_1), (112 bytes).
    Removing bsp.o(i.BSP_LCD_OutUHex2), (112 bytes).
    Removing bsp.o(i.BSP_LCD_SwapColor), (18 bytes).
    Removing bsp.o(i.BSP_LightSensor_End), (68 bytes).
    Removing bsp.o(i.BSP_LightSensor_Init), (84 bytes).
    Removing bsp.o(i.BSP_LightSensor_Input), (52 bytes).
    Removing bsp.o(i.BSP_LightSensor_Start), (28 bytes).
    Removing bsp.o(i.BSP_PeriodicTask_Init), (192 bytes).
    Removing bsp.o(i.BSP_PeriodicTask_InitB), (188 bytes).
    Removing bsp.o(i.BSP_PeriodicTask_InitC), (188 bytes).
    Removing bsp.o(i.BSP_PeriodicTask_Restart), (24 bytes).
    Removing bsp.o(i.BSP_PeriodicTask_Stop), (24 bytes).
    Removing bsp.o(i.BSP_PeriodicTask_StopB), (24 bytes).
    Removing bsp.o(i.BSP_PeriodicTask_StopC), (24 bytes).
    Removing bsp.o(i.BSP_RGB_D_Init), (344 bytes).
    Removing bsp.o(i.BSP_RGB_D_Set), (64 bytes).
    Removing bsp.o(i.BSP_RGB_D_Toggle), (60 bytes).
    Removing bsp.o(i.BSP_RGB_Set), (80 bytes).
    Removing bsp.o(i.BSP_TempSensor_End), (76 bytes).
    Removing bsp.o(i.BSP_TempSensor_Init), (84 bytes).
    Removing bsp.o(i.BSP_TempSensor_Input), (60 bytes).
    Removing bsp.o(i.BSP_TempSensor_Start), (28 bytes).
    Removing bsp.o(i.BSP_Time_Get), (16 bytes).
    Removing bsp.o(i.BSP_Time_Init), (100 bytes).
    Removing bsp.o(i.I2C_Recv2), (120 bytes).
    Removing bsp.o(i.I2C_Send1), (72 bytes).
    Removing bsp.o(i.I2C_Send3), (176 bytes).
    Removing bsp.o(i.fillmessage), (72 bytes).
    Removing bsp.o(i.fillmessage2_1), (96 bytes).
    Removing bsp.o(i.fillmessage2_Hex), (84 bytes).
    Removing bsp.o(i.fillmessage4), (100 bytes).
    Removing bsp.o(i.fillmessage5), (128 bytes).
    Removing bsp.o(i.i2cinit), (148 bytes).
    Removing bsp.o(i.lightsensorend), (80 bytes).
    Removing bsp.o(i.lightsensorstart), (36 bytes).
    Removing bsp.o(i.tempsensorend), (68 bytes).
    Removing bsp.o(i.tempsensorstart), (18 bytes).
    Removing bsp.o(.bss), (12 bytes).
    Removing os.o(.rev16_text), (4 bytes).
    Removing os.o(.revsh_text), (4 bytes).
    Removing os.o(.rrx_text), (6 bytes).
    Removing os.o(i.OS_MailBox_Init), (28 bytes).
    Removing os.o(i.OS_MailBox_Recv), (24 bytes).
    Removing os.o(i.OS_MailBox_Send), (48 bytes).
    Removing profile.o(i.Profile_Get), (76 bytes).
    Removing user.o(.rev16_text), (4 bytes).
    Removing user.o(.revsh_text), (4 bytes).
    Removing user.o(.rrx_text), (6 bytes).
    Removing system_tm4c123.o(.rev16_text), (4 bytes).
    Removing system_tm4c123.o(.revsh_text), (4 bytes).
    Removing system_tm4c123.o(.rrx_text), (6 bytes).
    Removing system_tm4c123.o(i.SystemCoreClockUpdate), (196 bytes).
    Removing system_tm4c123.o(i.SystemInit), (136 bytes).
    Removing system_tm4c123.o(i.getOscClk), (248 bytes).
    Removing system_tm4c123.o(.data), (4 bytes).
    Removing arm_common_tables.o(.text), (0 bytes).
    Removing arm_common_tables.o(.rodata.armBitRevTable), (2048 bytes).
    Removing arm_common_tables.o(.rodata.twiddleCoefF64_16), (256 bytes).
    Removing arm_common_tables.o(.rodata.twiddleCoefF64_32), (512 bytes).
    Removing arm_common_tables.o(.rodata.twiddleCoefF64_64), (1024 bytes).
    Removing arm_common_tables.o(.rodata.twiddleCoefF64_128), (2048 bytes).
    Removing arm_common_tables.o(.rodata.twiddleCoefF64_256), (4096 bytes).
    Removing arm_common_tables.o(.rodata.twiddleCoefF64_512), (8192 bytes).
    Removing arm_common_tables.o(.rodata.twiddleCoefF64_1024), (16384 bytes).
    Removing arm_common_tables.o(.rodata.twiddleCoefF64_2048), (32768 bytes).
    Removing arm_common_tables.o(.rodata.twiddleCoefF64_4096), (65536 bytes).
    Removing arm_common_tables.o(.rodata.twiddleCoef_16), (128 bytes).
    Removing arm_common_tables.o(.rodata.twiddleCoef_32), (256 bytes).
    Removing arm_common_tables.o(.rodata.twiddleCoef_64), (512 bytes).
    Removing arm_common_tables.o(.rodata.twiddleCoef_128), (1024 bytes).
    Removing arm_common_tables.o(.rodata.twiddleCoef_256), (2048 bytes).
    Removing arm_common_tables.o(.rodata.twiddleCoef_1024), (8192 bytes).
    Removing arm_common_tables.o(.rodata.twiddleCoef_2048), (16384 bytes).
    Removing arm_common_tables.o(.rodata.twiddleCoef_4096), (32768 bytes).
    Removing arm_common_tables.o(.rodata.twiddleCoef_16_q31), (96 bytes).
    Removing arm_common_tables.o(.rodata.twiddleCoef_32_q31), (192 bytes).
    Removing arm_common_tables.o(.rodata.twiddleCoef_64_q31), (384 bytes).
    Removing arm_common_tables.o(.rodata.twiddleCoef_128_q31), (768 bytes).
    Removing arm_common_tables.o(.rodata.twiddleCoef_256_q31), (1536 bytes).
    Removing arm_common_tables.o(.rodata.twiddleCoef_512_q31), (3072 bytes).
    Removing arm_common_tables.o(.rodata.twiddleCoef_1024_q31), (6144 bytes).
    Removing arm_common_tables.o(.rodata.twiddleCoef_2048_q31), (12288 bytes).
    Removing arm_common_tables.o(.rodata.twiddleCoef_4096_q31), (24576 bytes).
    Removing arm_common_tables.o(.rodata.twiddleCoef_16_q15), (48 bytes).
    Removing arm_common_tables.o(.rodata.twiddleCoef_32_q15), (96 bytes).
    Removing arm_common_tables.o(.rodata.twiddleCoef_64_q15), (192 bytes).
    Removing arm_common_tables.o(.rodata.twiddleCoef_128_q15), (384 bytes).
    Removing arm_common_tables.o(.rodata.twiddleCoef_256_q15), (768 bytes).
    Removing arm_common_tables.o(.rodata.twiddleCoef_512_q15), (1536 bytes).
    Removing arm_common_tables.o(.rodata.twiddleCoef_1024_q15), (3072 bytes).
    Removing arm_common_tables.o(.rodata.twiddleCoef_2048_q15), (6144 bytes).
    Removing arm_common_tables.o(.rodata.twiddleCoef_4096_q15), (12288 bytes).
    Removing arm_common_tables.o(.rodata.armBitRevIndexTableF64_16), (24 bytes).
    Removing arm_common_tables.o(.rodata.armBitRevIndexTableF64_32), (48 bytes).
    Removing arm_common_tables.o(.rodata.armBitRevIndexTableF64_64), (112 bytes).
    Removing arm_common_tables.o(.rodata.armBitRevIndexTableF64_128), (224 bytes).
    Removing arm_common_tables.o(.rodata.armBitRevIndexTableF64_256), (480 bytes).
    Removing arm_common_tables.o(.rodata.armBitRevIndexTableF64_512), (960 bytes).
    Removing arm_common_tables.o(.rodata.armBitRevIndexTableF64_1024), (1984 bytes).
    Removing arm_common_tables.o(.rodata.armBitRevIndexTableF64_2048), (3968 bytes).
    Removing arm_common_tables.o(.rodata.armBitRevIndexTableF64_4096), (8064 bytes).
    Removing arm_common_tables.o(.rodata.armBitRevIndexTable16), (40 bytes).
    Removing arm_common_tables.o(.rodata.armBitRevIndexTable32), (96 bytes).
    Removing arm_common_tables.o(.rodata.armBitRevIndexTable64), (112 bytes).
    Removing arm_common_tables.o(.rodata.armBitRevIndexTable128), (416 bytes).
    Removing arm_common_tables.o(.rodata.armBitRevIndexTable256), (880 bytes).
    Removing arm_common_tables.o(.rodata.armBitRevIndexTable1024), (3600 bytes).
    Removing arm_common_tables.o(.rodata.armBitRevIndexTable2048), (7616 bytes).
    Removing arm_common_tables.o(.rodata.armBitRevIndexTable4096), (8064 bytes).
    Removing arm_common_tables.o(.rodata.armBitRevIndexTable_fixed_16), (24 bytes).
    Removing arm_common_tables.o(.rodata.armBitRevIndexTable_fixed_32), (48 bytes).
    Removing arm_common_tables.o(.rodata.armBitRevIndexTable_fixed_64), (112 bytes).
    Removing arm_common_tables.o(.rodata.armBitRevIndexTable_fixed_128), (224 bytes).
    Removing arm_common_tables.o(.rodata.armBitRevIndexTable_fixed_256), (480 bytes).
    Removing arm_common_tables.o(.rodata.armBitRevIndexTable_fixed_512), (960 bytes).
    Removing arm_common_tables.o(.rodata.armBitRevIndexTable_fixed_1024), (1984 bytes).
    Removing arm_common_tables.o(.rodata.armBitRevIndexTable_fixed_2048), (3968 bytes).
    Removing arm_common_tables.o(.rodata.armBitRevIndexTable_fixed_4096), (8064 bytes).
    Removing arm_common_tables.o(.rodata.twiddleCoefF64_rfft_32), (256 bytes).
    Removing arm_common_tables.o(.rodata.twiddleCoefF64_rfft_64), (512 bytes).
    Removing arm_common_tables.o(.rodata.twiddleCoefF64_rfft_128), (1024 bytes).
    Removing arm_common_tables.o(.rodata.twiddleCoefF64_rfft_256), (2048 bytes).
    Removing arm_common_tables.o(.rodata.twiddleCoefF64_rfft_512), (4096 bytes).
    Removing arm_common_tables.o(.rodata.twiddleCoefF64_rfft_1024), (8192 bytes).
    Removing arm_common_tables.o(.rodata.twiddleCoefF64_rfft_2048), (16384 bytes).
    Removing arm_common_tables.o(.rodata.twiddleCoefF64_rfft_4096), (32768 bytes).
    Removing arm_common_tables.o(.rodata.twiddleCoef_rfft_32), (128 bytes).
    Removing arm_common_tables.o(.rodata.twiddleCoef_rfft_64), (256 bytes).
    Removing arm_common_tables.o(.rodata.twiddleCoef_rfft_128), (512 bytes).
    Removing arm_common_tables.o(.rodata.twiddleCoef_rfft_256), (1024 bytes).
    Removing arm_common_tables.o(.rodata.twiddleCoef_rfft_512), (2048 bytes).
    Removing arm_common_tables.o(.rodata.twiddleCoef_rfft_2048), (8192 bytes).
    Removing arm_common_tables.o(.rodata.twiddleCoef_rfft_4096), (16384 bytes).
    Removing arm_common_tables.o(.rodata.realCoefA), (32768 bytes).
    Removing arm_common_tables.o(.rodata.realCoefB), (32768 bytes).
    Removing arm_common_tables.o(.rodata.realCoefAQ31), (32768 bytes).
    Removing arm_common_tables.o(.rodata.realCoefBQ31), (32768 bytes).
    Removing arm_common_tables.o(.rodata.realCoefAQ15), (16384 bytes).
    Removing arm_common_tables.o(.rodata.realCoefBQ15), (16384 bytes).
    Removing arm_common_tables.o(.rodata.Weights_128), (1024 bytes).
    Removing arm_common_tables.o(.rodata.cos_factors_128), (512 bytes).
    Removing arm_common_tables.o(.rodata.Weights_512), (4096 bytes).
    Removing arm_common_tables.o(.rodata.cos_factors_512), (2048 bytes).
    Removing arm_common_tables.o(.rodata.Weights_2048), (16384 bytes).
    Removing arm_common_tables.o(.rodata.cos_factors_2048), (8192 bytes).
    Removing arm_common_tables.o(.rodata.Weights_8192), (65536 bytes).
    Removing arm_common_tables.o(.rodata.cos_factors_8192), (32768 bytes).
    Removing arm_common_tables.o(.rodata.WeightsQ15_128), (512 bytes).
    Removing arm_common_tables.o(.rodata.cos_factorsQ15_128), (256 bytes).
    Removing arm_common_tables.o(.rodata.WeightsQ15_512), (2048 bytes).
    Removing arm_common_tables.o(.rodata.cos_factorsQ15_512), (1024 bytes).
    Removing arm_common_tables.o(.rodata.WeightsQ15_2048), (8192 bytes).
    Removing arm_common_tables.o(.rodata.cos_factorsQ15_2048), (4096 bytes).
    Removing arm_common_tables.o(.rodata.WeightsQ15_8192), (32768 bytes).
    Removing arm_common_tables.o(.rodata.cos_factorsQ15_8192), (16384 bytes).
    Removing arm_common_tables.o(.rodata.WeightsQ31_128), (1024 bytes).
    Removing arm_common_tables.o(.rodata.cos_factorsQ31_128), (512 bytes).
    Removing arm_common_tables.o(.rodata.WeightsQ31_512), (4096 bytes).
    Removing arm_common_tables.o(.rodata.cos_factorsQ31_512), (2048 bytes).
    Removing arm_common_tables.o(.rodata.WeightsQ31_2048), (16384 bytes).
    Removing arm_common_tables.o(.rodata.cos_factorsQ31_2048), (8192 bytes).
    Removing arm_common_tables.o(.rodata.WeightsQ31_8192), (65536 bytes).
    Removing arm_common_tables.o(.rodata.cos_factorsQ31_8192), (32768 bytes).
    Removing arm_common_tables.o(.rodata.armRecipTableQ15), (128 bytes).
    Removing arm_common_tables.o(.rodata.armRecipTableQ31), (256 bytes).
    Removing arm_common_tables.o(.rodata.sinTable_f32), (2052 bytes).
    Removing arm_common_tables.o(.rodata.sinTable_q31), (2052 bytes).
    Removing arm_common_tables.o(.rodata.sinTable_q15), (1026 bytes).

180 unused section(s) (total 915576 bytes) removed from the image.

==============================================================================

Image Symbol Table

    Local Symbols

    Symbol Name                              Value     Ov Type        Size  Object(Section)

    RESET                                    0x00000000   Section      620  startup_tm4c123.o(RESET)
    ../clib/angel/boardlib.s                 0x00000000   Number         0  boardshut.o ABSOLUTE
    ../clib/angel/boardlib.s                 0x00000000   Number         0  boardinit3.o ABSOLUTE
    ../clib/angel/boardlib.s                 0x00000000   Number         0  boardinit2.o ABSOLUTE
    ../clib/angel/boardlib.s                 0x00000000   Number         0  boardinit1.o ABSOLUTE
    ../clib/angel/handlers.s                 0x00000000   Number         0  __scatter_copy.o ABSOLUTE
    ../clib/angel/handlers.s                 0x00000000   Number         0  __scatter_zi.o ABSOLUTE
    ../clib/angel/kernel.s                   0x00000000   Number         0  __rtentry.o ABSOLUTE
    ../clib/angel/kernel.s                   0x00000000   Number         0  __rtentry2.o ABSOLUTE
    ../clib/angel/kernel.s                   0x00000000   Number         0  __rtentry4.o ABSOLUTE
    ../clib/angel/kernel.s                   0x00000000   Number         0  rtexit2.o ABSOLUTE
    ../clib/angel/kernel.s                   0x00000000   Number         0  rtexit.o ABSOLUTE
    ../clib/angel/rt.s                       0x00000000   Number         0  rt_raise.o ABSOLUTE
    ../clib/angel/scatter.s                  0x00000000   Number         0  __scatter.o ABSOLUTE
    ../clib/angel/startup.s                  0x00000000   Number         0  __main.o ABSOLUTE
    ../clib/angel/sys.s                      0x00000000   Number         0  indicate_semi.o ABSOLUTE
    ../clib/angel/sys.s                      0x00000000   Number         0  use_no_semi.o ABSOLUTE
    ../clib/angel/sys.s                      0x00000000   Number         0  sys_stackheap_outer.o ABSOLUTE
    ../clib/angel/sys.s                      0x00000000   Number         0  libspace.o ABSOLUTE
    ../clib/angel/sysapp.c                   0x00000000   Number         0  sys_wrch.o ABSOLUTE
    ../clib/angel/sysapp.c                   0x00000000   Number         0  sys_command.o ABSOLUTE
    ../clib/angel/sysapp.c                   0x00000000   Number         0  sys_exit.o ABSOLUTE
    ../clib/armsys.c                         0x00000000   Number         0  no_argv.o ABSOLUTE
    ../clib/armsys.c                         0x00000000   Number         0  argv_veneer.o ABSOLUTE
    ../clib/armsys.c                         0x00000000   Number         0  argv_veneer.o ABSOLUTE
    ../clib/armsys.c                         0x00000000   Number         0  _get_argv_nomalloc.o ABSOLUTE
    ../clib/heapalloc.c                      0x00000000   Number         0  hrguard.o ABSOLUTE
    ../clib/heapaux.c                        0x00000000   Number         0  heapauxi.o ABSOLUTE
    ../clib/libinit.s                        0x00000000   Number         0  libinit2.o ABSOLUTE
    ../clib/libinit.s                        0x00000000   Number         0  libshutdown.o ABSOLUTE
    ../clib/libinit.s                        0x00000000   Number         0  libinit.o ABSOLUTE
    ../clib/libinit.s                        0x00000000   Number         0  libshutdown2.o ABSOLUTE
    ../clib/signal.c                         0x00000000   Number         0  defsig_stak_inner.o ABSOLUTE
    ../clib/signal.c                         0x00000000   Number         0  defsig_segv_inner.o ABSOLUTE
    ../clib/signal.c                         0x00000000   Number         0  defsig_cppl_inner.o ABSOLUTE
    ../clib/signal.c                         0x00000000   Number         0  defsig_pvfn_inner.o ABSOLUTE
    ../clib/signal.c                         0x00000000   Number         0  defsig_rtred_inner.o ABSOLUTE
    ../clib/signal.c                         0x00000000   Number         0  defsig_fpe_inner.o ABSOLUTE
    ../clib/signal.c                         0x00000000   Number         0  defsig_abrt_inner.o ABSOLUTE
    ../clib/signal.c                         0x00000000   Number         0  defsig_other.o ABSOLUTE
    ../clib/signal.c                         0x00000000   Number         0  defsig_general.o ABSOLUTE
    ../clib/signal.c                         0x00000000   Number         0  __raise.o ABSOLUTE
    ../clib/signal.c                         0x00000000   Number         0  defsig_exit.o ABSOLUTE
    ../clib/signal.c                         0x00000000   Number         0  defsig_rtmem_formal.o ABSOLUTE
    ../clib/signal.c                         0x00000000   Number         0  defsig_rtmem_outer.o ABSOLUTE
    ../clib/signal.c                         0x00000000   Number         0  defsig_rtmem_inner.o ABSOLUTE
    ../clib/signal.s                         0x00000000   Number         0  defsig.o ABSOLUTE
    ../clib/stdlib.c                         0x00000000   Number         0  exit.o ABSOLUTE
    ../fplib/fpinit.s                        0x00000000   Number         0  fpinit.o ABSOLUTE
    ..\\inc\\BSP.c                           0x00000000   Number         0  bsp.o ABSOLUTE
    ..\inc\BSP.c                             0x00000000   Number         0  bsp.o ABSOLUTE
    ..\inc\Profile.c                         0x00000000   Number         0  profile.o ABSOLUTE
    RTE\Device\TM4C123GH6PM\startup_TM4C123.s 0x00000000   Number         0  startup_tm4c123.o ABSOLUTE
    RTE\Device\TM4C123GH6PM\system_TM4C123.c 0x00000000   Number         0  system_tm4c123.o ABSOLUTE
    RTE\\Device\\TM4C123GH6PM\\system_TM4C123.c 0x00000000   Number         0  system_tm4c123.o ABSOLUTE
    arm_common_tables.c                      0x00000000   Number         0  arm_common_tables.o ABSOLUTE
    dc.s                                     0x00000000   Number         0  dc.o ABSOLUTE
    os.c                                     0x00000000   Number         0  os.o ABSOLUTE
    os.c                                     0x00000000   Number         0  os.o ABSOLUTE
    osasm.s                                  0x00000000   Number         0  osasm.o ABSOLUTE
    user.c                                   0x00000000   Number         0  user.o ABSOLUTE
    user.c                                   0x00000000   Number         0  user.o ABSOLUTE
    !!!main                                  0x0000026c   Section        8  __main.o(!!!main)
    !!!scatter                               0x00000274   Section       52  __scatter.o(!!!scatter)
    !!handler_copy                           0x000002a8   Section       26  __scatter_copy.o(!!handler_copy)
    !!handler_zi                             0x000002c4   Section       28  __scatter_zi.o(!!handler_zi)
    .ARM.Collect$$libinit$$00000000          0x000002e0   Section        2  libinit.o(.ARM.Collect$$libinit$$00000000)
    .ARM.Collect$$libinit$$00000002          0x000002e2   Section        0  libinit2.o(.ARM.Collect$$libinit$$00000002)
    .ARM.Collect$$libinit$$00000004          0x000002e2   Section        0  libinit2.o(.ARM.Collect$$libinit$$00000004)
    .ARM.Collect$$libinit$$0000000A          0x000002e2   Section        0  libinit2.o(.ARM.Collect$$libinit$$0000000A)
    .ARM.Collect$$libinit$$0000000C          0x000002e2   Section        0  libinit2.o(.ARM.Collect$$libinit$$0000000C)
    .ARM.Collect$$libinit$$0000000E          0x000002e2   Section        0  libinit2.o(.ARM.Collect$$libinit$$0000000E)
    .ARM.Collect$$libinit$$00000011          0x000002e2   Section        0  libinit2.o(.ARM.Collect$$libinit$$00000011)
    .ARM.Collect$$libinit$$00000013          0x000002e2   Section        0  libinit2.o(.ARM.Collect$$libinit$$00000013)
    .ARM.Collect$$libinit$$00000015          0x000002e2   Section        0  libinit2.o(.ARM.Collect$$libinit$$00000015)
    .ARM.Collect$$libinit$$00000017          0x000002e2   Section        0  libinit2.o(.ARM.Collect$$libinit$$00000017)
    .ARM.Collect$$libinit$$00000019          0x000002e2   Section        0  libinit2.o(.ARM.Collect$$libinit$$00000019)
    .ARM.Collect$$libinit$$0000001B          0x000002e2   Section        0  libinit2.o(.ARM.Collect$$libinit$$0000001B)
    .ARM.Collect$$libinit$$0000001D          0x000002e2   Section        0  libinit2.o(.ARM.Collect$$libinit$$0000001D)
    .ARM.Collect$$libinit$$0000001F          0x000002e2   Section        0  libinit2.o(.ARM.Collect$$libinit$$0000001F)
    .ARM.Collect$$libinit$$00000021          0x000002e2   Section        0  libinit2.o(.ARM.Collect$$libinit$$00000021)
    .ARM.Collect$$libinit$$00000023          0x000002e2   Section        0  libinit2.o(.ARM.Collect$$libinit$$00000023)
    .ARM.Collect$$libinit$$00000025          0x000002e2   Section        0  libinit2.o(.ARM.Collect$$libinit$$00000025)
    .ARM.Collect$$libinit$$0000002C          0x000002e2   Section        0  libinit2.o(.ARM.Collect$$libinit$$0000002C)
    .ARM.Collect$$libinit$$0000002E          0x000002e2   Section        0  libinit2.o(.ARM.Collect$$libinit$$0000002E)
    .ARM.Collect$$libinit$$00000030          0x000002e2   Section        0  libinit2.o(.ARM.Collect$$libinit$$00000030)
    .ARM.Collect$$libinit$$00000032          0x000002e2   Section        0  libinit2.o(.ARM.Collect$$libinit$$00000032)
    .ARM.Collect$$libinit$$00000033          0x000002e2   Section        2  libinit2.o(.ARM.Collect$$libinit$$00000033)
    .ARM.Collect$$libshutdown$$00000000      0x000002e4   Section        2  libshutdown.o(.ARM.Collect$$libshutdown$$00000000)
    .ARM.Collect$$libshutdown$$00000002      0x000002e6   Section        0  libshutdown2.o(.ARM.Collect$$libshutdown$$00000002)
    .ARM.Collect$$libshutdown$$00000004      0x000002e6   Section        0  libshutdown2.o(.ARM.Collect$$libshutdown$$00000004)
    .ARM.Collect$$libshutdown$$00000007      0x000002e6   Section        0  libshutdown2.o(.ARM.Collect$$libshutdown$$00000007)
    .ARM.Collect$$libshutdown$$0000000A      0x000002e6   Section        0  libshutdown2.o(.ARM.Collect$$libshutdown$$0000000A)
    .ARM.Collect$$libshutdown$$0000000C      0x000002e6   Section        0  libshutdown2.o(.ARM.Collect$$libshutdown$$0000000C)
    .ARM.Collect$$libshutdown$$0000000F      0x000002e6   Section        0  libshutdown2.o(.ARM.Collect$$libshutdown$$0000000F)
    .ARM.Collect$$libshutdown$$00000010      0x000002e6   Section        2  libshutdown2.o(.ARM.Collect$$libshutdown$$00000010)
    .ARM.Collect$$rtentry$$00000000          0x000002e8   Section        0  __rtentry.o(.ARM.Collect$$rtentry$$00000000)
    .ARM.Collect$$rtentry$$00000002          0x000002e8   Section        0  __rtentry2.o(.ARM.Collect$$rtentry$$00000002)
    .ARM.Collect$$rtentry$$00000004          0x000002e8   Section        6  __rtentry4.o(.ARM.Collect$$rtentry$$00000004)
    .ARM.Collect$$rtentry$$00000009          0x000002ee   Section        0  __rtentry2.o(.ARM.Collect$$rtentry$$00000009)
    .ARM.Collect$$rtentry$$0000000A          0x000002ee   Section        4  __rtentry2.o(.ARM.Collect$$rtentry$$0000000A)
    .ARM.Collect$$rtentry$$0000000C          0x000002f2   Section        0  __rtentry2.o(.ARM.Collect$$rtentry$$0000000C)
    .ARM.Collect$$rtentry$$0000000D          0x000002f2   Section        8  __rtentry2.o(.ARM.Collect$$rtentry$$0000000D)
    .ARM.Collect$$rtexit$$00000000           0x000002fa   Section        2  rtexit.o(.ARM.Collect$$rtexit$$00000000)
    .ARM.Collect$$rtexit$$00000002           0x000002fc   Section        0  rtexit2.o(.ARM.Collect$$rtexit$$00000002)
    .ARM.Collect$$rtexit$$00000003           0x000002fc   Section        4  rtexit2.o(.ARM.Collect$$rtexit$$00000003)
    .ARM.Collect$$rtexit$$00000004           0x00000300   Section        6  rtexit2.o(.ARM.Collect$$rtexit$$00000004)
    .emb_text                                0x00000308   Section        6  bsp.o(.emb_text)
    .text                                    0x00000310   Section       72  osasm.o(.text)
    .text                                    0x00000358   Section      292  startup_tm4c123.o(.text)
    .text                                    0x0000047c   Section        0  heapauxi.o(.text)
    .text                                    0x00000482   Section       74  sys_stackheap_outer.o(.text)
    .text                                    0x000004cc   Section        0  exit.o(.text)
    .text                                    0x000004e0   Section        8  libspace.o(.text)
    .text                                    0x000004e8   Section        0  sys_exit.o(.text)
    .text                                    0x000004f4   Section        2  use_no_semi.o(.text)
    .text                                    0x000004f6   Section        0  indicate_semi.o(.text)
    i.BSP_Button1_Init                       0x000004f8   Section        0  bsp.o(i.BSP_Button1_Init)
    i.BSP_Button2_Init                       0x00000578   Section        0  bsp.o(i.BSP_Button2_Init)
    i.BSP_Buzzer_Init                        0x00000608   Section        0  bsp.o(i.BSP_Buzzer_Init)
    i.BSP_Clock_GetFreq                      0x000006dc   Section        0  bsp.o(i.BSP_Clock_GetFreq)
    i.BSP_Clock_InitFastest                  0x000006e8   Section        0  bsp.o(i.BSP_Clock_InitFastest)
    i.BSP_Delay1ms                           0x00000774   Section        0  bsp.o(i.BSP_Delay1ms)
    i.BSP_LCD_Color565                       0x0000078a   Section        0  bsp.o(i.BSP_LCD_Color565)
    i.BSP_LCD_DrawChar                       0x000007a4   Section        0  bsp.o(i.BSP_LCD_DrawChar)
    i.BSP_LCD_DrawFastHLine                  0x000008b4   Section        0  bsp.o(i.BSP_LCD_DrawFastHLine)
    i.BSP_LCD_DrawFastVLine                  0x00000930   Section        0  bsp.o(i.BSP_LCD_DrawFastVLine)
    i.BSP_LCD_DrawPixel                      0x000009ac   Section        0  bsp.o(i.BSP_LCD_DrawPixel)
    i.BSP_LCD_DrawString                     0x000009f4   Section        0  bsp.o(i.BSP_LCD_DrawString)
    i.BSP_LCD_Drawaxes                       0x00000a4c   Section        0  bsp.o(i.BSP_LCD_Drawaxes)
    i.BSP_LCD_FillRect                       0x00000b70   Section        0  bsp.o(i.BSP_LCD_FillRect)
    i.BSP_LCD_FillScreen                     0x00000c1c   Section        0  bsp.o(i.BSP_LCD_FillScreen)
    i.BSP_LCD_Init                           0x00000c40   Section        0  bsp.o(i.BSP_LCD_Init)
    i.BSP_LCD_PlotIncrement                  0x00000c4c   Section        0  bsp.o(i.BSP_LCD_PlotIncrement)
    i.BSP_LCD_PlotPoint                      0x00000c84   Section        0  bsp.o(i.BSP_LCD_PlotPoint)
    i.BSP_LCD_SetCursor                      0x00000ce8   Section        0  bsp.o(i.BSP_LCD_SetCursor)
    i.BSP_Microphone_Init                    0x00000d08   Section        0  bsp.o(i.BSP_Microphone_Init)
    i.BSP_Microphone_Input                   0x00000db4   Section        0  bsp.o(i.BSP_Microphone_Input)
    i.BSP_RGB_Init                           0x00000de0   Section        0  bsp.o(i.BSP_RGB_Init)
    i.Get_Mag                                0x00001020   Section        0  user.o(i.Get_Mag)
    i.OS_AddPeriodicEventThreads             0x00001044   Section        0  os.o(i.OS_AddPeriodicEventThreads)
    i.OS_AddThreads                          0x0000105c   Section        0  os.o(i.OS_AddThreads)
    i.OS_Init                                0x000010c0   Section        0  os.o(i.OS_Init)
    i.OS_InitSemaphore                       0x000010d8   Section        0  os.o(i.OS_InitSemaphore)
    i.OS_Launch                              0x000010dc   Section        0  os.o(i.OS_Launch)
    i.OS_Signal                              0x00001110   Section        0  os.o(i.OS_Signal)
    i.OS_Wait                                0x00001124   Section        0  os.o(i.OS_Wait)
    i.Profile_Init                           0x00001148   Section        0  profile.o(i.Profile_Init)
    i.ST7735_InitR                           0x0000131c   Section        0  bsp.o(i.ST7735_InitR)
    ST7735_InitR                             0x0000131d   Thumb Code    86  bsp.o(i.ST7735_InitR)
    i.Scheduler                              0x00001390   Section        0  os.o(i.Scheduler)
    i.SetInitialStack                        0x000013cc   Section        0  os.o(i.SetInitialStack)
    i.Task0                                  0x00001518   Section        0  user.o(i.Task0)
    i.Task0_Init                             0x00001570   Section        0  user.o(i.Task0_Init)
    i.Task1                                  0x00001578   Section        0  user.o(i.Task1)
    i.Task2                                  0x000015c8   Section        0  user.o(i.Task2)
    i.Task3                                  0x000015f0   Section        0  user.o(i.Task3)
    i.WideTimer3A_Handler                    0x00001654   Section        0  bsp.o(i.WideTimer3A_Handler)
    i.WideTimer4A_Handler                    0x0000166c   Section        0  bsp.o(i.WideTimer4A_Handler)
    i.WideTimer5A_Handler                    0x00001684   Section        0  bsp.o(i.WideTimer5A_Handler)
    i.adcinit                                0x0000169c   Section        0  bsp.o(i.adcinit)
    adcinit                                  0x0000169d   Thumb Code    58  bsp.o(i.adcinit)
    i.commandList                            0x000016e8   Section        0  bsp.o(i.commandList)
    commandList                              0x000016e9   Thumb Code    86  bsp.o(i.commandList)
    i.commonInit                             0x00001740   Section        0  bsp.o(i.commonInit)
    commonInit                               0x00001741   Thumb Code   452  bsp.o(i.commonInit)
    i.drawaxes                               0x00001944   Section        0  user.o(i.drawaxes)
    i.main                                   0x00001998   Section        0  user.o(i.main)
    i.pushColor                              0x00001a2c   Section        0  bsp.o(i.pushColor)
    pushColor                                0x00001a2d   Thumb Code    18  bsp.o(i.pushColor)
    i.rfft_fast_init_1024_f32                0x00001a40   Section        0  os.o(i.rfft_fast_init_1024_f32)
    i.setAddrWindow                          0x00001a70   Section        0  bsp.o(i.setAddrWindow)
    setAddrWindow                            0x00001a71   Thumb Code   106  bsp.o(i.setAddrWindow)
    i.writecommand                           0x00001ae4   Section        0  bsp.o(i.writecommand)
    writecommand                             0x00001ae5   Thumb Code    62  bsp.o(i.writecommand)
    i.writedata                              0x00001b2c   Section        0  bsp.o(i.writedata)
    writedata                                0x00001b2d   Thumb Code    64  bsp.o(i.writedata)
    .constdata                               0x00001b74   Section     1403  bsp.o(.constdata)
    Font                                     0x00001b74   Data        1275  bsp.o(.constdata)
    Rcmd1                                    0x0000206f   Data          59  bsp.o(.constdata)
    Rcmd2green                               0x000020aa   Data          13  bsp.o(.constdata)
    Rcmd2red                                 0x000020b7   Data          13  bsp.o(.constdata)
    Rcmd3                                    0x000020c4   Data          43  bsp.o(.constdata)
    .data                                    0x20000000   Section       68  bsp.o(.data)
    ClockFrequency                           0x20000000   Data           4  bsp.o(.data)
    PWMCycles                                0x20000004   Data           2  bsp.o(.data)
    ColStart                                 0x20000012   Data           1  bsp.o(.data)
    RowStart                                 0x20000013   Data           1  bsp.o(.data)
    _width                                   0x20000014   Data           2  bsp.o(.data)
    _height                                  0x20000016   Data           2  bsp.o(.data)
    .data                                    0x20000044   Section       32  os.o(.data)
    .data                                    0x20000064   Section       40  user.o(.data)
    soundSum                                 0x20000084   Data           4  user.o(.data)
    time                                     0x20000088   Data           4  user.o(.data)
    .bss                                     0x2000008c   Section     1224  os.o(.bss)
    .bss                                     0x20000554   Section     4120  user.o(.bss)
    .bss                                     0x2000156c   Section       96  libspace.o(.bss)
    HEAP                                     0x200015d0   Section        0  startup_tm4c123.o(HEAP)
    STACK                                    0x200015d0   Section      512  startup_tm4c123.o(STACK)
    Heap_Mem                                 0x200015d0   Data           0  startup_tm4c123.o(HEAP)
    Stack_Mem                                0x200015d0   Data         512  startup_tm4c123.o(STACK)
    __initial_sp                             0x200017d0   Data           0  startup_tm4c123.o(STACK)

    Global Symbols

    Symbol Name                              Value     Ov Type        Size  Object(Section)

    BuildAttributes$$THM_ISAv4$E$P$D$K$B$S$7EM$PE$A:L22UL41UL21$X:L11$S22US41US21$IEEE1$IW$USESV6$~STKCKD$USESV7$~SHL$OSPACE$ROPI$EBA8$UX$STANDARDLIB$REQ8$PRES8$EABIv2 0x00000000   Number         0  anon$$obj.o ABSOLUTE
    __ARM_use_no_argv                        0x00000000   Number         0  user.o ABSOLUTE
    __Vectors                                0x00000000   Data           4  startup_tm4c123.o(RESET)
    __ARM_exceptions_init                     - Undefined Weak Reference
    __alloca_initialize                       - Undefined Weak Reference
    __arm_preinit_                            - Undefined Weak Reference
    __cpp_initialize__aeabi_                  - Undefined Weak Reference
    __cxa_finalize                            - Undefined Weak Reference
    __rt_locale                               - Undefined Weak Reference
    __sigvec_lookup                           - Undefined Weak Reference
    _atexit_init                              - Undefined Weak Reference
    _call_atexit_fns                          - Undefined Weak Reference
    _clock_init                               - Undefined Weak Reference
    _fp_trap_init                             - Undefined Weak Reference
    _fp_trap_shutdown                         - Undefined Weak Reference
    _get_lc_collate                           - Undefined Weak Reference
    _get_lc_ctype                             - Undefined Weak Reference
    _get_lc_monetary                          - Undefined Weak Reference
    _get_lc_numeric                           - Undefined Weak Reference
    _get_lc_time                              - Undefined Weak Reference
    _getenv_init                              - Undefined Weak Reference
    _handle_redirection                       - Undefined Weak Reference
    _init_alloc                               - Undefined Weak Reference
    _init_user_alloc                          - Undefined Weak Reference
    _initio                                   - Undefined Weak Reference
    _rand_init                                - Undefined Weak Reference
    _signal_finish                            - Undefined Weak Reference
    _signal_init                              - Undefined Weak Reference
    _terminate_alloc                          - Undefined Weak Reference
    _terminate_user_alloc                     - Undefined Weak Reference
    _terminateio                              - Undefined Weak Reference
    __Vectors_End                            0x0000026c   Data           0  startup_tm4c123.o(RESET)
    __Vectors_Size                           0x0000026c   Number         0  startup_tm4c123.o ABSOLUTE
    __main                                   0x0000026d   Thumb Code     8  __main.o(!!!main)
    __scatterload                            0x00000275   Thumb Code     0  __scatter.o(!!!scatter)
    __scatterload_rt2                        0x00000275   Thumb Code    44  __scatter.o(!!!scatter)
    __scatterload_rt2_thumb_only             0x00000275   Thumb Code     0  __scatter.o(!!!scatter)
    __scatterload_null                       0x00000283   Thumb Code     0  __scatter.o(!!!scatter)
    __scatterload_copy                       0x000002a9   Thumb Code    26  __scatter_copy.o(!!handler_copy)
    __scatterload_zeroinit                   0x000002c5   Thumb Code    28  __scatter_zi.o(!!handler_zi)
    __rt_lib_init                            0x000002e1   Thumb Code     0  libinit.o(.ARM.Collect$$libinit$$00000000)
    __rt_lib_init_alloca_1                   0x000002e3   Thumb Code     0  libinit2.o(.ARM.Collect$$libinit$$0000002E)
    __rt_lib_init_argv_1                     0x000002e3   Thumb Code     0  libinit2.o(.ARM.Collect$$libinit$$0000002C)
    __rt_lib_init_atexit_1                   0x000002e3   Thumb Code     0  libinit2.o(.ARM.Collect$$libinit$$0000001B)
    __rt_lib_init_clock_1                    0x000002e3   Thumb Code     0  libinit2.o(.ARM.Collect$$libinit$$00000021)
    __rt_lib_init_cpp_1                      0x000002e3   Thumb Code     0  libinit2.o(.ARM.Collect$$libinit$$00000032)
    __rt_lib_init_exceptions_1               0x000002e3   Thumb Code     0  libinit2.o(.ARM.Collect$$libinit$$00000030)
    __rt_lib_init_fp_1                       0x000002e3   Thumb Code     0  libinit2.o(.ARM.Collect$$libinit$$00000002)
    __rt_lib_init_fp_trap_1                  0x000002e3   Thumb Code     0  libinit2.o(.ARM.Collect$$libinit$$0000001F)
    __rt_lib_init_getenv_1                   0x000002e3   Thumb Code     0  libinit2.o(.ARM.Collect$$libinit$$00000023)
    __rt_lib_init_heap_1                     0x000002e3   Thumb Code     0  libinit2.o(.ARM.Collect$$libinit$$0000000A)
    __rt_lib_init_lc_collate_1               0x000002e3   Thumb Code     0  libinit2.o(.ARM.Collect$$libinit$$00000011)
    __rt_lib_init_lc_ctype_1                 0x000002e3   Thumb Code     0  libinit2.o(.ARM.Collect$$libinit$$00000013)
    __rt_lib_init_lc_monetary_1              0x000002e3   Thumb Code     0  libinit2.o(.ARM.Collect$$libinit$$00000015)
    __rt_lib_init_lc_numeric_1               0x000002e3   Thumb Code     0  libinit2.o(.ARM.Collect$$libinit$$00000017)
    __rt_lib_init_lc_time_1                  0x000002e3   Thumb Code     0  libinit2.o(.ARM.Collect$$libinit$$00000019)
    __rt_lib_init_preinit_1                  0x000002e3   Thumb Code     0  libinit2.o(.ARM.Collect$$libinit$$00000004)
    __rt_lib_init_rand_1                     0x000002e3   Thumb Code     0  libinit2.o(.ARM.Collect$$libinit$$0000000E)
    __rt_lib_init_return                     0x000002e3   Thumb Code     0  libinit2.o(.ARM.Collect$$libinit$$00000033)
    __rt_lib_init_signal_1                   0x000002e3   Thumb Code     0  libinit2.o(.ARM.Collect$$libinit$$0000001D)
    __rt_lib_init_stdio_1                    0x000002e3   Thumb Code     0  libinit2.o(.ARM.Collect$$libinit$$00000025)
    __rt_lib_init_user_alloc_1               0x000002e3   Thumb Code     0  libinit2.o(.ARM.Collect$$libinit$$0000000C)
    __rt_lib_shutdown                        0x000002e5   Thumb Code     0  libshutdown.o(.ARM.Collect$$libshutdown$$00000000)
    __rt_lib_shutdown_cpp_1                  0x000002e7   Thumb Code     0  libshutdown2.o(.ARM.Collect$$libshutdown$$00000002)
    __rt_lib_shutdown_fp_trap_1              0x000002e7   Thumb Code     0  libshutdown2.o(.ARM.Collect$$libshutdown$$00000007)
    __rt_lib_shutdown_heap_1                 0x000002e7   Thumb Code     0  libshutdown2.o(.ARM.Collect$$libshutdown$$0000000F)
    __rt_lib_shutdown_return                 0x000002e7   Thumb Code     0  libshutdown2.o(.ARM.Collect$$libshutdown$$00000010)
    __rt_lib_shutdown_signal_1               0x000002e7   Thumb Code     0  libshutdown2.o(.ARM.Collect$$libshutdown$$0000000A)
    __rt_lib_shutdown_stdio_1                0x000002e7   Thumb Code     0  libshutdown2.o(.ARM.Collect$$libshutdown$$00000004)
    __rt_lib_shutdown_user_alloc_1           0x000002e7   Thumb Code     0  libshutdown2.o(.ARM.Collect$$libshutdown$$0000000C)
    __rt_entry                               0x000002e9   Thumb Code     0  __rtentry.o(.ARM.Collect$$rtentry$$00000000)
    __rt_entry_presh_1                       0x000002e9   Thumb Code     0  __rtentry2.o(.ARM.Collect$$rtentry$$00000002)
    __rt_entry_sh                            0x000002e9   Thumb Code     0  __rtentry4.o(.ARM.Collect$$rtentry$$00000004)
    __rt_entry_li                            0x000002ef   Thumb Code     0  __rtentry2.o(.ARM.Collect$$rtentry$$0000000A)
    __rt_entry_postsh_1                      0x000002ef   Thumb Code     0  __rtentry2.o(.ARM.Collect$$rtentry$$00000009)
    __rt_entry_main                          0x000002f3   Thumb Code     0  __rtentry2.o(.ARM.Collect$$rtentry$$0000000D)
    __rt_entry_postli_1                      0x000002f3   Thumb Code     0  __rtentry2.o(.ARM.Collect$$rtentry$$0000000C)
    __rt_exit                                0x000002fb   Thumb Code     0  rtexit.o(.ARM.Collect$$rtexit$$00000000)
    __rt_exit_ls                             0x000002fd   Thumb Code     0  rtexit2.o(.ARM.Collect$$rtexit$$00000003)
    __rt_exit_prels_1                        0x000002fd   Thumb Code     0  rtexit2.o(.ARM.Collect$$rtexit$$00000002)
    __rt_exit_exit                           0x00000301   Thumb Code     0  rtexit2.o(.ARM.Collect$$rtexit$$00000004)
    parrotdelay                              0x00000309   Thumb Code     6  bsp.o(.emb_text)
    SysTick_Handler                          0x00000311   Thumb Code     0  osasm.o(.text)
    StartOS                                  0x00000337   Thumb Code     0  osasm.o(.text)
    Reset_Handler                            0x00000359   Thumb Code     4  startup_tm4c123.o(.text)
    NMI_Handler                              0x0000035d   Thumb Code     2  startup_tm4c123.o(.text)
    HardFault_Handler                        0x0000035f   Thumb Code     2  startup_tm4c123.o(.text)
    MemManage_Handler                        0x00000361   Thumb Code     2  startup_tm4c123.o(.text)
    BusFault_Handler                         0x00000363   Thumb Code     2  startup_tm4c123.o(.text)
    UsageFault_Handler                       0x00000365   Thumb Code     2  startup_tm4c123.o(.text)
    SVC_Handler                              0x00000367   Thumb Code     2  startup_tm4c123.o(.text)
    DebugMon_Handler                         0x00000369   Thumb Code     2  startup_tm4c123.o(.text)
    PendSV_Handler                           0x0000036b   Thumb Code     2  startup_tm4c123.o(.text)
    GPIOPortA_Handler                        0x0000036f   Thumb Code     2  startup_tm4c123.o(.text)
    GPIOPortB_Handler                        0x00000371   Thumb Code     2  startup_tm4c123.o(.text)
    GPIOPortC_Handler                        0x00000373   Thumb Code     2  startup_tm4c123.o(.text)
    GPIOPortD_Handler                        0x00000375   Thumb Code     2  startup_tm4c123.o(.text)
    GPIOPortE_Handler                        0x00000377   Thumb Code     2  startup_tm4c123.o(.text)
    UART0_Handler                            0x00000379   Thumb Code     2  startup_tm4c123.o(.text)
    UART1_Handler                            0x0000037b   Thumb Code     2  startup_tm4c123.o(.text)
    SSI0_Handler                             0x0000037d   Thumb Code     2  startup_tm4c123.o(.text)
    I2C0_Handler                             0x0000037f   Thumb Code     2  startup_tm4c123.o(.text)
    PMW0_FAULT_Handler                       0x00000381   Thumb Code     2  startup_tm4c123.o(.text)
    PWM0Generator0_Handler                   0x00000383   Thumb Code     2  startup_tm4c123.o(.text)
    PWM0Generator1_Handler                   0x00000385   Thumb Code     2  startup_tm4c123.o(.text)
    PWM0Generator2_Handler                   0x00000387   Thumb Code     2  startup_tm4c123.o(.text)
    Quadrature0_Handler                      0x00000389   Thumb Code     2  startup_tm4c123.o(.text)
    ADC0Seq0_Handler                         0x0000038b   Thumb Code     2  startup_tm4c123.o(.text)
    ADC0Seq1_Handler                         0x0000038d   Thumb Code     2  startup_tm4c123.o(.text)
    ADC0Seq2_Handler                         0x0000038f   Thumb Code     2  startup_tm4c123.o(.text)
    ADC0Seq3_Handler                         0x00000391   Thumb Code     2  startup_tm4c123.o(.text)
    WDT_Handler                              0x00000393   Thumb Code     2  startup_tm4c123.o(.text)
    TIMER0A_Handler                          0x00000395   Thumb Code     2  startup_tm4c123.o(.text)
    TIMER0B_Handler                          0x00000397   Thumb Code     2  startup_tm4c123.o(.text)
    TIMER1A_Handler                          0x00000399   Thumb Code     2  startup_tm4c123.o(.text)
    TIMER1B_Handler                          0x0000039b   Thumb Code     2  startup_tm4c123.o(.text)
    TIMER2A_Handler                          0x0000039d   Thumb Code     2  startup_tm4c123.o(.text)
    TIMER2B_Handler                          0x0000039f   Thumb Code     2  startup_tm4c123.o(.text)
    COMP0_Handler                            0x000003a1   Thumb Code     2  startup_tm4c123.o(.text)
    COMP1_Handler                            0x000003a3   Thumb Code     2  startup_tm4c123.o(.text)
    COMP2_Handler                            0x000003a5   Thumb Code     2  startup_tm4c123.o(.text)
    SYSCTL_Handler                           0x000003a7   Thumb Code     2  startup_tm4c123.o(.text)
    FlashCtl_Handler                         0x000003a9   Thumb Code     2  startup_tm4c123.o(.text)
    GPIOPortF_Handler                        0x000003ab   Thumb Code     2  startup_tm4c123.o(.text)
    GPIOPortG_Handler                        0x000003ad   Thumb Code     2  startup_tm4c123.o(.text)
    GPIOPortH_Handler                        0x000003af   Thumb Code     2  startup_tm4c123.o(.text)
    UART2_Handler                            0x000003b1   Thumb Code     2  startup_tm4c123.o(.text)
    SSI1_Handler                             0x000003b3   Thumb Code     2  startup_tm4c123.o(.text)
    TIMER3A_Handler                          0x000003b5   Thumb Code     2  startup_tm4c123.o(.text)
    TIMER3B_Handler                          0x000003b7   Thumb Code     2  startup_tm4c123.o(.text)
    I2C1_Handler                             0x000003b9   Thumb Code     2  startup_tm4c123.o(.text)
    Quadrature1_Handler                      0x000003bb   Thumb Code     2  startup_tm4c123.o(.text)
    CAN0_Handler                             0x000003bd   Thumb Code     2  startup_tm4c123.o(.text)
    CAN1_Handler                             0x000003bf   Thumb Code     2  startup_tm4c123.o(.text)
    CAN2_Handler                             0x000003c1   Thumb Code     2  startup_tm4c123.o(.text)
    Hibernate_Handler                        0x000003c3   Thumb Code     2  startup_tm4c123.o(.text)
    USB0_Handler                             0x000003c5   Thumb Code     2  startup_tm4c123.o(.text)
    PWM0Generator3_Handler                   0x000003c7   Thumb Code     2  startup_tm4c123.o(.text)
    UDMA_Handler                             0x000003c9   Thumb Code     2  startup_tm4c123.o(.text)
    UDMAERR_Handler                          0x000003cb   Thumb Code     2  startup_tm4c123.o(.text)
    ADC1Seq0_Handler                         0x000003cd   Thumb Code     2  startup_tm4c123.o(.text)
    ADC1Seq1_Handler                         0x000003cf   Thumb Code     2  startup_tm4c123.o(.text)
    ADC1Seq2_Handler                         0x000003d1   Thumb Code     2  startup_tm4c123.o(.text)
    ADC1Seq3_Handler                         0x000003d3   Thumb Code     2  startup_tm4c123.o(.text)
    GPIOPortJ_Handler                        0x000003d5   Thumb Code     2  startup_tm4c123.o(.text)
    GPIOPortK_Handler                        0x000003d7   Thumb Code     2  startup_tm4c123.o(.text)
    GPIOPortL_Handler                        0x000003d9   Thumb Code     2  startup_tm4c123.o(.text)
    SSI2_Handler                             0x000003db   Thumb Code     2  startup_tm4c123.o(.text)
    SSI3_Handler                             0x000003dd   Thumb Code     2  startup_tm4c123.o(.text)
    UART3_Handler                            0x000003df   Thumb Code     2  startup_tm4c123.o(.text)
    UART4_Handler                            0x000003e1   Thumb Code     2  startup_tm4c123.o(.text)
    UART5_Handler                            0x000003e3   Thumb Code     2  startup_tm4c123.o(.text)
    UART6_Handler                            0x000003e5   Thumb Code     2  startup_tm4c123.o(.text)
    UART7_Handler                            0x000003e7   Thumb Code     2  startup_tm4c123.o(.text)
    I2C2_Handler                             0x000003e9   Thumb Code     2  startup_tm4c123.o(.text)
    I2C3_Handler                             0x000003eb   Thumb Code     2  startup_tm4c123.o(.text)
    TIMER4A_Handler                          0x000003ed   Thumb Code     2  startup_tm4c123.o(.text)
    TIMER4B_Handler                          0x000003ef   Thumb Code     2  startup_tm4c123.o(.text)
    TIMER5A_Handler                          0x000003f1   Thumb Code     2  startup_tm4c123.o(.text)
    TIMER5B_Handler                          0x000003f3   Thumb Code     2  startup_tm4c123.o(.text)
    WideTimer0A_Handler                      0x000003f5   Thumb Code     2  startup_tm4c123.o(.text)
    WideTimer0B_Handler                      0x000003f7   Thumb Code     2  startup_tm4c123.o(.text)
    WideTimer1A_Handler                      0x000003f9   Thumb Code     2  startup_tm4c123.o(.text)
    WideTimer1B_Handler                      0x000003fb   Thumb Code     2  startup_tm4c123.o(.text)
    WideTimer2A_Handler                      0x000003fd   Thumb Code     2  startup_tm4c123.o(.text)
    WideTimer2B_Handler                      0x000003ff   Thumb Code     2  startup_tm4c123.o(.text)
    WideTimer3B_Handler                      0x00000403   Thumb Code     2  startup_tm4c123.o(.text)
    WideTimer4B_Handler                      0x00000407   Thumb Code     2  startup_tm4c123.o(.text)
    WideTimer5B_Handler                      0x0000040b   Thumb Code     2  startup_tm4c123.o(.text)
    FPU_Handler                              0x0000040d   Thumb Code     2  startup_tm4c123.o(.text)
    I2C4_Handler                             0x0000040f   Thumb Code     2  startup_tm4c123.o(.text)
    I2C5_Handler                             0x00000411   Thumb Code     2  startup_tm4c123.o(.text)
    GPIOPortM_Handler                        0x00000413   Thumb Code     2  startup_tm4c123.o(.text)
    GPIOPortN_Handler                        0x00000415   Thumb Code     2  startup_tm4c123.o(.text)
    QEI2_Handler                             0x00000417   Thumb Code     2  startup_tm4c123.o(.text)
    GPIOPortP0_Handler                       0x00000419   Thumb Code     2  startup_tm4c123.o(.text)
    GPIOPortP1_Handler                       0x0000041b   Thumb Code     2  startup_tm4c123.o(.text)
    GPIOPortP2_Handler                       0x0000041d   Thumb Code     2  startup_tm4c123.o(.text)
    GPIOPortP3_Handler                       0x0000041f   Thumb Code     2  startup_tm4c123.o(.text)
    GPIOPortP4_Handler                       0x00000421   Thumb Code     2  startup_tm4c123.o(.text)
    GPIOPortP5_Handler                       0x00000423   Thumb Code     2  startup_tm4c123.o(.text)
    GPIOPortP6_Handler                       0x00000425   Thumb Code     2  startup_tm4c123.o(.text)
    GPIOPortP7_Handler                       0x00000427   Thumb Code     2  startup_tm4c123.o(.text)
    GPIOPortQ0_Handler                       0x00000429   Thumb Code     2  startup_tm4c123.o(.text)
    GPIOPortQ1_Handler                       0x0000042b   Thumb Code     2  startup_tm4c123.o(.text)
    GPIOPortQ2_Handler                       0x0000042d   Thumb Code     2  startup_tm4c123.o(.text)
    GPIOPortQ3_Handler                       0x0000042f   Thumb Code     2  startup_tm4c123.o(.text)
    GPIOPortQ4_Handler                       0x00000431   Thumb Code     2  startup_tm4c123.o(.text)
    GPIOPortQ5_Handler                       0x00000433   Thumb Code     2  startup_tm4c123.o(.text)
    GPIOPortQ6_Handler                       0x00000435   Thumb Code     2  startup_tm4c123.o(.text)
    GPIOPortQ7_Handler                       0x00000437   Thumb Code     2  startup_tm4c123.o(.text)
    GPIOPortR_Handler                        0x00000439   Thumb Code     2  startup_tm4c123.o(.text)
    GPIOPortS_Handler                        0x0000043b   Thumb Code     2  startup_tm4c123.o(.text)
    PWM1Generator0_Handler                   0x0000043d   Thumb Code     2  startup_tm4c123.o(.text)
    PWM1Generator1_Handler                   0x0000043f   Thumb Code     2  startup_tm4c123.o(.text)
    PWM1Generator2_Handler                   0x00000441   Thumb Code     2  startup_tm4c123.o(.text)
    PWM1Generator3_Handler                   0x00000443   Thumb Code     2  startup_tm4c123.o(.text)
    PWM1Fault_Handler                        0x00000445   Thumb Code     2  startup_tm4c123.o(.text)
    DisableInterrupts                        0x0000044d   Thumb Code     0  startup_tm4c123.o(.text)
    EnableInterrupts                         0x00000451   Thumb Code     0  startup_tm4c123.o(.text)
    StartCritical                            0x00000455   Thumb Code     0  startup_tm4c123.o(.text)
    EndCritical                              0x0000045d   Thumb Code     0  startup_tm4c123.o(.text)
    WaitForInterrupt                         0x00000463   Thumb Code     0  startup_tm4c123.o(.text)
    __user_initial_stackheap                 0x00000467   Thumb Code     0  startup_tm4c123.o(.text)
    __use_two_region_memory                  0x0000047d   Thumb Code     2  heapauxi.o(.text)
    __rt_heap_escrow$2region                 0x0000047f   Thumb Code     2  heapauxi.o(.text)
    __rt_heap_expand$2region                 0x00000481   Thumb Code     2  heapauxi.o(.text)
    __user_setup_stackheap                   0x00000483   Thumb Code    74  sys_stackheap_outer.o(.text)
    exit                                     0x000004cd   Thumb Code    18  exit.o(.text)
    __user_libspace                          0x000004e1   Thumb Code     8  libspace.o(.text)
    __user_perproc_libspace                  0x000004e1   Thumb Code     0  libspace.o(.text)
    __user_perthread_libspace                0x000004e1   Thumb Code     0  libspace.o(.text)
    _sys_exit                                0x000004e9   Thumb Code     8  sys_exit.o(.text)
    __I$use$semihosting                      0x000004f5   Thumb Code     0  use_no_semi.o(.text)
    __use_no_semihosting_swi                 0x000004f5   Thumb Code     2  use_no_semi.o(.text)
    __semihosting_library_function           0x000004f7   Thumb Code     0  indicate_semi.o(.text)
    BSP_Button1_Init                         0x000004f9   Thumb Code   112  bsp.o(i.BSP_Button1_Init)
    BSP_Button2_Init                         0x00000579   Thumb Code   124  bsp.o(i.BSP_Button2_Init)
    BSP_Buzzer_Init                          0x00000609   Thumb Code   184  bsp.o(i.BSP_Buzzer_Init)
    BSP_Clock_GetFreq                        0x000006dd   Thumb Code     6  bsp.o(i.BSP_Clock_GetFreq)
    BSP_Clock_InitFastest                    0x000006e9   Thumb Code   126  bsp.o(i.BSP_Clock_InitFastest)
    BSP_Delay1ms                             0x00000775   Thumb Code    22  bsp.o(i.BSP_Delay1ms)
    BSP_LCD_Color565                         0x0000078b   Thumb Code    24  bsp.o(i.BSP_LCD_Color565)
    BSP_LCD_DrawChar                         0x000007a5   Thumb Code   260  bsp.o(i.BSP_LCD_DrawChar)
    BSP_LCD_DrawFastHLine                    0x000008b5   Thumb Code   116  bsp.o(i.BSP_LCD_DrawFastHLine)
    BSP_LCD_DrawFastVLine                    0x00000931   Thumb Code   116  bsp.o(i.BSP_LCD_DrawFastVLine)
    BSP_LCD_DrawPixel                        0x000009ad   Thumb Code    64  bsp.o(i.BSP_LCD_DrawPixel)
    BSP_LCD_DrawString                       0x000009f5   Thumb Code    86  bsp.o(i.BSP_LCD_DrawString)
    BSP_LCD_Drawaxes                         0x00000a4d   Thumb Code   272  bsp.o(i.BSP_LCD_Drawaxes)
    BSP_LCD_FillRect                         0x00000b71   Thumb Code   164  bsp.o(i.BSP_LCD_FillRect)
    BSP_LCD_FillScreen                       0x00000c1d   Thumb Code    28  bsp.o(i.BSP_LCD_FillScreen)
    BSP_LCD_Init                             0x00000c41   Thumb Code    10  bsp.o(i.BSP_LCD_Init)
    BSP_LCD_PlotIncrement                    0x00000c4d   Thumb Code    46  bsp.o(i.BSP_LCD_PlotIncrement)
    BSP_LCD_PlotPoint                        0x00000c85   Thumb Code    86  bsp.o(i.BSP_LCD_PlotPoint)
    BSP_LCD_SetCursor                        0x00000ce9   Thumb Code    22  bsp.o(i.BSP_LCD_SetCursor)
    BSP_Microphone_Init                      0x00000d09   Thumb Code   152  bsp.o(i.BSP_Microphone_Init)
    BSP_Microphone_Input                     0x00000db5   Thumb Code    40  bsp.o(i.BSP_Microphone_Input)
    BSP_RGB_Init                             0x00000de1   Thumb Code   522  bsp.o(i.BSP_RGB_Init)
    Get_Mag                                  0x00001021   Thumb Code    32  user.o(i.Get_Mag)
    OS_AddPeriodicEventThreads               0x00001045   Thumb Code    14  os.o(i.OS_AddPeriodicEventThreads)
    OS_AddThreads                            0x0000105d   Thumb Code    88  os.o(i.OS_AddThreads)
    OS_Init                                  0x000010c1   Thumb Code    18  os.o(i.OS_Init)
    OS_InitSemaphore                         0x000010d9   Thumb Code     4  os.o(i.OS_InitSemaphore)
    OS_Launch                                0x000010dd   Thumb Code    48  os.o(i.OS_Launch)
    OS_Signal                                0x00001111   Thumb Code    20  os.o(i.OS_Signal)
    OS_Wait                                  0x00001125   Thumb Code    36  os.o(i.OS_Wait)
    Profile_Init                             0x00001149   Thumb Code   418  profile.o(i.Profile_Init)
    Scheduler                                0x00001391   Thumb Code    44  os.o(i.Scheduler)
    SetInitialStack                          0x000013cd   Thumb Code   324  os.o(i.SetInitialStack)
    Task0                                    0x00001519   Thumb Code    70  user.o(i.Task0)
    Task0_Init                               0x00001571   Thumb Code     8  user.o(i.Task0_Init)
    Task1                                    0x00001579   Thumb Code    58  user.o(i.Task1)
    Task2                                    0x000015c9   Thumb Code    32  user.o(i.Task2)
    Task3                                    0x000015f1   Thumb Code    84  user.o(i.Task3)
    WideTimer3A_Handler                      0x00001655   Thumb Code    16  bsp.o(i.WideTimer3A_Handler)
    WideTimer4A_Handler                      0x0000166d   Thumb Code    16  bsp.o(i.WideTimer4A_Handler)
    WideTimer5A_Handler                      0x00001685   Thumb Code    16  bsp.o(i.WideTimer5A_Handler)
    drawaxes                                 0x00001945   Thumb Code    56  user.o(i.drawaxes)
    main                                     0x00001999   Thumb Code   118  user.o(i.main)
    rfft_fast_init_1024_f32                  0x00001a41   Thumb Code    36  os.o(i.rfft_fast_init_1024_f32)
    armBitRevIndexTable512                   0x000020f0   Data         896  arm_common_tables.o(.rodata.armBitRevIndexTable512)
    twiddleCoef_512                          0x00002470   Data        4096  arm_common_tables.o(.rodata.twiddleCoef_512)
    twiddleCoef_rfft_1024                    0x00003470   Data        4096  arm_common_tables.o(.rodata.twiddleCoef_rfft_1024)
    Region$$Table$$Base                      0x00004470   Number         0  anon$$obj.o(Region$$Table)
    Region$$Table$$Limit                     0x00004490   Number         0  anon$$obj.o(Region$$Table)
    StX                                      0x20000008   Data           4  bsp.o(.data)
    StY                                      0x2000000c   Data           4  bsp.o(.data)
    StTextColor                              0x20000010   Data           2  bsp.o(.data)
    Messageindex                             0x20000018   Data           4  bsp.o(.data)
    TimeIndex                                0x2000001c   Data           4  bsp.o(.data)
    Ymax                                     0x20000020   Data           4  bsp.o(.data)
    Ymin                                     0x20000024   Data           4  bsp.o(.data)
    Yrange                                   0x20000028   Data           4  bsp.o(.data)
    PlotBGColor                              0x2000002c   Data           2  bsp.o(.data)
    PeriodicTask                             0x20000030   Data           4  bsp.o(.data)
    PeriodicTaskB                            0x20000034   Data           4  bsp.o(.data)
    PeriodicTaskC                            0x20000038   Data           4  bsp.o(.data)
    LightBusy                                0x2000003c   Data           4  bsp.o(.data)
    TempBusy                                 0x20000040   Data           4  bsp.o(.data)
    RunPt                                    0x20000044   Data           4  os.o(.data)
    Mail                                     0x20000048   Data           4  os.o(.data)
    Send                                     0x2000004c   Data           4  os.o(.data)
    Ack                                      0x20000050   Data           4  os.o(.data)
    Lost                                     0x20000054   Data           4  os.o(.data)
    EventThread                              0x20000058   Data           4  os.o(.data)
    wait                                     0x2000005c   Data           4  os.o(.data)
    Counter                                  0x20000060   Data           4  os.o(.data)
    Count1                                   0x20000064   Data           4  user.o(.data)
    Count2                                   0x20000068   Data           4  user.o(.data)
    Count3                                   0x2000006c   Data           4  user.o(.data)
    Time                                     0x20000070   Data           4  user.o(.data)
    SoundData                                0x20000074   Data           2  user.o(.data)
    ReDrawAxes                               0x20000078   Data           4  user.o(.data)
    NewData                                  0x2000007c   Data           4  user.o(.data)
    LCDmutex                                 0x20000080   Data           4  user.o(.data)
    tcbs                                     0x2000008c   Data          24  os.o(.bss)
    Stacks                                   0x200000a4   Data        1200  os.o(.bss)
    mag                                      0x20000554   Data        2048  user.o(.bss)
    SoundArray                               0x20000d54   Data        2048  user.o(.bss)
    fft_inst                                 0x20001554   Data          24  user.o(.bss)
    __libspace_start                         0x2000156c   Data          96  libspace.o(.bss)
    __temporary_stack_top$libspace           0x200015cc   Data           0  libspace.o(.bss)



==============================================================================

Memory Map of the image

  Image Entry point : 0x00000359

  Load Region LR_1 (Base: 0x00000000, Size: 0x0000451c, Max: 0xffffffff, ABSOLUTE)

    Execution Region ER_RO (Exec base: 0x00000000, Load base: 0x00000000, Size: 0x00004490, Max: 0xffffffff, ABSOLUTE)

    Exec Addr    Load Addr    Size         Type   Attr      Idx    E Section Name        Object

    0x00000000   0x00000000   0x0000026c   Data   RO          739    RESET               startup_tm4c123.o
    0x0000026c   0x0000026c   0x00000008   Code   RO          925  * !!!main             c_w.l(__main.o)
    0x00000274   0x00000274   0x00000034   Code   RO         1082    !!!scatter          c_w.l(__scatter.o)
    0x000002a8   0x000002a8   0x0000001a   Code   RO         1084    !!handler_copy      c_w.l(__scatter_copy.o)
    0x000002c2   0x000002c2   0x00000002   PAD
    0x000002c4   0x000002c4   0x0000001c   Code   RO         1086    !!handler_zi        c_w.l(__scatter_zi.o)
    0x000002e0   0x000002e0   0x00000002   Code   RO          952    .ARM.Collect$$libinit$$00000000  c_w.l(libinit.o)
    0x000002e2   0x000002e2   0x00000000   Code   RO          959    .ARM.Collect$$libinit$$00000002  c_w.l(libinit2.o)
    0x000002e2   0x000002e2   0x00000000   Code   RO          961    .ARM.Collect$$libinit$$00000004  c_w.l(libinit2.o)
    0x000002e2   0x000002e2   0x00000000   Code   RO          964    .ARM.Collect$$libinit$$0000000A  c_w.l(libinit2.o)
    0x000002e2   0x000002e2   0x00000000   Code   RO          966    .ARM.Collect$$libinit$$0000000C  c_w.l(libinit2.o)
    0x000002e2   0x000002e2   0x00000000   Code   RO          968    .ARM.Collect$$libinit$$0000000E  c_w.l(libinit2.o)
    0x000002e2   0x000002e2   0x00000000   Code   RO          971    .ARM.Collect$$libinit$$00000011  c_w.l(libinit2.o)
    0x000002e2   0x000002e2   0x00000000   Code   RO          973    .ARM.Collect$$libinit$$00000013  c_w.l(libinit2.o)
    0x000002e2   0x000002e2   0x00000000   Code   RO          975    .ARM.Collect$$libinit$$00000015  c_w.l(libinit2.o)
    0x000002e2   0x000002e2   0x00000000   Code   RO          977    .ARM.Collect$$libinit$$00000017  c_w.l(libinit2.o)
    0x000002e2   0x000002e2   0x00000000   Code   RO          979    .ARM.Collect$$libinit$$00000019  c_w.l(libinit2.o)
    0x000002e2   0x000002e2   0x00000000   Code   RO          981    .ARM.Collect$$libinit$$0000001B  c_w.l(libinit2.o)
    0x000002e2   0x000002e2   0x00000000   Code   RO          983    .ARM.Collect$$libinit$$0000001D  c_w.l(libinit2.o)
    0x000002e2   0x000002e2   0x00000000   Code   RO          985    .ARM.Collect$$libinit$$0000001F  c_w.l(libinit2.o)
    0x000002e2   0x000002e2   0x00000000   Code   RO          987    .ARM.Collect$$libinit$$00000021  c_w.l(libinit2.o)
    0x000002e2   0x000002e2   0x00000000   Code   RO          989    .ARM.Collect$$libinit$$00000023  c_w.l(libinit2.o)
    0x000002e2   0x000002e2   0x00000000   Code   RO          991    .ARM.Collect$$libinit$$00000025  c_w.l(libinit2.o)
    0x000002e2   0x000002e2   0x00000000   Code   RO          995    .ARM.Collect$$libinit$$0000002C  c_w.l(libinit2.o)
    0x000002e2   0x000002e2   0x00000000   Code   RO          997    .ARM.Collect$$libinit$$0000002E  c_w.l(libinit2.o)
    0x000002e2   0x000002e2   0x00000000   Code   RO          999    .ARM.Collect$$libinit$$00000030  c_w.l(libinit2.o)
    0x000002e2   0x000002e2   0x00000000   Code   RO         1001    .ARM.Collect$$libinit$$00000032  c_w.l(libinit2.o)
    0x000002e2   0x000002e2   0x00000002   Code   RO         1002    .ARM.Collect$$libinit$$00000033  c_w.l(libinit2.o)
    0x000002e4   0x000002e4   0x00000002   Code   RO         1022    .ARM.Collect$$libshutdown$$00000000  c_w.l(libshutdown.o)
    0x000002e6   0x000002e6   0x00000000   Code   RO         1035    .ARM.Collect$$libshutdown$$00000002  c_w.l(libshutdown2.o)
    0x000002e6   0x000002e6   0x00000000   Code   RO         1037    .ARM.Collect$$libshutdown$$00000004  c_w.l(libshutdown2.o)
    0x000002e6   0x000002e6   0x00000000   Code   RO         1040    .ARM.Collect$$libshutdown$$00000007  c_w.l(libshutdown2.o)
    0x000002e6   0x000002e6   0x00000000   Code   RO         1043    .ARM.Collect$$libshutdown$$0000000A  c_w.l(libshutdown2.o)
    0x000002e6   0x000002e6   0x00000000   Code   RO         1045    .ARM.Collect$$libshutdown$$0000000C  c_w.l(libshutdown2.o)
    0x000002e6   0x000002e6   0x00000000   Code   RO         1048    .ARM.Collect$$libshutdown$$0000000F  c_w.l(libshutdown2.o)
    0x000002e6   0x000002e6   0x00000002   Code   RO         1049    .ARM.Collect$$libshutdown$$00000010  c_w.l(libshutdown2.o)
    0x000002e8   0x000002e8   0x00000000   Code   RO          927    .ARM.Collect$$rtentry$$00000000  c_w.l(__rtentry.o)
    0x000002e8   0x000002e8   0x00000000   Code   RO          929    .ARM.Collect$$rtentry$$00000002  c_w.l(__rtentry2.o)
    0x000002e8   0x000002e8   0x00000006   Code   RO          941    .ARM.Collect$$rtentry$$00000004  c_w.l(__rtentry4.o)
    0x000002ee   0x000002ee   0x00000000   Code   RO          931    .ARM.Collect$$rtentry$$00000009  c_w.l(__rtentry2.o)
    0x000002ee   0x000002ee   0x00000004   Code   RO          932    .ARM.Collect$$rtentry$$0000000A  c_w.l(__rtentry2.o)
    0x000002f2   0x000002f2   0x00000000   Code   RO          934    .ARM.Collect$$rtentry$$0000000C  c_w.l(__rtentry2.o)
    0x000002f2   0x000002f2   0x00000008   Code   RO          935    .ARM.Collect$$rtentry$$0000000D  c_w.l(__rtentry2.o)
    0x000002fa   0x000002fa   0x00000002   Code   RO          956    .ARM.Collect$$rtexit$$00000000  c_w.l(rtexit.o)
    0x000002fc   0x000002fc   0x00000000   Code   RO         1004    .ARM.Collect$$rtexit$$00000002  c_w.l(rtexit2.o)
    0x000002fc   0x000002fc   0x00000004   Code   RO         1005    .ARM.Collect$$rtexit$$00000003  c_w.l(rtexit2.o)
    0x00000300   0x00000300   0x00000006   Code   RO         1006    .ARM.Collect$$rtexit$$00000004  c_w.l(rtexit2.o)
    0x00000306   0x00000306   0x00000002   PAD
    0x00000308   0x00000308   0x00000006   Code   RO            1    .emb_text           bsp.o
    0x0000030e   0x0000030e   0x00000002   PAD
    0x00000310   0x00000310   0x00000048   Code   RO          634    .text               osasm.o
    0x00000358   0x00000358   0x00000124   Code   RO          740  * .text               startup_tm4c123.o
    0x0000047c   0x0000047c   0x00000006   Code   RO          923    .text               c_w.l(heapauxi.o)
    0x00000482   0x00000482   0x0000004a   Code   RO          943    .text               c_w.l(sys_stackheap_outer.o)
    0x000004cc   0x000004cc   0x00000012   Code   RO          945    .text               c_w.l(exit.o)
    0x000004de   0x000004de   0x00000002   PAD
    0x000004e0   0x000004e0   0x00000008   Code   RO          953    .text               c_w.l(libspace.o)
    0x000004e8   0x000004e8   0x0000000c   Code   RO         1014    .text               c_w.l(sys_exit.o)
    0x000004f4   0x000004f4   0x00000002   Code   RO         1025    .text               c_w.l(use_no_semi.o)
    0x000004f6   0x000004f6   0x00000000   Code   RO         1027    .text               c_w.l(indicate_semi.o)
    0x000004f6   0x000004f6   0x00000002   PAD
    0x000004f8   0x000004f8   0x00000080   Code   RO            4    i.BSP_Button1_Init  bsp.o
    0x00000578   0x00000578   0x00000090   Code   RO            6    i.BSP_Button2_Init  bsp.o
    0x00000608   0x00000608   0x000000d4   Code   RO            8    i.BSP_Buzzer_Init   bsp.o
    0x000006dc   0x000006dc   0x0000000c   Code   RO           10    i.BSP_Clock_GetFreq  bsp.o
    0x000006e8   0x000006e8   0x0000008c   Code   RO           11    i.BSP_Clock_InitFastest  bsp.o
    0x00000774   0x00000774   0x00000016   Code   RO           12    i.BSP_Delay1ms      bsp.o
    0x0000078a   0x0000078a   0x00000018   Code   RO           15    i.BSP_LCD_Color565  bsp.o
    0x000007a2   0x000007a2   0x00000002   PAD
    0x000007a4   0x000007a4   0x00000110   Code   RO           17    i.BSP_LCD_DrawChar  bsp.o
    0x000008b4   0x000008b4   0x0000007c   Code   RO           19    i.BSP_LCD_DrawFastHLine  bsp.o
    0x00000930   0x00000930   0x0000007c   Code   RO           20    i.BSP_LCD_DrawFastVLine  bsp.o
    0x000009ac   0x000009ac   0x00000048   Code   RO           21    i.BSP_LCD_DrawPixel  bsp.o
    0x000009f4   0x000009f4   0x00000056   Code   RO           22    i.BSP_LCD_DrawString  bsp.o
    0x00000a4a   0x00000a4a   0x00000002   PAD
    0x00000a4c   0x00000a4c   0x00000124   Code   RO           23    i.BSP_LCD_Drawaxes  bsp.o
    0x00000b70   0x00000b70   0x000000ac   Code   RO           24    i.BSP_LCD_FillRect  bsp.o
    0x00000c1c   0x00000c1c   0x00000024   Code   RO           25    i.BSP_LCD_FillScreen  bsp.o
    0x00000c40   0x00000c40   0x0000000a   Code   RO           26    i.BSP_LCD_Init      bsp.o
    0x00000c4a   0x00000c4a   0x00000002   PAD
    0x00000c4c   0x00000c4c   0x00000038   Code   RO           32    i.BSP_LCD_PlotIncrement  bsp.o
    0x00000c84   0x00000c84   0x00000064   Code   RO           33    i.BSP_LCD_PlotPoint  bsp.o
    0x00000ce8   0x00000ce8   0x00000020   Code   RO           34    i.BSP_LCD_SetCursor  bsp.o
    0x00000d08   0x00000d08   0x000000ac   Code   RO           40    i.BSP_Microphone_Init  bsp.o
    0x00000db4   0x00000db4   0x0000002c   Code   RO           41    i.BSP_Microphone_Input  bsp.o
    0x00000de0   0x00000de0   0x00000240   Code   RO           52    i.BSP_RGB_Init      bsp.o
    0x00001020   0x00001020   0x00000024   Code   RO          658    i.Get_Mag           user.o
    0x00001044   0x00001044   0x00000018   Code   RO          502    i.OS_AddPeriodicEventThreads  os.o
    0x0000105c   0x0000105c   0x00000064   Code   RO          503    i.OS_AddThreads     os.o
    0x000010c0   0x000010c0   0x00000018   Code   RO          504    i.OS_Init           os.o
    0x000010d8   0x000010d8   0x00000004   Code   RO          505    i.OS_InitSemaphore  os.o
    0x000010dc   0x000010dc   0x00000034   Code   RO          506    i.OS_Launch         os.o
    0x00001110   0x00001110   0x00000014   Code   RO          510    i.OS_Signal         os.o
    0x00001124   0x00001124   0x00000024   Code   RO          511    i.OS_Wait           os.o
    0x00001148   0x00001148   0x000001d4   Code   RO          638    i.Profile_Init      profile.o
    0x0000131c   0x0000131c   0x00000074   Code   RO           63    i.ST7735_InitR      bsp.o
    0x00001390   0x00001390   0x0000003c   Code   RO          512    i.Scheduler         os.o
    0x000013cc   0x000013cc   0x0000014c   Code   RO          513    i.SetInitialStack   os.o
    0x00001518   0x00001518   0x00000058   Code   RO          659    i.Task0             user.o
    0x00001570   0x00001570   0x00000008   Code   RO          660    i.Task0_Init        user.o
    0x00001578   0x00001578   0x00000050   Code   RO          661    i.Task1             user.o
    0x000015c8   0x000015c8   0x00000028   Code   RO          662    i.Task2             user.o
    0x000015f0   0x000015f0   0x00000064   Code   RO          663    i.Task3             user.o
    0x00001654   0x00001654   0x00000018   Code   RO           64    i.WideTimer3A_Handler  bsp.o
    0x0000166c   0x0000166c   0x00000018   Code   RO           65    i.WideTimer4A_Handler  bsp.o
    0x00001684   0x00001684   0x00000018   Code   RO           66    i.WideTimer5A_Handler  bsp.o
    0x0000169c   0x0000169c   0x0000004c   Code   RO           67    i.adcinit           bsp.o
    0x000016e8   0x000016e8   0x00000056   Code   RO           68    i.commandList       bsp.o
    0x0000173e   0x0000173e   0x00000002   PAD
    0x00001740   0x00001740   0x00000204   Code   RO           69    i.commonInit        bsp.o
    0x00001944   0x00001944   0x00000054   Code   RO          664    i.drawaxes          user.o
    0x00001998   0x00001998   0x00000094   Code   RO          665    i.main              user.o
    0x00001a2c   0x00001a2c   0x00000012   Code   RO           78    i.pushColor         bsp.o
    0x00001a3e   0x00001a3e   0x00000002   PAD
    0x00001a40   0x00001a40   0x00000030   Code   RO          514    i.rfft_fast_init_1024_f32  os.o
    0x00001a70   0x00001a70   0x00000074   Code   RO           79    i.setAddrWindow     bsp.o
    0x00001ae4   0x00001ae4   0x00000048   Code   RO           82    i.writecommand      bsp.o
    0x00001b2c   0x00001b2c   0x00000048   Code   RO           83    i.writedata         bsp.o
    0x00001b74   0x00001b74   0x0000057b   Data   RO           85    .constdata          bsp.o
    0x000020ef   0x000020ef   0x00000001   PAD
    0x000020f0   0x000020f0   0x00000380   Data   RO          853    .rodata.armBitRevIndexTable512  arm_cortexM4l_math.lib(arm_common_tables.o)
    0x00002470   0x00002470   0x00001000   Data   RO          817    .rodata.twiddleCoef_512  arm_cortexM4l_math.lib(arm_common_tables.o)
    0x00003470   0x00003470   0x00001000   Data   RO          879    .rodata.twiddleCoef_rfft_1024  arm_cortexM4l_math.lib(arm_common_tables.o)
    0x00004470   0x00004470   0x00000020   Data   RO         1080    Region$$Table       anon$$obj.o


    Execution Region ER_RW (Exec base: 0x20000000, Load base: 0x00004490, Size: 0x0000008c, Max: 0xffffffff, ABSOLUTE)

    Exec Addr    Load Addr    Size         Type   Attr      Idx    E Section Name        Object

    0x20000000   0x00004490   0x00000044   Data   RW           86    .data               bsp.o
    0x20000044   0x000044d4   0x00000020   Data   RW          516    .data               os.o
    0x20000064   0x000044f4   0x00000028   Data   RW          667    .data               user.o


    Execution Region ER_ZI (Exec base: 0x2000008c, Load base: 0x0000451c, Size: 0x00001744, Max: 0xffffffff, ABSOLUTE)

    Exec Addr    Load Addr    Size         Type   Attr      Idx    E Section Name        Object

    0x2000008c        -       0x000004c8   Zero   RW          515    .bss                os.o
    0x20000554        -       0x00001018   Zero   RW          666    .bss                user.o
    0x2000156c        -       0x00000060   Zero   RW          954    .bss                c_w.l(libspace.o)
    0x200015cc   0x0000451c   0x00000004   PAD
    0x200015d0        -       0x00000000   Zero   RW          738    HEAP                startup_tm4c123.o
    0x200015d0        -       0x00000200   Zero   RW          737    STACK               startup_tm4c123.o


==============================================================================

Image component sizes


      Code (inc. data)   RO Data    RW Data    ZI Data      Debug   Object Name

      4000        432       1403         68          0      26056   bsp.o
       700         68          0         32       1224      22204   os.o
        72          4          0          0          0        224   osasm.o
       468         50          0          0          0        519   profile.o
       292         18        620          0        512       5656   startup_tm4c123.o
       584        126          0         40       4120       4579   user.o

    ----------------------------------------------------------------------
      6128        698       2056        140       5856      59238   Object Totals
         0          0         32          0          0          0   (incl. Generated)
        12          0          1          0          0          0   (incl. Padding)

    ----------------------------------------------------------------------

      Code (inc. data)   RO Data    RW Data    ZI Data      Debug   Library Member Name

         0          0       9088          0          0       6294   arm_common_tables.o
         8          0          0          0          0         68   __main.o
         0          0          0          0          0          0   __rtentry.o
        12          0          0          0          0          0   __rtentry2.o
         6          0          0          0          0          0   __rtentry4.o
        52          8          0          0          0          0   __scatter.o
        26          0          0          0          0          0   __scatter_copy.o
        28          0          0          0          0          0   __scatter_zi.o
        18          0          0          0          0         80   exit.o
         6          0          0          0          0        152   heapauxi.o
         0          0          0          0          0          0   indicate_semi.o
         2          0          0          0          0          0   libinit.o
         2          0          0          0          0          0   libinit2.o
         2          0          0          0          0          0   libshutdown.o
         2          0          0          0          0          0   libshutdown2.o
         8          4          0          0         96         68   libspace.o
         2          0          0          0          0          0   rtexit.o
        10          0          0          0          0          0   rtexit2.o
        12          4          0          0          0         68   sys_exit.o
        74          0          0          0          0         80   sys_stackheap_outer.o
         2          0          0          0          0         68   use_no_semi.o

    ----------------------------------------------------------------------
       280         16       9088          0        100       6878   Library Totals
         8          0          0          0          4          0   (incl. Padding)

    ----------------------------------------------------------------------

      Code (inc. data)   RO Data    RW Data    ZI Data      Debug   Library Name

         0          0       9088          0          0       6294   arm_cortexM4l_math.lib
       272         16          0          0         96        584   c_w.l

    ----------------------------------------------------------------------
       280         16       9088          0        100       6878   Library Totals

    ----------------------------------------------------------------------

==============================================================================


      Code (inc. data)   RO Data    RW Data    ZI Data      Debug   

      6408        714      11144        140       5956      63408   Grand Totals
      6408        714      11144        140       5956      63408   ELF Image Totals
      6408        714      11144        140          0          0   ROM Totals

==============================================================================

    Total RO  Size (Code + RO Data)                17552 (  17.14kB)
    Total RW  Size (RW Data + ZI Data)              6096 (   5.95kB)
    Total ROM Size (Code + RO Data + RW Data)      17692 (  17.28kB)

==============================================================================

