Component: ARM Compiler 5.06 update 6 (build 750) Tool: armlink [4d35ed]

==============================================================================

Section Cross References

    bsp.o(i.BSP_Accelerometer_Init) refers to bsp.o(i.adcinit) for adcinit
    bsp.o(i.BSP_Buzzer_Init) refers to bsp.o(.data) for ClockFrequency
    bsp.o(i.BSP_Buzzer_Set) refers to bsp.o(.data) for PWMCycles
    bsp.o(i.BSP_Clock_GetFreq) refers to bsp.o(.data) for ClockFrequency
    bsp.o(i.BSP_Clock_InitFastest) refers to bsp.o(.data) for ClockFrequency
    bsp.o(i.BSP_Delay1ms) refers to bsp.o(.emb_text) for parrotdelay
    bsp.o(i.BSP_Joystick_Init) refers to bsp.o(i.adcinit) for adcinit
    bsp.o(i.BSP_LCD_DrawBitmap) refers to bsp.o(i.setAddrWindow) for setAddrWindow
    bsp.o(i.BSP_LCD_DrawBitmap) refers to bsp.o(i.writedata) for writedata
    bsp.o(i.BSP_LCD_DrawBitmap) refers to bsp.o(.data) for _width
    bsp.o(i.BSP_LCD_DrawChar) refers to bsp.o(i.setAddrWindow) for setAddrWindow
    bsp.o(i.BSP_LCD_DrawChar) refers to bsp.o(i.pushColor) for pushColor
    bsp.o(i.BSP_LCD_DrawChar) refers to bsp.o(.data) for _width
    bsp.o(i.BSP_LCD_DrawChar) refers to bsp.o(.constdata) for Font
    bsp.o(i.BSP_LCD_DrawCharS) refers to bsp.o(i.BSP_LCD_DrawPixel) for BSP_LCD_DrawPixel
    bsp.o(i.BSP_LCD_DrawCharS) refers to bsp.o(i.BSP_LCD_FillRect) for BSP_LCD_FillRect
    bsp.o(i.BSP_LCD_DrawCharS) refers to bsp.o(.data) for _width
    bsp.o(i.BSP_LCD_DrawCharS) refers to bsp.o(.constdata) for Font
    bsp.o(i.BSP_LCD_DrawFastHLine) refers to bsp.o(i.setAddrWindow) for setAddrWindow
    bsp.o(i.BSP_LCD_DrawFastHLine) refers to bsp.o(i.writedata) for writedata
    bsp.o(i.BSP_LCD_DrawFastHLine) refers to bsp.o(.data) for _width
    bsp.o(i.BSP_LCD_DrawFastVLine) refers to bsp.o(i.setAddrWindow) for setAddrWindow
    bsp.o(i.BSP_LCD_DrawFastVLine) refers to bsp.o(i.writedata) for writedata
    bsp.o(i.BSP_LCD_DrawFastVLine) refers to bsp.o(.data) for _width
    bsp.o(i.BSP_LCD_DrawPixel) refers to bsp.o(i.setAddrWindow) for setAddrWindow
    bsp.o(i.BSP_LCD_DrawPixel) refers to bsp.o(i.pushColor) for pushColor
    bsp.o(i.BSP_LCD_DrawPixel) refers to bsp.o(.data) for _width
    bsp.o(i.BSP_LCD_DrawString) refers to bsp.o(i.BSP_LCD_DrawChar) for BSP_LCD_DrawChar
    bsp.o(i.BSP_LCD_Drawaxes) refers to bsp.o(i.BSP_LCD_FillRect) for BSP_LCD_FillRect
    bsp.o(i.BSP_LCD_Drawaxes) refers to bsp.o(i.BSP_LCD_DrawFastHLine) for BSP_LCD_DrawFastHLine
    bsp.o(i.BSP_LCD_Drawaxes) refers to bsp.o(i.BSP_LCD_DrawFastVLine) for BSP_LCD_DrawFastVLine
    bsp.o(i.BSP_LCD_Drawaxes) refers to bsp.o(i.BSP_LCD_DrawPixel) for BSP_LCD_DrawPixel
    bsp.o(i.BSP_LCD_Drawaxes) refers to bsp.o(i.BSP_LCD_DrawChar) for BSP_LCD_DrawChar
    bsp.o(i.BSP_LCD_Drawaxes) refers to bsp.o(.data) for Ymax
    bsp.o(i.BSP_LCD_FillRect) refers to bsp.o(i.setAddrWindow) for setAddrWindow
    bsp.o(i.BSP_LCD_FillRect) refers to bsp.o(i.writedata) for writedata
    bsp.o(i.BSP_LCD_FillRect) refers to bsp.o(.data) for _width
    bsp.o(i.BSP_LCD_FillScreen) refers to bsp.o(i.BSP_LCD_FillRect) for BSP_LCD_FillRect
    bsp.o(i.BSP_LCD_FillScreen) refers to bsp.o(.data) for _height
    bsp.o(i.BSP_LCD_Init) refers to bsp.o(i.ST7735_InitR) for ST7735_InitR
    bsp.o(i.BSP_LCD_OutUDec) refers to bsp.o(i.fillmessage) for fillmessage
    bsp.o(i.BSP_LCD_OutUDec) refers to bsp.o(i.BSP_LCD_DrawString) for BSP_LCD_DrawString
    bsp.o(i.BSP_LCD_OutUDec) refers to bsp.o(i.BSP_LCD_DrawChar) for BSP_LCD_DrawChar
    bsp.o(i.BSP_LCD_OutUDec) refers to bsp.o(.data) for StTextColor
    bsp.o(i.BSP_LCD_OutUDec) refers to bsp.o(.bss) for Message
    bsp.o(i.BSP_LCD_OutUDec4) refers to bsp.o(i.fillmessage4) for fillmessage4
    bsp.o(i.BSP_LCD_OutUDec4) refers to bsp.o(i.BSP_LCD_DrawString) for BSP_LCD_DrawString
    bsp.o(i.BSP_LCD_OutUDec4) refers to bsp.o(i.BSP_LCD_DrawChar) for BSP_LCD_DrawChar
    bsp.o(i.BSP_LCD_OutUDec4) refers to bsp.o(.data) for Messageindex
    bsp.o(i.BSP_LCD_OutUDec4) refers to bsp.o(.bss) for Message
    bsp.o(i.BSP_LCD_OutUDec5) refers to bsp.o(i.fillmessage5) for fillmessage5
    bsp.o(i.BSP_LCD_OutUDec5) refers to bsp.o(i.BSP_LCD_DrawString) for BSP_LCD_DrawString
    bsp.o(i.BSP_LCD_OutUDec5) refers to bsp.o(i.BSP_LCD_DrawChar) for BSP_LCD_DrawChar
    bsp.o(i.BSP_LCD_OutUDec5) refers to bsp.o(.data) for Messageindex
    bsp.o(i.BSP_LCD_OutUDec5) refers to bsp.o(.bss) for Message
    bsp.o(i.BSP_LCD_OutUFix2_1) refers to bsp.o(i.fillmessage2_1) for fillmessage2_1
    bsp.o(i.BSP_LCD_OutUFix2_1) refers to bsp.o(i.BSP_LCD_DrawString) for BSP_LCD_DrawString
    bsp.o(i.BSP_LCD_OutUFix2_1) refers to bsp.o(i.BSP_LCD_DrawChar) for BSP_LCD_DrawChar
    bsp.o(i.BSP_LCD_OutUFix2_1) refers to bsp.o(.data) for StY
    bsp.o(i.BSP_LCD_OutUFix2_1) refers to bsp.o(.bss) for Message
    bsp.o(i.BSP_LCD_OutUHex2) refers to bsp.o(i.fillmessage2_Hex) for fillmessage2_Hex
    bsp.o(i.BSP_LCD_OutUHex2) refers to bsp.o(i.BSP_LCD_DrawString) for BSP_LCD_DrawString
[...]
    Removing filteringfunctions.o(i.arm_fir_lattice_init_f32), (30 bytes).
    Removing filteringfunctions.o(i.arm_fir_lattice_init_q15), (30 bytes).
    Removing filteringfunctions.o(i.arm_fir_lattice_init_q31), (30 bytes).
    Removing filteringfunctions.o(i.arm_fir_lattice_q15), (188 bytes).
    Removing filteringfunctions.o(i.arm_fir_lattice_q31), (166 bytes).
    Removing filteringfunctions.o(i.arm_fir_q15), (200 bytes).
    Removing filteringfunctions.o(i.arm_fir_q31), (188 bytes).
    Removing filteringfunctions.o(i.arm_fir_q7), (146 bytes).
    Removing filteringfunctions.o(i.arm_fir_sparse_f32), (746 bytes).
    Removing filteringfunctions.o(i.arm_fir_sparse_init_f32), (54 bytes).
    Removing filteringfunctions.o(i.arm_fir_sparse_init_q15), (54 bytes).
    Removing filteringfunctions.o(i.arm_fir_sparse_init_q31), (54 bytes).
    Removing filteringfunctions.o(i.arm_fir_sparse_init_q7), (52 bytes).
    Removing filteringfunctions.o(i.arm_fir_sparse_q15), (950 bytes).
    Removing filteringfunctions.o(i.arm_fir_sparse_q31), (972 bytes).
    Removing filteringfunctions.o(i.arm_fir_sparse_q7), (952 bytes).
    Removing filteringfunctions.o(i.arm_iir_lattice_f32), (218 bytes).
    Removing filteringfunctions.o(i.arm_iir_lattice_init_f32), (42 bytes).
    Removing filteringfunctions.o(i.arm_iir_lattice_init_q15), (42 bytes).
    Removing filteringfunctions.o(i.arm_iir_lattice_init_q31), (42 bytes).
    Removing filteringfunctions.o(i.arm_iir_lattice_q15), (448 bytes).
    Removing filteringfunctions.o(i.arm_iir_lattice_q31), (434 bytes).
    Removing filteringfunctions.o(i.arm_lms_f32), (226 bytes).
    Removing filteringfunctions.o(i.arm_lms_init_f32), (44 bytes).
    Removing filteringfunctions.o(i.arm_lms_init_q15), (52 bytes).
    Removing filteringfunctions.o(i.arm_lms_init_q31), (52 bytes).
    Removing filteringfunctions.o(i.arm_lms_norm_f32), (300 bytes).
    Removing filteringfunctions.o(i.arm_lms_norm_init_f32), (50 bytes).
    Removing filteringfunctions.o(i.arm_lms_norm_init_q15), (68 bytes).
    Removing filteringfunctions.o(i.arm_lms_norm_init_q31), (68 bytes).
    Removing filteringfunctions.o(i.arm_lms_norm_q15), (616 bytes).
    Removing filteringfunctions.o(i.arm_lms_norm_q31), (646 bytes).
    Removing filteringfunctions.o(i.arm_lms_q15), (380 bytes).
    Removing filteringfunctions.o(i.arm_lms_q31), (302 bytes).
    Removing matrixfunctions.o(.rev16_text), (4 bytes).
    Removing matrixfunctions.o(.revsh_text), (4 bytes).
    Removing matrixfunctions.o(.rrx_text), (6 bytes).
    Removing matrixfunctions.o(i.arm_mat_add_f32), (68 bytes).
    Removing matrixfunctions.o(i.arm_mat_add_q15), (60 bytes).
    Removing matrixfunctions.o(i.arm_mat_add_q31), (56 bytes).
    Removing matrixfunctions.o(i.arm_mat_cmplx_mult_f32), (262 bytes).
    Removing matrixfunctions.o(i.arm_mat_cmplx_mult_q15), (516 bytes).
    Removing matrixfunctions.o(i.arm_mat_cmplx_mult_q31), (314 bytes).
    Removing matrixfunctions.o(i.arm_mat_init_f32), (8 bytes).
    Removing matrixfunctions.o(i.arm_mat_init_q15), (8 bytes).
    Removing matrixfunctions.o(i.arm_mat_init_q31), (8 bytes).
    Removing matrixfunctions.o(i.arm_mat_inverse_f32), (618 bytes).
    Removing matrixfunctions.o(i.arm_mat_inverse_f64), (860 bytes).
    Removing matrixfunctions.o(i.arm_mat_mult_f32), (186 bytes).
    Removing matrixfunctions.o(i.arm_mat_mult_fast_q15), (1112 bytes).
    Removing matrixfunctions.o(i.arm_mat_mult_fast_q31), (574 bytes).
    Removing matrixfunctions.o(i.arm_mat_mult_q15), (542 bytes).
    Removing matrixfunctions.o(i.arm_mat_mult_q31), (172 bytes).
    Removing matrixfunctions.o(i.arm_mat_scale_f32), (56 bytes).
    Removing matrixfunctions.o(i.arm_mat_scale_q15), (62 bytes).
    Removing matrixfunctions.o(i.arm_mat_scale_q31), (80 bytes).
    Removing matrixfunctions.o(i.arm_mat_sub_f32), (68 bytes).
    Removing matrixfunctions.o(i.arm_mat_sub_q15), (60 bytes).
    Removing matrixfunctions.o(i.arm_mat_sub_q31), (56 bytes).
    Removing matrixfunctions.o(i.arm_mat_trans_f32), (68 bytes).
    Removing matrixfunctions.o(i.arm_mat_trans_q15), (70 bytes).
    Removing matrixfunctions.o(i.arm_mat_trans_q31), (68 bytes).
    Removing svmfunctions.o(.rev16_text), (4 bytes).
    Removing svmfunctions.o(.revsh_text), (4 bytes).
    Removing svmfunctions.o(.rrx_text), (6 bytes).
    Removing svmfunctions.o(i.arm_svm_linear_init_f32), (20 bytes).
    Removing svmfunctions.o(i.arm_svm_linear_predict_f32), (124 bytes).
    Removing svmfunctions.o(i.arm_svm_polynomial_init_f32), (40 bytes).
    Removing svmfunctions.o(i.arm_svm_polynomial_predict_f32), (178 bytes).
    Removing svmfunctions.o(i.arm_svm_rbf_init_f32), (22 bytes).
    Removing svmfunctions.o(i.arm_svm_rbf_predict_f32), (172 bytes).
    Removing svmfunctions.o(i.arm_svm_sigmoid_init_f32), (28 bytes).
    Removing svmfunctions.o(i.arm_svm_sigmoid_predict_f32), (148 bytes).
    Removing statisticsfunctions.o(.rev16_text), (4 bytes).
    Removing statisticsfunctions.o(.revsh_text), (4 bytes).
    Removing statisticsfunctions.o(.rrx_text), (6 bytes).
    Removing statisticsfunctions.o(i.arm_entropy_f32), (62 bytes).
    Removing statisticsfunctions.o(i.arm_entropy_f64), (86 bytes).
    Removing statisticsfunctions.o(i.arm_kullback_leibler_f32), (84 bytes).
    Removing statisticsfunctions.o(i.arm_kullback_leibler_f64), (122 bytes).
    Removing statisticsfunctions.o(i.arm_logsumexp_dot_prod_f32), (40 bytes).
    Removing statisticsfunctions.o(i.arm_logsumexp_f32), (108 bytes).
    Removing statisticsfunctions.o(i.arm_max_f32), (60 bytes).
    Removing statisticsfunctions.o(i.arm_max_no_idx_f32), (44 bytes).
    Removing statisticsfunctions.o(i.arm_max_q15), (40 bytes).
    Removing statisticsfunctions.o(i.arm_max_q31), (36 bytes).
    Removing statisticsfunctions.o(i.arm_max_q7), (40 bytes).
    Removing statisticsfunctions.o(i.arm_mean_f32), (56 bytes).
    Removing statisticsfunctions.o(i.arm_mean_q15), (30 bytes).
    Removing statisticsfunctions.o(i.arm_mean_q31), (56 bytes).
    Removing statisticsfunctions.o(i.arm_mean_q7), (30 bytes).
    Removing statisticsfunctions.o(i.arm_min_f32), (60 bytes).
    Removing statisticsfunctions.o(i.arm_min_q15), (40 bytes).
    Removing statisticsfunctions.o(i.arm_min_q31), (36 bytes).
    Removing statisticsfunctions.o(i.arm_min_q7), (40 bytes).
    Removing statisticsfunctions.o(i.arm_power_f32), (56 bytes).
    Removing statisticsfunctions.o(i.arm_power_q15), (50 bytes).
    Removing statisticsfunctions.o(i.arm_power_q31), (54 bytes).
    Removing statisticsfunctions.o(i.arm_power_q7), (28 bytes).
    Removing statisticsfunctions.o(i.arm_rms_f32), (96 bytes).
    Removing statisticsfunctions.o(i.arm_rms_q15), (78 bytes).
    Removing statisticsfunctions.o(i.arm_rms_q31), (96 bytes).
    Removing statisticsfunctions.o(i.arm_std_f32), (48 bytes).
    Removing statisticsfunctions.o(i.arm_std_q15), (128 bytes).
    Removing statisticsfunctions.o(i.arm_std_q31), (168 bytes).
    Removing statisticsfunctions.o(i.arm_var_f32), (144 bytes).
    Removing statisticsfunctions.o(i.arm_var_q15), (152 bytes).
    Removing statisticsfunctions.o(i.arm_var_q31), (166 bytes).
    Removing supportfunctions.o(.rev16_text), (4 bytes).
    Removing supportfunctions.o(.revsh_text), (4 bytes).
    Removing supportfunctions.o(.rrx_text), (6 bytes).
    Removing supportfunctions.o(i.arm_barycenter_f32), (150 bytes).
    Removing supportfunctions.o(i.arm_bitonic_sort_core_f32), (154 bytes).
    Removing supportfunctions.o(i.arm_bitonic_sort_f32), (92 bytes).
    Removing supportfunctions.o(i.arm_bubble_sort_f32), (120 bytes).
    Removing supportfunctions.o(i.arm_copy_f32), (18 bytes).
    Removing supportfunctions.o(i.arm_copy_q15), (22 bytes).
    Removing supportfunctions.o(i.arm_copy_q31), (18 bytes).
    Removing supportfunctions.o(i.arm_copy_q7), (22 bytes).
    Removing supportfunctions.o(i.arm_fill_f32), (16 bytes).
    Removing supportfunctions.o(i.arm_fill_q15), (18 bytes).
    Removing supportfunctions.o(i.arm_fill_q31), (16 bytes).
    Removing supportfunctions.o(i.arm_fill_q7), (18 bytes).
    Removing supportfunctions.o(i.arm_float_to_q15), (52 bytes).
    Removing supportfunctions.o(i.arm_float_to_q31), (72 bytes).
    Removing supportfunctions.o(i.arm_float_to_q7), (52 bytes).
    Removing supportfunctions.o(i.arm_heap_sort_f32), (102 bytes).
    Removing supportfunctions.o(i.arm_heapify), (122 bytes).
    Removing supportfunctions.o(i.arm_insertion_sort_f32), (110 bytes).
    Removing supportfunctions.o(i.arm_merge_sort_core_f32), (76 bytes).
    Removing supportfunctions.o(i.arm_merge_sort_f32), (62 bytes).
    Removing supportfunctions.o(i.arm_merge_sort_init_f32), (6 bytes).
    Removing supportfunctions.o(i.arm_q15_to_float), (46 bytes).
    Removing supportfunctions.o(i.arm_q15_to_q31), (24 bytes).
    Removing supportfunctions.o(i.arm_q15_to_q7), (26 bytes).
    Removing supportfunctions.o(i.arm_q31_to_float), (48 bytes).
    Removing supportfunctions.o(i.arm_q31_to_q15), (24 bytes).
    Removing supportfunctions.o(i.arm_q31_to_q7), (24 bytes).
    Removing supportfunctions.o(i.arm_q7_to_float), (46 bytes).
    Removing supportfunctions.o(i.arm_q7_to_q15), (26 bytes).
    Removing supportfunctions.o(i.arm_q7_to_q31), (24 bytes).
    Removing supportfunctions.o(i.arm_quick_sort_core_f32), (60 bytes).
    Removing supportfunctions.o(i.arm_quick_sort_f32), (50 bytes).
    Removing supportfunctions.o(i.arm_quick_sort_partition_f32), (138 bytes).
    Removing supportfunctions.o(i.arm_selection_sort_f32), (124 bytes).
    Removing supportfunctions.o(i.arm_sort_f32), (118 bytes).
    Removing supportfunctions.o(i.arm_sort_init_f32), (6 bytes).
    Removing supportfunctions.o(i.arm_spline_f32), (490 bytes).
    Removing supportfunctions.o(i.arm_spline_init_f32), (556 bytes).
    Removing supportfunctions.o(i.arm_weighted_sum_f32), (76 bytes).
    Removing supportfunctions.o(i.topDownMerge), (90 bytes).
    Removing transformfunctions.o(.rev16_text), (4 bytes).
    Removing transformfunctions.o(.revsh_text), (4 bytes).
    Removing transformfunctions.o(.rrx_text), (6 bytes).
    Removing transformfunctions.o(i.arm_bitreversal_16), (74 bytes).
    Removing transformfunctions.o(i.arm_bitreversal_32), (72 bytes).
    Removing transformfunctions.o(i.arm_bitreversal_64), (184 bytes).
    Removing transformfunctions.o(i.arm_bitreversal_f32), (362 bytes).
    Removing transformfunctions.o(i.arm_bitreversal_q15), (134 bytes).
    Removing transformfunctions.o(i.arm_bitreversal_q31), (356 bytes).
    Removing transformfunctions.o(i.arm_cfft_f32), (230 bytes).
    Removing transformfunctions.o(i.arm_cfft_f64), (268 bytes).
    Removing transformfunctions.o(i.arm_cfft_init_f32), (288 bytes).
    Removing transformfunctions.o(i.arm_cfft_init_f64), (288 bytes).
    Removing transformfunctions.o(i.arm_cfft_init_q15), (288 bytes).
    Removing transformfunctions.o(i.arm_cfft_init_q31), (288 bytes).
    Removing transformfunctions.o(i.arm_cfft_q15), (226 bytes).
    Removing transformfunctions.o(i.arm_cfft_q31), (226 bytes).
    Removing transformfunctions.o(i.arm_cfft_radix2_f32), (62 bytes).
    Removing transformfunctions.o(i.arm_cfft_radix2_init_f32), (268 bytes).
    Removing transformfunctions.o(i.arm_cfft_radix2_init_q15), (216 bytes).
    Removing transformfunctions.o(i.arm_cfft_radix2_init_q31), (216 bytes).
    Removing transformfunctions.o(i.arm_cfft_radix2_q15), (52 bytes).
    Removing transformfunctions.o(i.arm_cfft_radix2_q31), (52 bytes).
    Removing transformfunctions.o(i.arm_cfft_radix4_f32), (62 bytes).
    Removing transformfunctions.o(i.arm_cfft_radix4_init_f32), (168 bytes).
    Removing transformfunctions.o(i.arm_cfft_radix4_init_q15), (140 bytes).
    Removing transformfunctions.o(i.arm_cfft_radix4_init_q31), (140 bytes).
    Removing transformfunctions.o(i.arm_cfft_radix4_q15), (58 bytes).
    Removing transformfunctions.o(i.arm_cfft_radix4_q31), (58 bytes).
    Removing transformfunctions.o(i.arm_cfft_radix4by2_f64), (392 bytes).
    Removing transformfunctions.o(i.arm_cfft_radix4by2_inverse_q15), (340 bytes).
    Removing transformfunctions.o(i.arm_cfft_radix4by2_inverse_q31), (374 bytes).
    Removing transformfunctions.o(i.arm_cfft_radix4by2_q15), (340 bytes).
    Removing transformfunctions.o(i.arm_cfft_radix4by2_q31), (376 bytes).
    Removing transformfunctions.o(i.arm_cfft_radix8by2_f32), (586 bytes).
    Removing transformfunctions.o(i.arm_cfft_radix8by4_f32), (2648 bytes).
    Removing transformfunctions.o(i.arm_dct4_f32), (220 bytes).
    Removing transformfunctions.o(i.arm_dct4_init_f32), (160 bytes).
    Removing transformfunctions.o(i.arm_dct4_init_q15), (156 bytes).
    Removing transformfunctions.o(i.arm_dct4_init_q31), (156 bytes).
    Removing transformfunctions.o(i.arm_dct4_q15), (244 bytes).
    Removing transformfunctions.o(i.arm_dct4_q31), (226 bytes).
    Removing transformfunctions.o(i.arm_radix2_butterfly_f32), (638 bytes).
    Removing transformfunctions.o(i.arm_radix2_butterfly_inverse_f32), (676 bytes).
    Removing transformfunctions.o(i.arm_radix2_butterfly_inverse_q15), (1492 bytes).
    Removing transformfunctions.o(i.arm_radix2_butterfly_inverse_q31), (1076 bytes).
    Removing transformfunctions.o(i.arm_radix2_butterfly_q15), (1628 bytes).
    Removing transformfunctions.o(i.arm_radix2_butterfly_q31), (1102 bytes).
    Removing transformfunctions.o(i.arm_radix4_butterfly_f32), (668 bytes).
    Removing transformfunctions.o(i.arm_radix4_butterfly_f64), (944 bytes).
    Removing transformfunctions.o(i.arm_radix4_butterfly_inverse_f32), (1078 bytes).
    Removing transformfunctions.o(i.arm_radix4_butterfly_inverse_q15), (1760 bytes).
    Removing transformfunctions.o(i.arm_radix4_butterfly_inverse_q31), (1912 bytes).
    Removing transformfunctions.o(i.arm_radix4_butterfly_q15), (1760 bytes).
    Removing transformfunctions.o(i.arm_radix4_butterfly_q31), (1912 bytes).
    Removing transformfunctions.o(i.arm_radix8_butterfly_f32), (3044 bytes).
    Removing transformfunctions.o(i.arm_rfft_1024_fast_init_f32), (48 bytes).
    Removing transformfunctions.o(i.arm_rfft_1024_fast_init_f64), (56 bytes).
    Removing transformfunctions.o(i.arm_rfft_128_fast_init_f32), (44 bytes).
    Removing transformfunctions.o(i.arm_rfft_128_fast_init_f64), (52 bytes).
    Removing transformfunctions.o(i.arm_rfft_2048_fast_init_f32), (48 bytes).
    Removing transformfunctions.o(i.arm_rfft_2048_fast_init_f64), (56 bytes).
    Removing transformfunctions.o(i.arm_rfft_256_fast_init_f32), (48 bytes).
    Removing transformfunctions.o(i.arm_rfft_256_fast_init_f64), (52 bytes).
    Removing transformfunctions.o(i.arm_rfft_32_fast_init_f32), (44 bytes).
    Removing transformfunctions.o(i.arm_rfft_32_fast_init_f64), (52 bytes).
    Removing transformfunctions.o(i.arm_rfft_4096_fast_init_f32), (48 bytes).
    Removing transformfunctions.o(i.arm_rfft_4096_fast_init_f64), (56 bytes).
    Removing transformfunctions.o(i.arm_rfft_512_fast_init_f32), (48 bytes).
    Removing transformfunctions.o(i.arm_rfft_512_fast_init_f64), (56 bytes).
    Removing transformfunctions.o(i.arm_rfft_64_fast_init_f32), (44 bytes).
    Removing transformfunctions.o(i.arm_rfft_64_fast_init_f64), (52 bytes).
    Removing transformfunctions.o(i.arm_rfft_f32), (124 bytes).
    Removing transformfunctions.o(i.arm_rfft_fast_f32), (66 bytes).
    Removing transformfunctions.o(i.arm_rfft_fast_f64), (76 bytes).
    Removing transformfunctions.o(i.arm_rfft_fast_init_f32), (140 bytes).
    Removing transformfunctions.o(i.arm_rfft_fast_init_f64), (140 bytes).
    Removing transformfunctions.o(i.arm_rfft_init_f32), (148 bytes).
    Removing transformfunctions.o(i.arm_rfft_init_q15), (224 bytes).
    Removing transformfunctions.o(i.arm_rfft_init_q31), (224 bytes).
    Removing transformfunctions.o(i.arm_rfft_q15), (116 bytes).
    Removing transformfunctions.o(i.arm_rfft_q31), (114 bytes).
    Removing transformfunctions.o(i.arm_split_rfft_f32), (318 bytes).
    Removing transformfunctions.o(i.arm_split_rfft_q15), (430 bytes).
    Removing transformfunctions.o(i.arm_split_rfft_q31), (518 bytes).
    Removing transformfunctions.o(i.arm_split_rifft_f32), (218 bytes).
    Removing transformfunctions.o(i.arm_split_rifft_q15), (278 bytes).
    Removing transformfunctions.o(i.arm_split_rifft_q31), (318 bytes).
    Removing transformfunctions.o(i.merge_rfft_f32), (266 bytes).
    Removing transformfunctions.o(i.merge_rfft_f64), (404 bytes).
    Removing transformfunctions.o(i.stage_rfft_f32), (306 bytes).
    Removing transformfunctions.o(i.stage_rfft_f64), (448 bytes).
    Removing system_tm4c123.o(.rev16_text), (4 bytes).
    Removing system_tm4c123.o(.revsh_text), (4 bytes).
    Removing system_tm4c123.o(.rrx_text), (6 bytes).
    Removing system_tm4c123.o(i.SystemCoreClockUpdate), (196 bytes).
    Removing system_tm4c123.o(i.SystemInit), (136 bytes).
    Removing system_tm4c123.o(i.getOscClk), (248 bytes).
    Removing system_tm4c123.o(.data), (4 bytes).

505 unused section(s) (total 1028784 bytes) removed from the image.

==============================================================================

Image Symbol Table

    Local Symbols

    Symbol Name                              Value     Ov Type        Size  Object(Section)

    RESET                                    0x00000000   Section      620  startup_tm4c123.o(RESET)
    ../clib/angel/boardlib.s                 0x00000000   Number         0  boardinit1.o ABSOLUTE
    ../clib/angel/boardlib.s                 0x00000000   Number         0  boardinit2.o ABSOLUTE
    ../clib/angel/boardlib.s                 0x00000000   Number         0  boardinit3.o ABSOLUTE
    ../clib/angel/boardlib.s                 0x00000000   Number         0  boardshut.o ABSOLUTE
    ../clib/angel/handlers.s                 0x00000000   Number         0  __scatter_copy.o ABSOLUTE
    ../clib/angel/handlers.s                 0x00000000   Number         0  __scatter_zi.o ABSOLUTE
    ../clib/angel/kernel.s                   0x00000000   Number         0  __rtentry2.o ABSOLUTE
    ../clib/angel/kernel.s                   0x00000000   Number         0  __rtentry4.o ABSOLUTE
    ../clib/angel/kernel.s                   0x00000000   Number         0  rtexit2.o ABSOLUTE
    ../clib/angel/kernel.s                   0x00000000   Number         0  __rtentry.o ABSOLUTE
    ../clib/angel/kernel.s                   0x00000000   Number         0  rtexit.o ABSOLUTE
    ../clib/angel/rt.s                       0x00000000   Number         0  aeabi_ldiv0.o ABSOLUTE
    ../clib/angel/rt.s                       0x00000000   Number         0  rt_div0.o ABSOLUTE
    ../clib/angel/rt.s                       0x00000000   Number         0  rt_errno_addr.o ABSOLUTE
    ../clib/angel/rt.s                       0x00000000   Number         0  rt_errno_addr_intlibspace.o ABSOLUTE
    ../clib/angel/rt.s                       0x00000000   Number         0  aeabi_ldiv0_sigfpe.o ABSOLUTE
    ../clib/angel/rt.s                       0x00000000   Number         0  rt_raise.o ABSOLUTE
    ../clib/angel/scatter.s                  0x00000000   Number         0  __scatter.o ABSOLUTE
    ../clib/angel/startup.s                  0x00000000   Number         0  __main.o ABSOLUTE
    ../clib/angel/sys.s                      0x00000000   Number         0  indicate_semi.o ABSOLUTE
    ../clib/angel/sys.s                      0x00000000   Number         0  libspace.o ABSOLUTE
    ../clib/angel/sys.s                      0x00000000   Number         0  sys_stackheap_outer.o ABSOLUTE
    ../clib/angel/sys.s                      0x00000000   Number         0  use_no_semi.o ABSOLUTE
    ../clib/angel/sysapp.c                   0x00000000   Number         0  sys_wrch.o ABSOLUTE
    ../clib/angel/sysapp.c                   0x00000000   Number         0  sys_command.o ABSOLUTE
    ../clib/angel/sysapp.c                   0x00000000   Number         0  sys_exit.o ABSOLUTE
    ../clib/armsys.c                         0x00000000   Number         0  argv_veneer.o ABSOLUTE
    ../clib/armsys.c                         0x00000000   Number         0  argv_veneer.o ABSOLUTE
    ../clib/armsys.c                         0x00000000   Number         0  _get_argv_nomalloc.o ABSOLUTE
    ../clib/armsys.c                         0x00000000   Number         0  no_argv.o ABSOLUTE
    ../clib/fenv.c                           0x00000000   Number         0  _rserrno.o ABSOLUTE
    ../clib/heapalloc.c                      0x00000000   Number         0  hrguard.o ABSOLUTE
    ../clib/heapaux.c                        0x00000000   Number         0  heapauxi.o ABSOLUTE
    ../clib/libinit.s                        0x00000000   Number         0  libinit2.o ABSOLUTE
    ../clib/libinit.s                        0x00000000   Number         0  libshutdown2.o ABSOLUTE
    ../clib/libinit.s                        0x00000000   Number         0  libinit.o ABSOLUTE
    ../clib/libinit.s                        0x00000000   Number         0  libshutdown.o ABSOLUTE
    ../clib/longlong.s                       0x00000000   Number         0  llsdiv.o ABSOLUTE
    ../clib/longlong.s                       0x00000000   Number         0  llshl.o ABSOLUTE
    ../clib/longlong.s                       0x00000000   Number         0  lludivv7m.o ABSOLUTE
    ../clib/longlong.s                       0x00000000   Number         0  llsshr.o ABSOLUTE
    ../clib/memcpset.s                       0x00000000   Number         0  rt_memcpy_w.o ABSOLUTE
    ../clib/memcpset.s                       0x00000000   Number         0  rt_memclr.o ABSOLUTE
    ../clib/memcpset.s                       0x00000000   Number         0  rt_memclr_w.o ABSOLUTE
    ../clib/signal.c                         0x00000000   Number         0  defsig_fpe_outer.o ABSOLUTE
    ../clib/signal.c                         0x00000000   Number         0  defsig_fpe_inner.o ABSOLUTE
    ../clib/signal.c                         0x00000000   Number         0  defsig_other.o ABSOLUTE
    ../clib/signal.c                         0x00000000   Number         0  defsig_segv_inner.o ABSOLUTE
    ../clib/signal.c                         0x00000000   Number         0  defsig_cppl_inner.o ABSOLUTE
    ../clib/signal.c                         0x00000000   Number         0  defsig_pvfn_inner.o ABSOLUTE
    ../clib/signal.c                         0x00000000   Number         0  defsig_stak_inner.o ABSOLUTE
    ../clib/signal.c                         0x00000000   Number         0  defsig_rtmem_formal.o ABSOLUTE
    ../clib/signal.c                         0x00000000   Number         0  defsig_rtmem_outer.o ABSOLUTE
    ../clib/signal.c                         0x00000000   Number         0  defsig_rtmem_inner.o ABSOLUTE
    ../clib/signal.c                         0x00000000   Number         0  defsig_rtred_inner.o ABSOLUTE
    ../clib/signal.c                         0x00000000   Number         0  defsig_abrt_inner.o ABSOLUTE
    ../clib/signal.c                         0x00000000   Number         0  defsig_general.o ABSOLUTE
    ../clib/signal.c                         0x00000000   Number         0  __raise.o ABSOLUTE
    ../clib/signal.c                         0x00000000   Number         0  defsig_exit.o ABSOLUTE
    ../clib/signal.c                         0x00000000   Number         0  defsig_fpe_formal.o ABSOLUTE
    ../clib/signal.s                         0x00000000   Number         0  defsig.o ABSOLUTE
    ../clib/stdlib.c                         0x00000000   Number         0  exit.o ABSOLUTE
    ../fplib/d2f.s                           0x00000000   Number         0  d2f.o ABSOLUTE
    ../fplib/daddsub.s                       0x00000000   Number         0  daddsub_clz.o ABSOLUTE
    ../fplib/dcheck1.s                       0x00000000   Number         0  dcheck1.o ABSOLUTE
    ../fplib/dcmpi.s                         0x00000000   Number         0  dcmpi.o ABSOLUTE
    ../fplib/ddiv.s                          0x00000000   Number         0  ddiv.o ABSOLUTE
    ../fplib/deqf.s                          0x00000000   Number         0  deqf.o ABSOLUTE
    ../fplib/dflt.s                          0x00000000   Number         0  dflt_clz.o ABSOLUTE
    ../fplib/dmul.s                          0x00000000   Number         0  dmul.o ABSOLUTE
    ../fplib/dnaninf.s                       0x00000000   Number         0  dnaninf.o ABSOLUTE
    ../fplib/dretinf.s                       0x00000000   Number         0  dretinf.o ABSOLUTE
    ../fplib/f2d.s                           0x00000000   Number         0  f2d.o ABSOLUTE
    ../fplib/faddsub.s                       0x00000000   Number         0  faddsub_clz.o ABSOLUTE
    ../fplib/fcheck1.s                       0x00000000   Number         0  fcheck1.o ABSOLUTE
    ../fplib/fcmpi.s                         0x00000000   Number         0  fcmpi.o ABSOLUTE
    ../fplib/fdiv.s                          0x00000000   Number         0  fdiv.o ABSOLUTE
    ../fplib/feqf.s                          0x00000000   Number         0  feqf.o ABSOLUTE
    ../fplib/ffix.s                          0x00000000   Number         0  ffix.o ABSOLUTE
    ../fplib/ffixll.s                        0x00000000   Number         0  ffixll.o ABSOLUTE
    ../fplib/ffixu.s                         0x00000000   Number         0  ffixu.o ABSOLUTE
    ../fplib/fflt.s                          0x00000000   Number         0  fflt_clz.o ABSOLUTE
    ../fplib/fleqf.s                         0x00000000   Number         0  fleqf.o ABSOLUTE
    ../fplib/fmul.s                          0x00000000   Number         0  fmul.o ABSOLUTE
    ../fplib/fnaninf.s                       0x00000000   Number         0  fnaninf.o ABSOLUTE
    ../fplib/fpinit.s                        0x00000000   Number         0  fpinit.o ABSOLUTE
    ../fplib/fretinf.s                       0x00000000   Number         0  fretinf.o ABSOLUTE
    ../fplib/frleqf.s                        0x00000000   Number         0  frleqf.o ABSOLUTE
    ../fplib/frnd.s                          0x00000000   Number         0  frnd.o ABSOLUTE
    ../fplib/fsqrt.s                         0x00000000   Number         0  fsqrt.o ABSOLUTE
    ../fplib/istatus.s                       0x00000000   Number         0  istatus.o ABSOLUTE
    ../fplib/retnan.s                        0x00000000   Number         0  retnan.o ABSOLUTE
    ../fplib/scalbn.s                        0x00000000   Number         0  scalbn.o ABSOLUTE
    ../fplib/scalbnf.s                       0x00000000   Number         0  scalbnf.o ABSOLUTE
    ../fplib/trapv.s                         0x00000000   Number         0  trapv.o ABSOLUTE
    ../fplib/usenofp.s                       0x00000000   Number         0  usenofp.o ABSOLUTE
    ../mathlib/dunder.c                      0x00000000   Number         0  dunder.o ABSOLUTE
    ../mathlib/expf.c                        0x00000000   Number         0  expf.o ABSOLUTE
    ../mathlib/expf.c                        0x00000000   Number         0  expf_x.o ABSOLUTE
    ../mathlib/fpclassifyf.c                 0x00000000   Number         0  fpclassifyf.o ABSOLUTE
    ../mathlib/funder.c                      0x00000000   Number         0  funder.o ABSOLUTE
    ../mathlib/log.c                         0x00000000   Number         0  log.o ABSOLUTE
    ../mathlib/log.c                         0x00000000   Number         0  log_x.o ABSOLUTE
    ../mathlib/logf.c                        0x00000000   Number         0  logf.o ABSOLUTE
    ../mathlib/logf.c                        0x00000000   Number         0  logf_x.o ABSOLUTE
    ../mathlib/poly.c                        0x00000000   Number         0  poly.o ABSOLUTE
    ../mathlib/powf.c                        0x00000000   Number         0  powf.o ABSOLUTE
    ../mathlib/powf.c                        0x00000000   Number         0  powf_x.o ABSOLUTE
    ../mathlib/qnan.c                        0x00000000   Number         0  qnan.o ABSOLUTE
    ../mathlib/sqrtf.c                       0x00000000   Number         0  sqrtf.o ABSOLUTE
    ../mathlib/sqrtf.c                       0x00000000   Number         0  sqrtf_x.o ABSOLUTE
    ../mathlib/tanhf.c                       0x00000000   Number         0  tanhf.o ABSOLUTE
    ../mathlib/tanhf.c                       0x00000000   Number         0  tanhf_x.o ABSOLUTE
    ..\\inc\\BSP.c                           0x00000000   Number         0  bsp.o ABSOLUTE
    ..\inc\BSP.c                             0x00000000   Number         0  bsp.o ABSOLUTE
    ..\inc\Profile.c                         0x00000000   Number         0  profile.o ABSOLUTE
    C:\Users\dking\AppData\Local\Arm\Packs\ARM\CMSIS\5.7.0\CMSIS\DSP\Source\BasicMathFunctions\BasicMathFunctions.c 0x00000000   Number         0  basicmathfunctions.o ABSOLUTE
    C:\Users\dking\AppData\Local\Arm\Packs\ARM\CMSIS\5.7.0\CMSIS\DSP\Source\BayesFunctions\BayesFunctions.c 0x00000000   Number         0  bayesfunctions.o ABSOLUTE
    C:\Users\dking\AppData\Local\Arm\Packs\ARM\CMSIS\5.7.0\CMSIS\DSP\Source\CommonTables\CommonTables.c 0x00000000   Number         0  commontables.o ABSOLUTE
    C:\Users\dking\AppData\Local\Arm\Packs\ARM\CMSIS\5.7.0\CMSIS\DSP\Source\ComplexMathFunctions\ComplexMathFunctions.c 0x00000000   Number         0  complexmathfunctions.o ABSOLUTE
    C:\Users\dking\AppData\Local\Arm\Packs\ARM\CMSIS\5.7.0\CMSIS\DSP\Source\ControllerFunctions\ControllerFunctions.c 0x00000000   Number         0  controllerfunctions.o ABSOLUTE
    C:\Users\dking\AppData\Local\Arm\Packs\ARM\CMSIS\5.7.0\CMSIS\DSP\Source\DistanceFunctions\DistanceFunctions.c 0x00000000   Number         0  distancefunctions.o ABSOLUTE
    C:\Users\dking\AppData\Local\Arm\Packs\ARM\CMSIS\5.7.0\CMSIS\DSP\Source\FastMathFunctions\FastMathFunctions.c 0x00000000   Number         0  fastmathfunctions.o ABSOLUTE
    C:\Users\dking\AppData\Local\Arm\Packs\ARM\CMSIS\5.7.0\CMSIS\DSP\Source\FilteringFunctions\FilteringFunctions.c 0x00000000   Number         0  filteringfunctions.o ABSOLUTE
    C:\Users\dking\AppData\Local\Arm\Packs\ARM\CMSIS\5.7.0\CMSIS\DSP\Source\MatrixFunctions\MatrixFunctions.c 0x00000000   Number         0  matrixfunctions.o ABSOLUTE
    C:\Users\dking\AppData\Local\Arm\Packs\ARM\CMSIS\5.7.0\CMSIS\DSP\Source\SVMFunctions\SVMFunctions.c 0x00000000   Number         0  svmfunctions.o ABSOLUTE
    C:\Users\dking\AppData\Local\Arm\Packs\ARM\CMSIS\5.7.0\CMSIS\DSP\Source\StatisticsFunctions\StatisticsFunctions.c 0x00000000   Number         0  statisticsfunctions.o ABSOLUTE
    C:\Users\dking\AppData\Local\Arm\Packs\ARM\CMSIS\5.7.0\CMSIS\DSP\Source\SupportFunctions\SupportFunctions.c 0x00000000   Number         0  supportfunctions.o ABSOLUTE
    C:\Users\dking\AppData\Local\Arm\Packs\ARM\CMSIS\5.7.0\CMSIS\DSP\Source\TransformFunctions\TransformFunctions.c 0x00000000   Number         0  transformfunctions.o ABSOLUTE
    C:\\Users\\dking\\AppData\\Local\\Arm\\Packs\\ARM\\CMSIS\\5.7.0\\CMSIS\\DSP\\Source\\BasicMathFunctions\\BasicMathFunctions.c 0x00000000   Number         0  basicmathfunctions.o ABSOLUTE
    C:\\Users\\dking\\AppData\\Local\\Arm\\Packs\\ARM\\CMSIS\\5.7.0\\CMSIS\\DSP\\Source\\BayesFunctions\\BayesFunctions.c 0x00000000   Number         0  bayesfunctions.o ABSOLUTE
    C:\\Users\\dking\\AppData\\Local\\Arm\\Packs\\ARM\\CMSIS\\5.7.0\\CMSIS\\DSP\\Source\\CommonTables\\CommonTables.c 0x00000000   Number         0  commontables.o ABSOLUTE
    C:\\Users\\dking\\AppData\\Local\\Arm\\Packs\\ARM\\CMSIS\\5.7.0\\CMSIS\\DSP\\Source\\ComplexMathFunctions\\ComplexMathFunctions.c 0x00000000   Number         0  complexmathfunctions.o ABSOLUTE
    C:\\Users\\dking\\AppData\\Local\\Arm\\Packs\\ARM\\CMSIS\\5.7.0\\CMSIS\\DSP\\Source\\ControllerFunctions\\ControllerFunctions.c 0x00000000   Number         0  controllerfunctions.o ABSOLUTE
    C:\\Users\\dking\\AppData\\Local\\Arm\\Packs\\ARM\\CMSIS\\5.7.0\\CMSIS\\DSP\\Source\\DistanceFunctions\\DistanceFunctions.c 0x00000000   Number         0  distancefunctions.o ABSOLUTE
    C:\\Users\\dking\\AppData\\Local\\Arm\\Packs\\ARM\\CMSIS\\5.7.0\\CMSIS\\DSP\\Source\\FastMathFunctions\\FastMathFunctions.c 0x00000000   Number         0  fastmathfunctions.o ABSOLUTE
    C:\\Users\\dking\\AppData\\Local\\Arm\\Packs\\ARM\\CMSIS\\5.7.0\\CMSIS\\DSP\\Source\\FilteringFunctions\\FilteringFunctions.c 0x00000000   Number         0  filteringfunctions.o ABSOLUTE
    C:\\Users\\dking\\AppData\\Local\\Arm\\Packs\\ARM\\CMSIS\\5.7.0\\CMSIS\\DSP\\Source\\MatrixFunctions\\MatrixFunctions.c 0x00000000   Number         0  matrixfunctions.o ABSOLUTE
    C:\\Users\\dking\\AppData\\Local\\Arm\\Packs\\ARM\\CMSIS\\5.7.0\\CMSIS\\DSP\\Source\\SVMFunctions\\SVMFunctions.c 0x00000000   Number         0  svmfunctions.o ABSOLUTE
    C:\\Users\\dking\\AppData\\Local\\Arm\\Packs\\ARM\\CMSIS\\5.7.0\\CMSIS\\DSP\\Source\\StatisticsFunctions\\StatisticsFunctions.c 0x00000000   Number         0  statisticsfunctions.o ABSOLUTE
    C:\\Users\\dking\\AppData\\Local\\Arm\\Packs\\ARM\\CMSIS\\5.7.0\\CMSIS\\DSP\\Source\\SupportFunctions\\SupportFunctions.c 0x00000000   Number         0  supportfunctions.o ABSOLUTE
    C:\\Users\\dking\\AppData\\Local\\Arm\\Packs\\ARM\\CMSIS\\5.7.0\\CMSIS\\DSP\\Source\\TransformFunctions\\TransformFunctions.c 0x00000000   Number         0  transformfunctions.o ABSOLUTE
    RTE\Device\TM4C123GH6PM\startup_TM4C123.s 0x00000000   Number         0  startup_tm4c123.o ABSOLUTE
    RTE\Device\TM4C123GH6PM\system_TM4C123.c 0x00000000   Number         0  system_tm4c123.o ABSOLUTE
    RTE\\Device\\TM4C123GH6PM\\system_TM4C123.c 0x00000000   Number         0  system_tm4c123.o ABSOLUTE
    dc.s                                     0x00000000   Number         0  dc.o ABSOLUTE
    os.c                                     0x00000000   Number         0  os.o ABSOLUTE
    os.c                                     0x00000000   Number         0  os.o ABSOLUTE
    osasm.s                                  0x00000000   Number         0  osasm.o ABSOLUTE
    user.c                                   0x00000000   Number         0  user.o ABSOLUTE
    !!!main                                  0x0000026c   Section        8  __main.o(!!!main)
    !!!scatter                               0x00000274   Section       52  __scatter.o(!!!scatter)
    !!handler_copy                           0x000002a8   Section       26  __scatter_copy.o(!!handler_copy)
    !!handler_zi                             0x000002c4   Section       28  __scatter_zi.o(!!handler_zi)
    .ARM.Collect$$libinit$$00000000          0x000002e0   Section        2  libinit.o(.ARM.Collect$$libinit$$00000000)
    .ARM.Collect$$libinit$$00000002          0x000002e2   Section        0  libinit2.o(.ARM.Collect$$libinit$$00000002)
    .ARM.Collect$$libinit$$00000004          0x000002e2   Section        0  libinit2.o(.ARM.Collect$$libinit$$00000004)
    .ARM.Collect$$libinit$$0000000A          0x000002e2   Section        0  libinit2.o(.ARM.Collect$$libinit$$0000000A)
    .ARM.Collect$$libinit$$0000000C          0x000002e2   Section        0  libinit2.o(.ARM.Collect$$libinit$$0000000C)
    .ARM.Collect$$libinit$$0000000E          0x000002e2   Section        0  libinit2.o(.ARM.Collect$$libinit$$0000000E)
    .ARM.Collect$$libinit$$00000011          0x000002e2   Section        0  libinit2.o(.ARM.Collect$$libinit$$00000011)
    .ARM.Collect$$libinit$$00000013          0x000002e2   Section        0  libinit2.o(.ARM.Collect$$libinit$$00000013)
    .ARM.Collect$$libinit$$00000015          0x000002e2   Section        0  libinit2.o(.ARM.Collect$$libinit$$00000015)
    .ARM.Collect$$libinit$$00000017          0x000002e2   Section        0  libinit2.o(.ARM.Collect$$libinit$$00000017)
    .ARM.Collect$$libinit$$00000019          0x000002e2   Section        0  libinit2.o(.ARM.Collect$$libinit$$00000019)
    .ARM.Collect$$libinit$$0000001B          0x000002e2   Section        0  libinit2.o(.ARM.Collect$$libinit$$0000001B)
    .ARM.Collect$$libinit$$0000001D          0x000002e2   Section        0  libinit2.o(.ARM.Collect$$libinit$$0000001D)
    .ARM.Collect$$libinit$$0000001F          0x000002e2   Section        0  libinit2.o(.ARM.Collect$$libinit$$0000001F)
    .ARM.Collect$$libinit$$00000021          0x000002e2   Section        0  libinit2.o(.ARM.Collect$$libinit$$00000021)
    .ARM.Collect$$libinit$$00000023          0x000002e2   Section        0  libinit2.o(.ARM.Collect$$libinit$$00000023)
    .ARM.Collect$$libinit$$00000025          0x000002e2   Section        0  libinit2.o(.ARM.Collect$$libinit$$00000025)
    .ARM.Collect$$libinit$$0000002C          0x000002e2   Section        0  libinit2.o(.ARM.Collect$$libinit$$0000002C)
    .ARM.Collect$$libinit$$0000002E          0x000002e2   Section        0  libinit2.o(.ARM.Collect$$libinit$$0000002E)
    .ARM.Collect$$libinit$$00000030          0x000002e2   Section        0  libinit2.o(.ARM.Collect$$libinit$$00000030)
    .ARM.Collect$$libinit$$00000032          0x000002e2   Section        0  libinit2.o(.ARM.Collect$$libinit$$00000032)
    .ARM.Collect$$libinit$$00000033          0x000002e2   Section        2  libinit2.o(.ARM.Collect$$libinit$$00000033)
    .ARM.Collect$$libshutdown$$00000000      0x000002e4   Section        2  libshutdown.o(.ARM.Collect$$libshutdown$$00000000)
    .ARM.Collect$$libshutdown$$00000002      0x000002e6   Section        0  libshutdown2.o(.ARM.Collect$$libshutdown$$00000002)
    .ARM.Collect$$libshutdown$$00000004      0x000002e6   Section        0  libshutdown2.o(.ARM.Collect$$libshutdown$$00000004)
    .ARM.Collect$$libshutdown$$00000007      0x000002e6   Section        0  libshutdown2.o(.ARM.Collect$$libshutdown$$00000007)
    .ARM.Collect$$libshutdown$$0000000A      0x000002e6   Section        0  libshutdown2.o(.ARM.Collect$$libshutdown$$0000000A)
    .ARM.Collect$$libshutdown$$0000000C      0x000002e6   Section        0  libshutdown2.o(.ARM.Collect$$libshutdown$$0000000C)
    .ARM.Collect$$libshutdown$$0000000F      0x000002e6   Section        0  libshutdown2.o(.ARM.Collect$$libshutdown$$0000000F)
    .ARM.Collect$$libshutdown$$00000010      0x000002e6   Section        2  libshutdown2.o(.ARM.Collect$$libshutdown$$00000010)
    .ARM.Collect$$rtentry$$00000000          0x000002e8   Section        0  __rtentry.o(.ARM.Collect$$rtentry$$00000000)
    .ARM.Collect$$rtentry$$00000002          0x000002e8   Section        0  __rtentry2.o(.ARM.Collect$$rtentry$$00000002)
    .ARM.Collect$$rtentry$$00000004          0x000002e8   Section        6  __rtentry4.o(.ARM.Collect$$rtentry$$00000004)
    .ARM.Collect$$rtentry$$00000009          0x000002ee   Section        0  __rtentry2.o(.ARM.Collect$$rtentry$$00000009)
    .ARM.Collect$$rtentry$$0000000A          0x000002ee   Section        4  __rtentry2.o(.ARM.Collect$$rtentry$$0000000A)
    .ARM.Collect$$rtentry$$0000000C          0x000002f2   Section        0  __rtentry2.o(.ARM.Collect$$rtentry$$0000000C)
    .ARM.Collect$$rtentry$$0000000D          0x000002f2   Section        8  __rtentry2.o(.ARM.Collect$$rtentry$$0000000D)
    .ARM.Collect$$rtexit$$00000000           0x000002fa   Section        2  rtexit.o(.ARM.Collect$$rtexit$$00000000)
    .ARM.Collect$$rtexit$$00000002           0x000002fc   Section        0  rtexit2.o(.ARM.Collect$$rtexit$$00000002)
    .ARM.Collect$$rtexit$$00000003           0x000002fc   Section        4  rtexit2.o(.ARM.Collect$$rtexit$$00000003)
    .ARM.Collect$$rtexit$$00000004           0x00000300   Section        6  rtexit2.o(.ARM.Collect$$rtexit$$00000004)
    .emb_text                                0x00000308   Section        6  bsp.o(.emb_text)
    .text                                    0x00000310   Section       64  osasm.o(.text)
    .text                                    0x00000350   Section      292  startup_tm4c123.o(.text)
    .text                                    0x00000474   Section        0  heapauxi.o(.text)
    .text                                    0x0000047c   Section        8  libspace.o(.text)
    .text                                    0x00000484   Section       74  sys_stackheap_outer.o(.text)
    .text                                    0x000004ce   Section        0  exit.o(.text)
    .text                                    0x000004e0   Section        0  sys_exit.o(.text)
    .text                                    0x000004ec   Section        2  use_no_semi.o(.text)
    .text                                    0x000004ee   Section        0  indicate_semi.o(.text)
    i.BSP_Button1_Init                       0x000004f0   Section        0  bsp.o(i.BSP_Button1_Init)
    i.BSP_Button2_Init                       0x00000570   Section        0  bsp.o(i.BSP_Button2_Init)
    i.BSP_Buzzer_Init                        0x00000600   Section        0  bsp.o(i.BSP_Buzzer_Init)
    i.BSP_Clock_GetFreq                      0x000006d4   Section        0  bsp.o(i.BSP_Clock_GetFreq)
    i.BSP_Clock_InitFastest                  0x000006e0   Section        0  bsp.o(i.BSP_Clock_InitFastest)
    i.BSP_Delay1ms                           0x0000076c   Section        0  bsp.o(i.BSP_Delay1ms)
    i.BSP_LCD_Color565                       0x00000782   Section        0  bsp.o(i.BSP_LCD_Color565)
    i.BSP_LCD_DrawChar                       0x0000079c   Section        0  bsp.o(i.BSP_LCD_DrawChar)
    i.BSP_LCD_DrawFastHLine                  0x000008ac   Section        0  bsp.o(i.BSP_LCD_DrawFastHLine)
    i.BSP_LCD_DrawFastVLine                  0x00000928   Section        0  bsp.o(i.BSP_LCD_DrawFastVLine)
    i.BSP_LCD_DrawPixel                      0x000009a4   Section        0  bsp.o(i.BSP_LCD_DrawPixel)
    i.BSP_LCD_DrawString                     0x000009ec   Section        0  bsp.o(i.BSP_LCD_DrawString)
    i.BSP_LCD_Drawaxes                       0x00000a44   Section        0  bsp.o(i.BSP_LCD_Drawaxes)
    i.BSP_LCD_FillRect                       0x00000b68   Section        0  bsp.o(i.BSP_LCD_FillRect)
    i.BSP_LCD_FillScreen                     0x00000c14   Section        0  bsp.o(i.BSP_LCD_FillScreen)
    i.BSP_LCD_Init                           0x00000c38   Section        0  bsp.o(i.BSP_LCD_Init)
    i.BSP_LCD_PlotIncrement                  0x00000c44   Section        0  bsp.o(i.BSP_LCD_PlotIncrement)
    i.BSP_LCD_PlotPoint                      0x00000c7c   Section        0  bsp.o(i.BSP_LCD_PlotPoint)
    i.BSP_LCD_SetCursor                      0x00000ce0   Section        0  bsp.o(i.BSP_LCD_SetCursor)
    i.BSP_Microphone_Init                    0x00000d00   Section        0  bsp.o(i.BSP_Microphone_Init)
    i.BSP_RGB_Init                           0x00000dac   Section        0  bsp.o(i.BSP_RGB_Init)
    i.Get_Mag                                0x00000fec   Section        0  user.o(i.Get_Mag)
    i.OS_AddThreads                          0x00001010   Section        0  os.o(i.OS_AddThreads)
    i.OS_Init                                0x00001088   Section        0  os.o(i.OS_Init)
    i.OS_InitSemaphore                       0x00001094   Section        0  os.o(i.OS_InitSemaphore)
    i.OS_Launch                              0x00001098   Section        0  os.o(i.OS_Launch)
    i.OS_Signal                              0x000010cc   Section        0  os.o(i.OS_Signal)
    i.OS_Wait                                0x000010e0   Section        0  os.o(i.OS_Wait)
    i.Profile_Init                           0x00001104   Section        0  profile.o(i.Profile_Init)
    i.ST7735_InitR                           0x000012d8   Section        0  bsp.o(i.ST7735_InitR)
    ST7735_InitR                             0x000012d9   Thumb Code    86  bsp.o(i.ST7735_InitR)
    i.SetInitialStack                        0x0000134c   Section        0  os.o(i.SetInitialStack)
    i.Task0                                  0x00001498   Section        0  user.o(i.Task0)
    i.Task0_Init                             0x000014c0   Section        0  user.o(i.Task0_Init)
    i.Task1                                  0x000014c8   Section        0  user.o(i.Task1)
    i.Task2                                  0x00001518   Section        0  user.o(i.Task2)
    i.Task3                                  0x00001544   Section        0  user.o(i.Task3)
    i.WideTimer3A_Handler                    0x000015ac   Section        0  bsp.o(i.WideTimer3A_Handler)
    i.WideTimer4A_Handler                    0x000015c4   Section        0  bsp.o(i.WideTimer4A_Handler)
    i.WideTimer5A_Handler                    0x000015dc   Section        0  bsp.o(i.WideTimer5A_Handler)
    i.adcinit                                0x000015f4   Section        0  bsp.o(i.adcinit)
    adcinit                                  0x000015f5   Thumb Code    58  bsp.o(i.adcinit)
    i.commandList                            0x00001640   Section        0  bsp.o(i.commandList)
    commandList                              0x00001641   Thumb Code    86  bsp.o(i.commandList)
    i.commonInit                             0x00001698   Section        0  bsp.o(i.commonInit)
    commonInit                               0x00001699   Thumb Code   452  bsp.o(i.commonInit)
    i.drawaxes                               0x0000189c   Section        0  user.o(i.drawaxes)
    i.main                                   0x000018f0   Section        0  user.o(i.main)
    i.pushColor                              0x00001974   Section        0  bsp.o(i.pushColor)
    pushColor                                0x00001975   Thumb Code    18  bsp.o(i.pushColor)
    i.setAddrWindow                          0x00001988   Section        0  bsp.o(i.setAddrWindow)
    setAddrWindow                            0x00001989   Thumb Code   106  bsp.o(i.setAddrWindow)
    i.writecommand                           0x000019fc   Section        0  bsp.o(i.writecommand)
    writecommand                             0x000019fd   Thumb Code    62  bsp.o(i.writecommand)
    i.writedata                              0x00001a44   Section        0  bsp.o(i.writedata)
    writedata                                0x00001a45   Thumb Code    64  bsp.o(i.writedata)
    .constdata                               0x00001a8c   Section     1403  bsp.o(.constdata)
    Font                                     0x00001a8c   Data        1275  bsp.o(.constdata)
    Rcmd1                                    0x00001f87   Data          59  bsp.o(.constdata)
    Rcmd2green                               0x00001fc2   Data          13  bsp.o(.constdata)
    Rcmd2red                                 0x00001fcf   Data          13  bsp.o(.constdata)
    Rcmd3                                    0x00001fdc   Data          43  bsp.o(.constdata)
    .data                                    0x20000000   Section       68  bsp.o(.data)
    ClockFrequency                           0x20000000   Data           4  bsp.o(.data)
    PWMCycles                                0x20000004   Data           2  bsp.o(.data)
    ColStart                                 0x20000012   Data           1  bsp.o(.data)
    RowStart                                 0x20000013   Data           1  bsp.o(.data)
    _width                                   0x20000014   Data           2  bsp.o(.data)
    _height                                  0x20000016   Data           2  bsp.o(.data)
    .data                                    0x20000044   Section       20  os.o(.data)
    .data                                    0x20000058   Section       32  user.o(.data)
    .bss                                     0x20000078   Section     1632  os.o(.bss)
    .bss                                     0x200006d8   Section     2048  user.o(.bss)
    .bss                                     0x20000ed8   Section       96  libspace.o(.bss)
    HEAP                                     0x20000f38   Section        0  startup_tm4c123.o(HEAP)
    STACK                                    0x20000f38   Section      512  startup_tm4c123.o(STACK)
    Heap_Mem                                 0x20000f38   Data           0  startup_tm4c123.o(HEAP)
    Stack_Mem                                0x20000f38   Data         512  startup_tm4c123.o(STACK)
    __initial_sp                             0x20001138   Data           0  startup_tm4c123.o(STACK)

    Global Symbols

    Symbol Name                              Value     Ov Type        Size  Object(Section)

    BuildAttributes$$THM_ISAv4$E$P$D$K$B$S$7EM$PE$A:L22UL41UL21$X:L11$S22US41US21$IEEE1$IW$USESV6$~STKCKD$USESV7$~SHL$OTIME$ROPI$IEEEX$EBA8$UX$STANDARDLIB$REQ8$PRES8$EABIv2 0x00000000   Number         0  anon$$obj.o ABSOLUTE
    __ARM_use_no_argv                        0x00000000   Number         0  user.o ABSOLUTE
    __Vectors                                0x00000000   Data           4  startup_tm4c123.o(RESET)
    __ARM_exceptions_init                     - Undefined Weak Reference
    __alloca_initialize                       - Undefined Weak Reference
    __arm_preinit_                            - Undefined Weak Reference
    __cpp_initialize__aeabi_                  - Undefined Weak Reference
    __cxa_finalize                            - Undefined Weak Reference
    __rt_locale                               - Undefined Weak Reference
    __sigvec_lookup                           - Undefined Weak Reference
    _atexit_init                              - Undefined Weak Reference
    _call_atexit_fns                          - Undefined Weak Reference
    _clock_init                               - Undefined Weak Reference
    _fp_trap_init                             - Undefined Weak Reference
    _fp_trap_shutdown                         - Undefined Weak Reference
    _get_lc_collate                           - Undefined Weak Reference
    _get_lc_ctype                             - Undefined Weak Reference
    _get_lc_monetary                          - Undefined Weak Reference
    _get_lc_numeric                           - Undefined Weak Reference
    _get_lc_time                              - Undefined Weak Reference
    _getenv_init                              - Undefined Weak Reference
    _handle_redirection                       - Undefined Weak Reference
    _init_alloc                               - Undefined Weak Reference
    _init_user_alloc                          - Undefined Weak Reference
    _initio                                   - Undefined Weak Reference
    _rand_init                                - Undefined Weak Reference
    _signal_finish                            - Undefined Weak Reference
    _signal_init                              - Undefined Weak Reference
    _terminate_alloc                          - Undefined Weak Reference
    _terminate_user_alloc                     - Undefined Weak Reference
    _terminateio                              - Undefined Weak Reference
    __Vectors_End                            0x0000026c   Data           0  startup_tm4c123.o(RESET)
    __Vectors_Size                           0x0000026c   Number         0  startup_tm4c123.o ABSOLUTE
    __main                                   0x0000026d   Thumb Code     8  __main.o(!!!main)
    __scatterload                            0x00000275   Thumb Code     0  __scatter.o(!!!scatter)
    __scatterload_rt2                        0x00000275   Thumb Code    44  __scatter.o(!!!scatter)
    __scatterload_rt2_thumb_only             0x00000275   Thumb Code     0  __scatter.o(!!!scatter)
    __scatterload_null                       0x00000283   Thumb Code     0  __scatter.o(!!!scatter)
    __scatterload_copy                       0x000002a9   Thumb Code    26  __scatter_copy.o(!!handler_copy)
    __scatterload_zeroinit                   0x000002c5   Thumb Code    28  __scatter_zi.o(!!handler_zi)
    __rt_lib_init                            0x000002e1   Thumb Code     0  libinit.o(.ARM.Collect$$libinit$$00000000)
    __rt_lib_init_alloca_1                   0x000002e3   Thumb Code     0  libinit2.o(.ARM.Collect$$libinit$$0000002E)
    __rt_lib_init_argv_1                     0x000002e3   Thumb Code     0  libinit2.o(.ARM.Collect$$libinit$$0000002C)
    __rt_lib_init_atexit_1                   0x000002e3   Thumb Code     0  libinit2.o(.ARM.Collect$$libinit$$0000001B)
    __rt_lib_init_clock_1                    0x000002e3   Thumb Code     0  libinit2.o(.ARM.Collect$$libinit$$00000021)
    __rt_lib_init_cpp_1                      0x000002e3   Thumb Code     0  libinit2.o(.ARM.Collect$$libinit$$00000032)
    __rt_lib_init_exceptions_1               0x000002e3   Thumb Code     0  libinit2.o(.ARM.Collect$$libinit$$00000030)
    __rt_lib_init_fp_1                       0x000002e3   Thumb Code     0  libinit2.o(.ARM.Collect$$libinit$$00000002)
    __rt_lib_init_fp_trap_1                  0x000002e3   Thumb Code     0  libinit2.o(.ARM.Collect$$libinit$$0000001F)
    __rt_lib_init_getenv_1                   0x000002e3   Thumb Code     0  libinit2.o(.ARM.Collect$$libinit$$00000023)
    __rt_lib_init_heap_1                     0x000002e3   Thumb Code     0  libinit2.o(.ARM.Collect$$libinit$$0000000A)
    __rt_lib_init_lc_collate_1               0x000002e3   Thumb Code     0  libinit2.o(.ARM.Collect$$libinit$$00000011)
    __rt_lib_init_lc_ctype_1                 0x000002e3   Thumb Code     0  libinit2.o(.ARM.Collect$$libinit$$00000013)
    __rt_lib_init_lc_monetary_1              0x000002e3   Thumb Code     0  libinit2.o(.ARM.Collect$$libinit$$00000015)
    __rt_lib_init_lc_numeric_1               0x000002e3   Thumb Code     0  libinit2.o(.ARM.Collect$$libinit$$00000017)
    __rt_lib_init_lc_time_1                  0x000002e3   Thumb Code     0  libinit2.o(.ARM.Collect$$libinit$$00000019)
    __rt_lib_init_preinit_1                  0x000002e3   Thumb Code     0  libinit2.o(.ARM.Collect$$libinit$$00000004)
    __rt_lib_init_rand_1                     0x000002e3   Thumb Code     0  libinit2.o(.ARM.Collect$$libinit$$0000000E)
    __rt_lib_init_return                     0x000002e3   Thumb Code     0  libinit2.o(.ARM.Collect$$libinit$$00000033)
    __rt_lib_init_signal_1                   0x000002e3   Thumb Code     0  libinit2.o(.ARM.Collect$$libinit$$0000001D)
    __rt_lib_init_stdio_1                    0x000002e3   Thumb Code     0  libinit2.o(.ARM.Collect$$libinit$$00000025)
    __rt_lib_init_user_alloc_1               0x000002e3   Thumb Code     0  libinit2.o(.ARM.Collect$$libinit$$0000000C)
    __rt_lib_shutdown                        0x000002e5   Thumb Code     0  libshutdown.o(.ARM.Collect$$libshutdown$$00000000)
    __rt_lib_shutdown_cpp_1                  0x000002e7   Thumb Code     0  libshutdown2.o(.ARM.Collect$$libshutdown$$00000002)
    __rt_lib_shutdown_fp_trap_1              0x000002e7   Thumb Code     0  libshutdown2.o(.ARM.Collect$$libshutdown$$00000007)
    __rt_lib_shutdown_heap_1                 0x000002e7   Thumb Code     0  libshutdown2.o(.ARM.Collect$$libshutdown$$0000000F)
    __rt_lib_shutdown_return                 0x000002e7   Thumb Code     0  libshutdown2.o(.ARM.Collect$$libshutdown$$00000010)
    __rt_lib_shutdown_signal_1               0x000002e7   Thumb Code     0  libshutdown2.o(.ARM.Collect$$libshutdown$$0000000A)
    __rt_lib_shutdown_stdio_1                0x000002e7   Thumb Code     0  libshutdown2.o(.ARM.Collect$$libshutdown$$00000004)
    __rt_lib_shutdown_user_alloc_1           0x000002e7   Thumb Code     0  libshutdown2.o(.ARM.Collect$$libshutdown$$0000000C)
    __rt_entry                               0x000002e9   Thumb Code     0  __rtentry.o(.ARM.Collect$$rtentry$$00000000)
    __rt_entry_presh_1                       0x000002e9   Thumb Code     0  __rtentry2.o(.ARM.Collect$$rtentry$$00000002)
    __rt_entry_sh                            0x000002e9   Thumb Code     0  __rtentry4.o(.ARM.Collect$$rtentry$$00000004)
    __rt_entry_li                            0x000002ef   Thumb Code     0  __rtentry2.o(.ARM.Collect$$rtentry$$0000000A)
    __rt_entry_postsh_1                      0x000002ef   Thumb Code     0  __rtentry2.o(.ARM.Collect$$rtentry$$00000009)
    __rt_entry_main                          0x000002f3   Thumb Code     0  __rtentry2.o(.ARM.Collect$$rtentry$$0000000D)
    __rt_entry_postli_1                      0x000002f3   Thumb Code     0  __rtentry2.o(.ARM.Collect$$rtentry$$0000000C)
    __rt_exit                                0x000002fb   Thumb Code     0  rtexit.o(.ARM.Collect$$rtexit$$00000000)
    __rt_exit_ls                             0x000002fd   Thumb Code     0  rtexit2.o(.ARM.Collect$$rtexit$$00000003)
    __rt_exit_prels_1                        0x000002fd   Thumb Code     0  rtexit2.o(.ARM.Collect$$rtexit$$00000002)
    __rt_exit_exit                           0x00000301   Thumb Code     0  rtexit2.o(.ARM.Collect$$rtexit$$00000004)
    parrotdelay                              0x00000309   Thumb Code     6  bsp.o(.emb_text)
    SysTick_Handler                          0x00000311   Thumb Code     0  osasm.o(.text)
    StartOS                                  0x0000032f   Thumb Code     0  osasm.o(.text)
    Reset_Handler                            0x00000351   Thumb Code     4  startup_tm4c123.o(.text)
    NMI_Handler                              0x00000355   Thumb Code     2  startup_tm4c123.o(.text)
    HardFault_Handler                        0x00000357   Thumb Code     2  startup_tm4c123.o(.text)
    MemManage_Handler                        0x00000359   Thumb Code     2  startup_tm4c123.o(.text)
    BusFault_Handler                         0x0000035b   Thumb Code     2  startup_tm4c123.o(.text)
    UsageFault_Handler                       0x0000035d   Thumb Code     2  startup_tm4c123.o(.text)
    SVC_Handler                              0x0000035f   Thumb Code     2  startup_tm4c123.o(.text)
    DebugMon_Handler                         0x00000361   Thumb Code     2  startup_tm4c123.o(.text)
    PendSV_Handler                           0x00000363   Thumb Code     2  startup_tm4c123.o(.text)
    GPIOPortA_Handler                        0x00000367   Thumb Code     2  startup_tm4c123.o(.text)
    GPIOPortB_Handler                        0x00000369   Thumb Code     2  startup_tm4c123.o(.text)
    GPIOPortC_Handler                        0x0000036b   Thumb Code     2  startup_tm4c123.o(.text)
    GPIOPortD_Handler                        0x0000036d   Thumb Code     2  startup_tm4c123.o(.text)
    GPIOPortE_Handler                        0x0000036f   Thumb Code     2  startup_tm4c123.o(.text)
    UART0_Handler                            0x00000371   Thumb Code     2  startup_tm4c123.o(.text)
    UART1_Handler                            0x00000373   Thumb Code     2  startup_tm4c123.o(.text)
    SSI0_Handler                             0x00000375   Thumb Code     2  startup_tm4c123.o(.text)
    I2C0_Handler                             0x00000377   Thumb Code     2  startup_tm4c123.o(.text)
    PMW0_FAULT_Handler                       0x00000379   Thumb Code     2  startup_tm4c123.o(.text)
    PWM0Generator0_Handler                   0x0000037b   Thumb Code     2  startup_tm4c123.o(.text)
    PWM0Generator1_Handler                   0x0000037d   Thumb Code     2  startup_tm4c123.o(.text)
    PWM0Generator2_Handler                   0x0000037f   Thumb Code     2  startup_tm4c123.o(.text)
    Quadrature0_Handler                      0x00000381   Thumb Code     2  startup_tm4c123.o(.text)
    ADC0Seq0_Handler                         0x00000383   Thumb Code     2  startup_tm4c123.o(.text)
    ADC0Seq1_Handler                         0x00000385   Thumb Code     2  startup_tm4c123.o(.text)
    ADC0Seq2_Handler                         0x00000387   Thumb Code     2  startup_tm4c123.o(.text)
    ADC0Seq3_Handler                         0x00000389   Thumb Code     2  startup_tm4c123.o(.text)
    WDT_Handler                              0x0000038b   Thumb Code     2  startup_tm4c123.o(.text)
    TIMER0A_Handler                          0x0000038d   Thumb Code     2  startup_tm4c123.o(.text)
    TIMER0B_Handler                          0x0000038f   Thumb Code     2  startup_tm4c123.o(.text)
    TIMER1A_Handler                          0x00000391   Thumb Code     2  startup_tm4c123.o(.text)
    TIMER1B_Handler                          0x00000393   Thumb Code     2  startup_tm4c123.o(.text)
    TIMER2A_Handler                          0x00000395   Thumb Code     2  startup_tm4c123.o(.text)
    TIMER2B_Handler                          0x00000397   Thumb Code     2  startup_tm4c123.o(.text)
    COMP0_Handler                            0x00000399   Thumb Code     2  startup_tm4c123.o(.text)
    COMP1_Handler                            0x0000039b   Thumb Code     2  startup_tm4c123.o(.text)
    COMP2_Handler                            0x0000039d   Thumb Code     2  startup_tm4c123.o(.text)
    SYSCTL_Handler                           0x0000039f   Thumb Code     2  startup_tm4c123.o(.text)
    FlashCtl_Handler                         0x000003a1   Thumb Code     2  startup_tm4c123.o(.text)
    GPIOPortF_Handler                        0x000003a3   Thumb Code     2  startup_tm4c123.o(.text)
    GPIOPortG_Handler                        0x000003a5   Thumb Code     2  startup_tm4c123.o(.text)
    GPIOPortH_Handler                        0x000003a7   Thumb Code     2  startup_tm4c123.o(.text)
    UART2_Handler                            0x000003a9   Thumb Code     2  startup_tm4c123.o(.text)
    SSI1_Handler                             0x000003ab   Thumb Code     2  startup_tm4c123.o(.text)
    TIMER3A_Handler                          0x000003ad   Thumb Code     2  startup_tm4c123.o(.text)
    TIMER3B_Handler                          0x000003af   Thumb Code     2  startup_tm4c123.o(.text)
    I2C1_Handler                             0x000003b1   Thumb Code     2  startup_tm4c123.o(.text)
    Quadrature1_Handler                      0x000003b3   Thumb Code     2  startup_tm4c123.o(.text)
    CAN0_Handler                             0x000003b5   Thumb Code     2  startup_tm4c123.o(.text)
    CAN1_Handler                             0x000003b7   Thumb Code     2  startup_tm4c123.o(.text)
    CAN2_Handler                             0x000003b9   Thumb Code     2  startup_tm4c123.o(.text)
    Hibernate_Handler                        0x000003bb   Thumb Code     2  startup_tm4c123.o(.text)
    USB0_Handler                             0x000003bd   Thumb Code     2  startup_tm4c123.o(.text)
    PWM0Generator3_Handler                   0x000003bf   Thumb Code     2  startup_tm4c123.o(.text)
    UDMA_Handler                             0x000003c1   Thumb Code     2  startup_tm4c123.o(.text)
    UDMAERR_Handler                          0x000003c3   Thumb Code     2  startup_tm4c123.o(.text)
    ADC1Seq0_Handler                         0x000003c5   Thumb Code     2  startup_tm4c123.o(.text)
    ADC1Seq1_Handler                         0x000003c7   Thumb Code     2  startup_tm4c123.o(.text)
    ADC1Seq2_Handler                         0x000003c9   Thumb Code     2  startup_tm4c123.o(.text)
    ADC1Seq3_Handler                         0x000003cb   Thumb Code     2  startup_tm4c123.o(.text)
    GPIOPortJ_Handler                        0x000003cd   Thumb Code     2  startup_tm4c123.o(.text)
    GPIOPortK_Handler                        0x000003cf   Thumb Code     2  startup_tm4c123.o(.text)
    GPIOPortL_Handler                        0x000003d1   Thumb Code     2  startup_tm4c123.o(.text)
    SSI2_Handler                             0x000003d3   Thumb Code     2  startup_tm4c123.o(.text)
    SSI3_Handler                             0x000003d5   Thumb Code     2  startup_tm4c123.o(.text)
    UART3_Handler                            0x000003d7   Thumb Code     2  startup_tm4c123.o(.text)
    UART4_Handler                            0x000003d9   Thumb Code     2  startup_tm4c123.o(.text)
    UART5_Handler                            0x000003db   Thumb Code     2  startup_tm4c123.o(.text)
    UART6_Handler                            0x000003dd   Thumb Code     2  startup_tm4c123.o(.text)
    UART7_Handler                            0x000003df   Thumb Code     2  startup_tm4c123.o(.text)
    I2C2_Handler                             0x000003e1   Thumb Code     2  startup_tm4c123.o(.text)
    I2C3_Handler                             0x000003e3   Thumb Code     2  startup_tm4c123.o(.text)
    TIMER4A_Handler                          0x000003e5   Thumb Code     2  startup_tm4c123.o(.text)
    TIMER4B_Handler                          0x000003e7   Thumb Code     2  startup_tm4c123.o(.text)
    TIMER5A_Handler                          0x000003e9   Thumb Code     2  startup_tm4c123.o(.text)
    TIMER5B_Handler                          0x000003eb   Thumb Code     2  startup_tm4c123.o(.text)
    WideTimer0A_Handler                      0x000003ed   Thumb Code     2  startup_tm4c123.o(.text)
    WideTimer0B_Handler                      0x000003ef   Thumb Code     2  startup_tm4c123.o(.text)
    WideTimer1A_Handler                      0x000003f1   Thumb Code     2  startup_tm4c123.o(.text)
    WideTimer1B_Handler                      0x000003f3   Thumb Code     2  startup_tm4c123.o(.text)
    WideTimer2A_Handler                      0x000003f5   Thumb Code     2  startup_tm4c123.o(.text)
    WideTimer2B_Handler                      0x000003f7   Thumb Code     2  startup_tm4c123.o(.text)
    WideTimer3B_Handler                      0x000003fb   Thumb Code     2  startup_tm4c123.o(.text)
    WideTimer4B_Handler                      0x000003ff   Thumb Code     2  startup_tm4c123.o(.text)
    WideTimer5B_Handler                      0x00000403   Thumb Code     2  startup_tm4c123.o(.text)
    FPU_Handler                              0x00000405   Thumb Code     2  startup_tm4c123.o(.text)
    I2C4_Handler                             0x00000407   Thumb Code     2  startup_tm4c123.o(.text)
    I2C5_Handler                             0x00000409   Thumb Code     2  startup_tm4c123.o(.text)
    GPIOPortM_Handler                        0x0000040b   Thumb Code     2  startup_tm4c123.o(.text)
    GPIOPortN_Handler                        0x0000040d   Thumb Code     2  startup_tm4c123.o(.text)
    QEI2_Handler                             0x0000040f   Thumb Code     2  startup_tm4c123.o(.text)
    GPIOPortP0_Handler                       0x00000411   Thumb Code     2  startup_tm4c123.o(.text)
    GPIOPortP1_Handler                       0x00000413   Thumb Code     2  startup_tm4c123.o(.text)
    GPIOPortP2_Handler                       0x00000415   Thumb Code     2  startup_tm4c123.o(.text)
    GPIOPortP3_Handler                       0x00000417   Thumb Code     2  startup_tm4c123.o(.text)
    GPIOPortP4_Handler                       0x00000419   Thumb Code     2  startup_tm4c123.o(.text)
    GPIOPortP5_Handler                       0x0000041b   Thumb Code     2  startup_tm4c123.o(.text)
    GPIOPortP6_Handler                       0x0000041d   Thumb Code     2  startup_tm4c123.o(.text)
    GPIOPortP7_Handler                       0x0000041f   Thumb Code     2  startup_tm4c123.o(.text)
    GPIOPortQ0_Handler                       0x00000421   Thumb Code     2  startup_tm4c123.o(.text)
    GPIOPortQ1_Handler                       0x00000423   Thumb Code     2  startup_tm4c123.o(.text)
    GPIOPortQ2_Handler                       0x00000425   Thumb Code     2  startup_tm4c123.o(.text)
    GPIOPortQ3_Handler                       0x00000427   Thumb Code     2  startup_tm4c123.o(.text)
    GPIOPortQ4_Handler                       0x00000429   Thumb Code     2  startup_tm4c123.o(.text)
    GPIOPortQ5_Handler                       0x0000042b   Thumb Code     2  startup_tm4c123.o(.text)
    GPIOPortQ6_Handler                       0x0000042d   Thumb Code     2  startup_tm4c123.o(.text)
    GPIOPortQ7_Handler                       0x0000042f   Thumb Code     2  startup_tm4c123.o(.text)
    GPIOPortR_Handler                        0x00000431   Thumb Code     2  startup_tm4c123.o(.text)
    GPIOPortS_Handler                        0x00000433   Thumb Code     2  startup_tm4c123.o(.text)
    PWM1Generator0_Handler                   0x00000435   Thumb Code     2  startup_tm4c123.o(.text)
    PWM1Generator1_Handler                   0x00000437   Thumb Code     2  startup_tm4c123.o(.text)
    PWM1Generator2_Handler                   0x00000439   Thumb Code     2  startup_tm4c123.o(.text)
    PWM1Generator3_Handler                   0x0000043b   Thumb Code     2  startup_tm4c123.o(.text)
    PWM1Fault_Handler                        0x0000043d   Thumb Code     2  startup_tm4c123.o(.text)
    DisableInterrupts                        0x00000445   Thumb Code     0  startup_tm4c123.o(.text)
    EnableInterrupts                         0x00000449   Thumb Code     0  startup_tm4c123.o(.text)
    StartCritical                            0x0000044d   Thumb Code     0  startup_tm4c123.o(.text)
    EndCritical                              0x00000455   Thumb Code     0  startup_tm4c123.o(.text)
    WaitForInterrupt                         0x0000045b   Thumb Code     0  startup_tm4c123.o(.text)
    __user_initial_stackheap                 0x0000045f   Thumb Code     0  startup_tm4c123.o(.text)
    __use_two_region_memory                  0x00000475   Thumb Code     2  heapauxi.o(.text)
    __rt_heap_escrow$2region                 0x00000477   Thumb Code     2  heapauxi.o(.text)
    __rt_heap_expand$2region                 0x00000479   Thumb Code     2  heapauxi.o(.text)
    __user_libspace                          0x0000047d   Thumb Code     8  libspace.o(.text)
    __user_perproc_libspace                  0x0000047d   Thumb Code     0  libspace.o(.text)
    __user_perthread_libspace                0x0000047d   Thumb Code     0  libspace.o(.text)
    __user_setup_stackheap                   0x00000485   Thumb Code    74  sys_stackheap_outer.o(.text)
    exit                                     0x000004cf   Thumb Code    18  exit.o(.text)
    _sys_exit                                0x000004e1   Thumb Code     8  sys_exit.o(.text)
    __I$use$semihosting                      0x000004ed   Thumb Code     0  use_no_semi.o(.text)
    __use_no_semihosting_swi                 0x000004ed   Thumb Code     2  use_no_semi.o(.text)
    __semihosting_library_function           0x000004ef   Thumb Code     0  indicate_semi.o(.text)
    BSP_Button1_Init                         0x000004f1   Thumb Code   112  bsp.o(i.BSP_Button1_Init)
    BSP_Button2_Init                         0x00000571   Thumb Code   124  bsp.o(i.BSP_Button2_Init)
    BSP_Buzzer_Init                          0x00000601   Thumb Code   184  bsp.o(i.BSP_Buzzer_Init)
    BSP_Clock_GetFreq                        0x000006d5   Thumb Code     6  bsp.o(i.BSP_Clock_GetFreq)
    BSP_Clock_InitFastest                    0x000006e1   Thumb Code   126  bsp.o(i.BSP_Clock_InitFastest)
    BSP_Delay1ms                             0x0000076d   Thumb Code    22  bsp.o(i.BSP_Delay1ms)
    BSP_LCD_Color565                         0x00000783   Thumb Code    24  bsp.o(i.BSP_LCD_Color565)
    BSP_LCD_DrawChar                         0x0000079d   Thumb Code   260  bsp.o(i.BSP_LCD_DrawChar)
    BSP_LCD_DrawFastHLine                    0x000008ad   Thumb Code   116  bsp.o(i.BSP_LCD_DrawFastHLine)
    BSP_LCD_DrawFastVLine                    0x00000929   Thumb Code   116  bsp.o(i.BSP_LCD_DrawFastVLine)
    BSP_LCD_DrawPixel                        0x000009a5   Thumb Code    64  bsp.o(i.BSP_LCD_DrawPixel)
    BSP_LCD_DrawString                       0x000009ed   Thumb Code    86  bsp.o(i.BSP_LCD_DrawString)
    BSP_LCD_Drawaxes                         0x00000a45   Thumb Code   272  bsp.o(i.BSP_LCD_Drawaxes)
    BSP_LCD_FillRect                         0x00000b69   Thumb Code   164  bsp.o(i.BSP_LCD_FillRect)
    BSP_LCD_FillScreen                       0x00000c15   Thumb Code    28  bsp.o(i.BSP_LCD_FillScreen)
    BSP_LCD_Init                             0x00000c39   Thumb Code    10  bsp.o(i.BSP_LCD_Init)
    BSP_LCD_PlotIncrement                    0x00000c45   Thumb Code    46  bsp.o(i.BSP_LCD_PlotIncrement)
    BSP_LCD_PlotPoint                        0x00000c7d   Thumb Code    86  bsp.o(i.BSP_LCD_PlotPoint)
    BSP_LCD_SetCursor                        0x00000ce1   Thumb Code    22  bsp.o(i.BSP_LCD_SetCursor)
    BSP_Microphone_Init                      0x00000d01   Thumb Code   152  bsp.o(i.BSP_Microphone_Init)
    BSP_RGB_Init                             0x00000dad   Thumb Code   522  bsp.o(i.BSP_RGB_Init)
    Get_Mag                                  0x00000fed   Thumb Code    32  user.o(i.Get_Mag)
    OS_AddThreads                            0x00001011   Thumb Code   106  os.o(i.OS_AddThreads)
    OS_Init                                  0x00001089   Thumb Code    12  os.o(i.OS_Init)
    OS_InitSemaphore                         0x00001095   Thumb Code     4  os.o(i.OS_InitSemaphore)
    OS_Launch                                0x00001099   Thumb Code    48  os.o(i.OS_Launch)
    OS_Signal                                0x000010cd   Thumb Code    20  os.o(i.OS_Signal)
    OS_Wait                                  0x000010e1   Thumb Code    36  os.o(i.OS_Wait)
    Profile_Init                             0x00001105   Thumb Code   418  profile.o(i.Profile_Init)
    SetInitialStack                          0x0000134d   Thumb Code   324  os.o(i.SetInitialStack)
    Task0                                    0x00001499   Thumb Code    32  user.o(i.Task0)
    Task0_Init                               0x000014c1   Thumb Code     8  user.o(i.Task0_Init)
    Task1                                    0x000014c9   Thumb Code    58  user.o(i.Task1)
    Task2                                    0x00001519   Thumb Code    36  user.o(i.Task2)
    Task3                                    0x00001545   Thumb Code    86  user.o(i.Task3)
    WideTimer3A_Handler                      0x000015ad   Thumb Code    16  bsp.o(i.WideTimer3A_Handler)
    WideTimer4A_Handler                      0x000015c5   Thumb Code    16  bsp.o(i.WideTimer4A_Handler)
    WideTimer5A_Handler                      0x000015dd   Thumb Code    16  bsp.o(i.WideTimer5A_Handler)
    drawaxes                                 0x0000189d   Thumb Code    56  user.o(i.drawaxes)
    main                                     0x000018f1   Thumb Code   106  user.o(i.main)
    Region$$Table$$Base                      0x00002008   Number         0  anon$$obj.o(Region$$Table)
    Region$$Table$$Limit                     0x00002028   Number         0  anon$$obj.o(Region$$Table)
    StX                                      0x20000008   Data           4  bsp.o(.data)
    StY                                      0x2000000c   Data           4  bsp.o(.data)
    StTextColor                              0x20000010   Data           2  bsp.o(.data)
    Messageindex                             0x20000018   Data           4  bsp.o(.data)
    TimeIndex                                0x2000001c   Data           4  bsp.o(.data)
    Ymax                                     0x20000020   Data           4  bsp.o(.data)
    Ymin                                     0x20000024   Data           4  bsp.o(.data)
    Yrange                                   0x20000028   Data           4  bsp.o(.data)
    PlotBGColor                              0x2000002c   Data           2  bsp.o(.data)
    PeriodicTask                             0x20000030   Data           4  bsp.o(.data)
    PeriodicTaskB                            0x20000034   Data           4  bsp.o(.data)
    PeriodicTaskC                            0x20000038   Data           4  bsp.o(.data)
    LightBusy                                0x2000003c   Data           4  bsp.o(.data)
    TempBusy                                 0x20000040   Data           4  bsp.o(.data)
    RunPt                                    0x20000044   Data           4  os.o(.data)
    Mail                                     0x20000048   Data           4  os.o(.data)
    Send                                     0x2000004c   Data           4  os.o(.data)
    Ack                                      0x20000050   Data           4  os.o(.data)
    Lost                                     0x20000054   Data           4  os.o(.data)
    Count0                                   0x20000058   Data           4  user.o(.data)
    Count1                                   0x2000005c   Data           4  user.o(.data)
    Count2                                   0x20000060   Data           4  user.o(.data)
    Count3                                   0x20000064   Data           4  user.o(.data)
    Time                                     0x20000068   Data           4  user.o(.data)
    NewData                                  0x2000006c   Data           4  user.o(.data)
    LCDmutex                                 0x20000070   Data           4  user.o(.data)
    ReDrawAxes                               0x20000074   Data           4  user.o(.data)
    tcbs                                     0x20000078   Data          32  os.o(.bss)
    Stacks                                   0x20000098   Data        1600  os.o(.bss)
    mag                                      0x200006d8   Data        2048  user.o(.bss)
    __libspace_start                         0x20000ed8   Data          96  libspace.o(.bss)
    __temporary_stack_top$libspace           0x20000f38   Data           0  libspace.o(.bss)



==============================================================================

Memory Map of the image

  Image Entry point : 0x00000351

  Load Region LR_1 (Base: 0x00000000, Size: 0x000020a0, Max: 0xffffffff, ABSOLUTE)

    Execution Region ER_RO (Exec base: 0x00000000, Load base: 0x00000000, Size: 0x00002028, Max: 0xffffffff, ABSOLUTE)

    Exec Addr    Load Addr    Size         Type   Attr      Idx    E Section Name        Object

    0x00000000   0x00000000   0x0000026c   Data   RO         4411    RESET               startup_tm4c123.o
    0x0000026c   0x0000026c   0x00000008   Code   RO         4491  * !!!main             c_w.l(__main.o)
    0x00000274   0x00000274   0x00000034   Code   RO         4845    !!!scatter          c_w.l(__scatter.o)
    0x000002a8   0x000002a8   0x0000001a   Code   RO         4847    !!handler_copy      c_w.l(__scatter_copy.o)
    0x000002c2   0x000002c2   0x00000002   PAD
    0x000002c4   0x000002c4   0x0000001c   Code   RO         4849    !!handler_zi        c_w.l(__scatter_zi.o)
    0x000002e0   0x000002e0   0x00000002   Code   RO         4714    .ARM.Collect$$libinit$$00000000  c_w.l(libinit.o)
    0x000002e2   0x000002e2   0x00000000   Code   RO         4726    .ARM.Collect$$libinit$$00000002  c_w.l(libinit2.o)
    0x000002e2   0x000002e2   0x00000000   Code   RO         4728    .ARM.Collect$$libinit$$00000004  c_w.l(libinit2.o)
    0x000002e2   0x000002e2   0x00000000   Code   RO         4731    .ARM.Collect$$libinit$$0000000A  c_w.l(libinit2.o)
    0x000002e2   0x000002e2   0x00000000   Code   RO         4733    .ARM.Collect$$libinit$$0000000C  c_w.l(libinit2.o)
    0x000002e2   0x000002e2   0x00000000   Code   RO         4735    .ARM.Collect$$libinit$$0000000E  c_w.l(libinit2.o)
    0x000002e2   0x000002e2   0x00000000   Code   RO         4738    .ARM.Collect$$libinit$$00000011  c_w.l(libinit2.o)
    0x000002e2   0x000002e2   0x00000000   Code   RO         4740    .ARM.Collect$$libinit$$00000013  c_w.l(libinit2.o)
    0x000002e2   0x000002e2   0x00000000   Code   RO         4742    .ARM.Collect$$libinit$$00000015  c_w.l(libinit2.o)
    0x000002e2   0x000002e2   0x00000000   Code   RO         4744    .ARM.Collect$$libinit$$00000017  c_w.l(libinit2.o)
    0x000002e2   0x000002e2   0x00000000   Code   RO         4746    .ARM.Collect$$libinit$$00000019  c_w.l(libinit2.o)
    0x000002e2   0x000002e2   0x00000000   Code   RO         4748    .ARM.Collect$$libinit$$0000001B  c_w.l(libinit2.o)
    0x000002e2   0x000002e2   0x00000000   Code   RO         4750    .ARM.Collect$$libinit$$0000001D  c_w.l(libinit2.o)
    0x000002e2   0x000002e2   0x00000000   Code   RO         4752    .ARM.Collect$$libinit$$0000001F  c_w.l(libinit2.o)
    0x000002e2   0x000002e2   0x00000000   Code   RO         4754    .ARM.Collect$$libinit$$00000021  c_w.l(libinit2.o)
    0x000002e2   0x000002e2   0x00000000   Code   RO         4756    .ARM.Collect$$libinit$$00000023  c_w.l(libinit2.o)
    0x000002e2   0x000002e2   0x00000000   Code   RO         4758    .ARM.Collect$$libinit$$00000025  c_w.l(libinit2.o)
    0x000002e2   0x000002e2   0x00000000   Code   RO         4762    .ARM.Collect$$libinit$$0000002C  c_w.l(libinit2.o)
    0x000002e2   0x000002e2   0x00000000   Code   RO         4764    .ARM.Collect$$libinit$$0000002E  c_w.l(libinit2.o)
    0x000002e2   0x000002e2   0x00000000   Code   RO         4766    .ARM.Collect$$libinit$$00000030  c_w.l(libinit2.o)
    0x000002e2   0x000002e2   0x00000000   Code   RO         4768    .ARM.Collect$$libinit$$00000032  c_w.l(libinit2.o)
    0x000002e2   0x000002e2   0x00000002   Code   RO         4769    .ARM.Collect$$libinit$$00000033  c_w.l(libinit2.o)
    0x000002e4   0x000002e4   0x00000002   Code   RO         4802    .ARM.Collect$$libshutdown$$00000000  c_w.l(libshutdown.o)
    0x000002e6   0x000002e6   0x00000000   Code   RO         4828    .ARM.Collect$$libshutdown$$00000002  c_w.l(libshutdown2.o)
    0x000002e6   0x000002e6   0x00000000   Code   RO         4830    .ARM.Collect$$libshutdown$$00000004  c_w.l(libshutdown2.o)
    0x000002e6   0x000002e6   0x00000000   Code   RO         4833    .ARM.Collect$$libshutdown$$00000007  c_w.l(libshutdown2.o)
    0x000002e6   0x000002e6   0x00000000   Code   RO         4836    .ARM.Collect$$libshutdown$$0000000A  c_w.l(libshutdown2.o)
    0x000002e6   0x000002e6   0x00000000   Code   RO         4838    .ARM.Collect$$libshutdown$$0000000C  c_w.l(libshutdown2.o)
    0x000002e6   0x000002e6   0x00000000   Code   RO         4841    .ARM.Collect$$libshutdown$$0000000F  c_w.l(libshutdown2.o)
    0x000002e6   0x000002e6   0x00000002   Code   RO         4842    .ARM.Collect$$libshutdown$$00000010  c_w.l(libshutdown2.o)
    0x000002e8   0x000002e8   0x00000000   Code   RO         4609    .ARM.Collect$$rtentry$$00000000  c_w.l(__rtentry.o)
    0x000002e8   0x000002e8   0x00000000   Code   RO         4673    .ARM.Collect$$rtentry$$00000002  c_w.l(__rtentry2.o)
    0x000002e8   0x000002e8   0x00000006   Code   RO         4685    .ARM.Collect$$rtentry$$00000004  c_w.l(__rtentry4.o)
    0x000002ee   0x000002ee   0x00000000   Code   RO         4675    .ARM.Collect$$rtentry$$00000009  c_w.l(__rtentry2.o)
    0x000002ee   0x000002ee   0x00000004   Code   RO         4676    .ARM.Collect$$rtentry$$0000000A  c_w.l(__rtentry2.o)
    0x000002f2   0x000002f2   0x00000000   Code   RO         4678    .ARM.Collect$$rtentry$$0000000C  c_w.l(__rtentry2.o)
    0x000002f2   0x000002f2   0x00000008   Code   RO         4679    .ARM.Collect$$rtentry$$0000000D  c_w.l(__rtentry2.o)
    0x000002fa   0x000002fa   0x00000002   Code   RO         4717    .ARM.Collect$$rtexit$$00000000  c_w.l(rtexit.o)
    0x000002fc   0x000002fc   0x00000000   Code   RO         4775    .ARM.Collect$$rtexit$$00000002  c_w.l(rtexit2.o)
    0x000002fc   0x000002fc   0x00000004   Code   RO         4776    .ARM.Collect$$rtexit$$00000003  c_w.l(rtexit2.o)
    0x00000300   0x00000300   0x00000006   Code   RO         4777    .ARM.Collect$$rtexit$$00000004  c_w.l(rtexit2.o)
    0x00000306   0x00000306   0x00000002   PAD
    0x00000308   0x00000308   0x00000006   Code   RO            1    .emb_text           bsp.o
    0x0000030e   0x0000030e   0x00000002   PAD
    0x00000310   0x00000310   0x00000040   Code   RO          612    .text               osasm.o
    0x00000350   0x00000350   0x00000124   Code   RO         4412  * .text               startup_tm4c123.o
    0x00000474   0x00000474   0x00000006   Code   RO         4489    .text               c_w.l(heapauxi.o)
    0x0000047a   0x0000047a   0x00000002   PAD
    0x0000047c   0x0000047c   0x00000008   Code   RO         4698    .text               c_w.l(libspace.o)
    0x00000484   0x00000484   0x0000004a   Code   RO         4701    .text               c_w.l(sys_stackheap_outer.o)
    0x000004ce   0x000004ce   0x00000012   Code   RO         4703    .text               c_w.l(exit.o)
    0x000004e0   0x000004e0   0x0000000c   Code   RO         4772    .text               c_w.l(sys_exit.o)
    0x000004ec   0x000004ec   0x00000002   Code   RO         4791    .text               c_w.l(use_no_semi.o)
    0x000004ee   0x000004ee   0x00000000   Code   RO         4793    .text               c_w.l(indicate_semi.o)
    0x000004ee   0x000004ee   0x00000002   PAD
    0x000004f0   0x000004f0   0x00000080   Code   RO            4    i.BSP_Button1_Init  bsp.o
    0x00000570   0x00000570   0x00000090   Code   RO            6    i.BSP_Button2_Init  bsp.o
    0x00000600   0x00000600   0x000000d4   Code   RO            8    i.BSP_Buzzer_Init   bsp.o
    0x000006d4   0x000006d4   0x0000000c   Code   RO           10    i.BSP_Clock_GetFreq  bsp.o
    0x000006e0   0x000006e0   0x0000008c   Code   RO           11    i.BSP_Clock_InitFastest  bsp.o
    0x0000076c   0x0000076c   0x00000016   Code   RO           12    i.BSP_Delay1ms      bsp.o
    0x00000782   0x00000782   0x00000018   Code   RO           15    i.BSP_LCD_Color565  bsp.o
    0x0000079a   0x0000079a   0x00000002   PAD
    0x0000079c   0x0000079c   0x00000110   Code   RO           17    i.BSP_LCD_DrawChar  bsp.o
    0x000008ac   0x000008ac   0x0000007c   Code   RO           19    i.BSP_LCD_DrawFastHLine  bsp.o
    0x00000928   0x00000928   0x0000007c   Code   RO           20    i.BSP_LCD_DrawFastVLine  bsp.o
    0x000009a4   0x000009a4   0x00000048   Code   RO           21    i.BSP_LCD_DrawPixel  bsp.o
    0x000009ec   0x000009ec   0x00000056   Code   RO           22    i.BSP_LCD_DrawString  bsp.o
    0x00000a42   0x00000a42   0x00000002   PAD
    0x00000a44   0x00000a44   0x00000124   Code   RO           23    i.BSP_LCD_Drawaxes  bsp.o
    0x00000b68   0x00000b68   0x000000ac   Code   RO           24    i.BSP_LCD_FillRect  bsp.o
    0x00000c14   0x00000c14   0x00000024   Code   RO           25    i.BSP_LCD_FillScreen  bsp.o
    0x00000c38   0x00000c38   0x0000000a   Code   RO           26    i.BSP_LCD_Init      bsp.o
    0x00000c42   0x00000c42   0x00000002   PAD
    0x00000c44   0x00000c44   0x00000038   Code   RO           32    i.BSP_LCD_PlotIncrement  bsp.o
    0x00000c7c   0x00000c7c   0x00000064   Code   RO           33    i.BSP_LCD_PlotPoint  bsp.o
    0x00000ce0   0x00000ce0   0x00000020   Code   RO           34    i.BSP_LCD_SetCursor  bsp.o
    0x00000d00   0x00000d00   0x000000ac   Code   RO           40    i.BSP_Microphone_Init  bsp.o
    0x00000dac   0x00000dac   0x00000240   Code   RO           52    i.BSP_RGB_Init      bsp.o
    0x00000fec   0x00000fec   0x00000024   Code   RO          633    i.Get_Mag           user.o
    0x00001010   0x00001010   0x00000078   Code   RO          502    i.OS_AddThreads     os.o
    0x00001088   0x00001088   0x0000000c   Code   RO          503    i.OS_Init           os.o
    0x00001094   0x00001094   0x00000004   Code   RO          504    i.OS_InitSemaphore  os.o
    0x00001098   0x00001098   0x00000034   Code   RO          505    i.OS_Launch         os.o
    0x000010cc   0x000010cc   0x00000014   Code   RO          509    i.OS_Signal         os.o
    0x000010e0   0x000010e0   0x00000024   Code   RO          510    i.OS_Wait           os.o
    0x00001104   0x00001104   0x000001d4   Code   RO          616    i.Profile_Init      profile.o
    0x000012d8   0x000012d8   0x00000074   Code   RO           63    i.ST7735_InitR      bsp.o
    0x0000134c   0x0000134c   0x0000014c   Code   RO          511    i.SetInitialStack   os.o
    0x00001498   0x00001498   0x00000028   Code   RO          634    i.Task0             user.o
    0x000014c0   0x000014c0   0x00000008   Code   RO          635    i.Task0_Init        user.o
    0x000014c8   0x000014c8   0x00000050   Code   RO          636    i.Task1             user.o
    0x00001518   0x00001518   0x0000002c   Code   RO          637    i.Task2             user.o
    0x00001544   0x00001544   0x00000068   Code   RO          638    i.Task3             user.o
    0x000015ac   0x000015ac   0x00000018   Code   RO           64    i.WideTimer3A_Handler  bsp.o
    0x000015c4   0x000015c4   0x00000018   Code   RO           65    i.WideTimer4A_Handler  bsp.o
    0x000015dc   0x000015dc   0x00000018   Code   RO           66    i.WideTimer5A_Handler  bsp.o
    0x000015f4   0x000015f4   0x0000004c   Code   RO           67    i.adcinit           bsp.o
    0x00001640   0x00001640   0x00000056   Code   RO           68    i.commandList       bsp.o
    0x00001696   0x00001696   0x00000002   PAD
    0x00001698   0x00001698   0x00000204   Code   RO           69    i.commonInit        bsp.o
    0x0000189c   0x0000189c   0x00000054   Code   RO          639    i.drawaxes          user.o
    0x000018f0   0x000018f0   0x00000084   Code   RO          640    i.main              user.o
    0x00001974   0x00001974   0x00000012   Code   RO           78    i.pushColor         bsp.o
    0x00001986   0x00001986   0x00000002   PAD
    0x00001988   0x00001988   0x00000074   Code   RO           79    i.setAddrWindow     bsp.o
    0x000019fc   0x000019fc   0x00000048   Code   RO           82    i.writecommand      bsp.o
    0x00001a44   0x00001a44   0x00000048   Code   RO           83    i.writedata         bsp.o
    0x00001a8c   0x00001a8c   0x0000057b   Data   RO           85    .constdata          bsp.o
    0x00002007   0x00002007   0x00000001   PAD
    0x00002008   0x00002008   0x00000020   Data   RO         4843    Region$$Table       anon$$obj.o


    Execution Region ER_RW (Exec base: 0x20000000, Load base: 0x00002028, Size: 0x00000078, Max: 0xffffffff, ABSOLUTE)

    Exec Addr    Load Addr    Size         Type   Attr      Idx    E Section Name        Object

    0x20000000   0x00002028   0x00000044   Data   RW           86    .data               bsp.o
    0x20000044   0x0000206c   0x00000014   Data   RW          513    .data               os.o
    0x20000058   0x00002080   0x00000020   Data   RW          642    .data               user.o


    Execution Region ER_ZI (Exec base: 0x20000078, Load base: 0x000020a0, Size: 0x000010c0, Max: 0xffffffff, ABSOLUTE)

    Exec Addr    Load Addr    Size         Type   Attr      Idx    E Section Name        Object

    0x20000078        -       0x00000660   Zero   RW          512    .bss                os.o
    0x200006d8        -       0x00000800   Zero   RW          641    .bss                user.o
    0x20000ed8        -       0x00000060   Zero   RW         4699    .bss                c_w.l(libspace.o)
    0x20000f38        -       0x00000000   Zero   RW         4410    HEAP                startup_tm4c123.o
    0x20000f38        -       0x00000200   Zero   RW         4409    STACK               startup_tm4c123.o


==============================================================================

Image component sizes


      Code (inc. data)   RO Data    RW Data    ZI Data      Debug   Object Name

      3956        428       1403         68          0      25357   bsp.o
       576         26          0         20       1632       4140   os.o
        64          4          0          0          0        212   osasm.o
       468         50          0          0          0        511   profile.o
       292         18        620          0        512       5648   startup_tm4c123.o
       528        114          0         32       2048       4240   user.o

    ----------------------------------------------------------------------
      5896        640       2056        120       4192      40108   Object Totals
         0          0         32          0          0          0   (incl. Generated)
        12          0          1          0          0          0   (incl. Padding)

    ----------------------------------------------------------------------

      Code (inc. data)   RO Data    RW Data    ZI Data      Debug   Library Member Name

         8          0          0          0          0         68   __main.o
         0          0          0          0          0          0   __rtentry.o
        12          0          0          0          0          0   __rtentry2.o
         6          0          0          0          0          0   __rtentry4.o
        52          8          0          0          0          0   __scatter.o
        26          0          0          0          0          0   __scatter_copy.o
        28          0          0          0          0          0   __scatter_zi.o
        18          0          0          0          0         80   exit.o
         6          0          0          0          0        152   heapauxi.o
         0          0          0          0          0          0   indicate_semi.o
         2          0          0          0          0          0   libinit.o
         2          0          0          0          0          0   libinit2.o
         2          0          0          0          0          0   libshutdown.o
         2          0          0          0          0          0   libshutdown2.o
         8          4          0          0         96         68   libspace.o
         2          0          0          0          0          0   rtexit.o
        10          0          0          0          0          0   rtexit2.o
        12          4          0          0          0         68   sys_exit.o
        74          0          0          0          0         80   sys_stackheap_outer.o
         2          0          0          0          0         68   use_no_semi.o

    ----------------------------------------------------------------------
       280         16          0          0         96        584   Library Totals
         8          0          0          0          0          0   (incl. Padding)

    ----------------------------------------------------------------------

      Code (inc. data)   RO Data    RW Data    ZI Data      Debug   Library Name

       272         16          0          0         96        584   c_w.l

    ----------------------------------------------------------------------
       280         16          0          0         96        584   Library Totals

    ----------------------------------------------------------------------

==============================================================================


      Code (inc. data)   RO Data    RW Data    ZI Data      Debug   

      6176        656       2056        120       4288      38192   Grand Totals
      6176        656       2056        120       4288      38192   ELF Image Totals
      6176        656       2056        120          0          0   ROM Totals

==============================================================================

    Total RO  Size (Code + RO Data)                 8232 (   8.04kB)
    Total RW  Size (RW Data + ZI Data)              4408 (   4.30kB)
    Total ROM Size (Code + RO Data + RW Data)       8352 (   8.16kB)

==============================================================================

