<!doctype html public "-//w3c//dtd html 4.0 transitional//en">
<html><head>
<title>Static Call Graph - [.\Objects\RTOS.axf]</title></head>
<body><HR>
<H1>Static Call Graph for image .\Objects\RTOS.axf</H1><HR>
<BR><P>#&#060CALLGRAPH&#062# ARM Linker, 5060750: Last Updated: Mon May 03 15:02:14 2021
<BR><P>
<H3>Maximum Stack Usage =        560 bytes + Unknown(Functions without stacksize, Cycles, Untraceable Function Pointers)</H3><H3>
Call chain for Maximum Stack Depth:</H3>
__rt_entry_main &rArr; main &rArr; call_FFT &rArr; arm_rfft_fast_f32 &rArr; arm_cfft_f32 &rArr; arm_cfft_radix8by4_f32 &rArr; arm_radix8_butterfly_f32 &rArr; __aeabi_fmul
<P>
<H3>
Functions with no stack information
</H3><UL>
 <LI><a href="#[c]">SysTick_Handler</a>
 <LI><a href="#[111]">StartOS</a>
 <LI><a href="#[7c]">DisableInterrupts</a>
 <LI><a href="#[7d]">EnableInterrupts</a>
 <LI><a href="#[7e]">StartCritical</a>
 <LI><a href="#[7f]">EndCritical</a>
 <LI><a href="#[80]">WaitForInterrupt</a>
 <LI><a href="#[81]">__user_initial_stackheap</a>
</UL>
</UL>
<P>
<H3>
Mutually Recursive functions
</H3> <LI><a href="#[4]">NMI_Handler</a>&nbsp;&nbsp;&nbsp;&rArr;&nbsp;&nbsp;&nbsp;<a href="#[4]">NMI_Handler</a><BR>
 <LI><a href="#[5]">HardFault_Handler</a>&nbsp;&nbsp;&nbsp;&rArr;&nbsp;&nbsp;&nbsp;<a href="#[5]">HardFault_Handler</a><BR>
 <LI><a href="#[6]">MemManage_Handler</a>&nbsp;&nbsp;&nbsp;&rArr;&nbsp;&nbsp;&nbsp;<a href="#[6]">MemManage_Handler</a><BR>
 <LI><a href="#[7]">BusFault_Handler</a>&nbsp;&nbsp;&nbsp;&rArr;&nbsp;&nbsp;&nbsp;<a href="#[7]">BusFault_Handler</a><BR>
 <LI><a href="#[8]">UsageFault_Handler</a>&nbsp;&nbsp;&nbsp;&rArr;&nbsp;&nbsp;&nbsp;<a href="#[8]">UsageFault_Handler</a><BR>
 <LI><a href="#[9]">SVC_Handler</a>&nbsp;&nbsp;&nbsp;&rArr;&nbsp;&nbsp;&nbsp;<a href="#[9]">SVC_Handler</a><BR>
 <LI><a href="#[a]">DebugMon_Handler</a>&nbsp;&nbsp;&nbsp;&rArr;&nbsp;&nbsp;&nbsp;<a href="#[a]">DebugMon_Handler</a><BR>
 <LI><a href="#[b]">PendSV_Handler</a>&nbsp;&nbsp;&nbsp;&rArr;&nbsp;&nbsp;&nbsp;<a href="#[b]">PendSV_Handler</a><BR>
 <LI><a href="#[d]">GPIOPortA_Handler</a>&nbsp;&nbsp;&nbsp;&rArr;&nbsp;&nbsp;&nbsp;<a href="#[d]">GPIOPortA_Handler</a><BR>
 <LI><a href="#[e]">GPIOPortB_Handler</a>&nbsp;&nbsp;&nbsp;&rArr;&nbsp;&nbsp;&nbsp;<a href="#[e]">GPIOPortB_Handler</a><BR>
 <LI><a href="#[f]">GPIOPortC_Handler</a>&nbsp;&nbsp;&nbsp;&rArr;&nbsp;&nbsp;&nbsp;<a href="#[f]">GPIOPortC_Handler</a><BR>
 <LI><a href="#[10]">GPIOPortD_Handler</a>&nbsp;&nbsp;&nbsp;&rArr;&nbsp;&nbsp;&nbsp;<a href="#[10]">GPIOPortD_Handler</a><BR>
 <LI><a href="#[11]">GPIOPortE_Handler</a>&nbsp;&nbsp;&nbsp;&rArr;&nbsp;&nbsp;&nbsp;<a href="#[11]">GPIOPortE_Handler</a><BR>
 <LI><a href="#[12]">UART0_Handler</a>&nbsp;&nbsp;&nbsp;&rArr;&nbsp;&nbsp;&nbsp;<a href="#[12]">UART0_Handler</a><BR>
 <LI><a href="#[13]">UART1_Handler</a>&nbsp;&nbsp;&nbsp;&rArr;&nbsp;&nbsp;&nbsp;<a href="#[13]">UART1_Handler</a><BR>
 <LI><a href="#[14]">SSI0_Handler</a>&nbsp;&nbsp;&nbsp;&rArr;&nbsp;&nbsp;&nbsp;<a href="#[14]">SSI0_Handler</a><BR>
 <LI><a href="#[15]">I2C0_Handler</a>&nbsp;&nbsp;&nbsp;&rArr;&nbsp;&nbsp;&nbsp;<a href="#[15]">I2C0_Handler</a><BR>
 <LI><a href="#[16]">PMW0_FAULT_Handler</a>&nbsp;&nbsp;&nbsp;&rArr;&nbsp;&nbsp;&nbsp;<a href="#[16]">PMW0_FAULT_Handler</a><BR>
 <LI><a href="#[17]">PWM0Generator0_Handler</a>&nbsp;&nbsp;&nbsp;&rArr;&nbsp;&nbsp;&nbsp;<a href="#[17]">PWM0Generator0_Handler</a><BR>
 <LI><a href="#[18]">PWM0Generator1_Handler</a>&nbsp;&nbsp;&nbsp;&rArr;&nbsp;&nbsp;&nbsp;<a href="#[18]">PWM0Generator1_Handler</a><BR>
 <LI><a href="#[19]">PWM0Generator2_Handler</a>&nbsp;&nbsp;&nbsp;&rArr;&nbsp;&nbsp;&nbsp;<a href="#[19]">PWM0Generator2_Handler</a><BR>
 <LI><a href="#[1a]">Quadrature0_Handler</a>&nbsp;&nbsp;&nbsp;&rArr;&nbsp;&nbsp;&nbsp;<a href="#[1a]">Quadrature0_Handler</a><BR>
 <LI><a href="#[1b]">ADC0Seq0_Handler</a>&nbsp;&nbsp;&nbsp;&rArr;&nbsp;&nbsp;&nbsp;<a href="#[1b]">ADC0Seq0_Handler</a><BR>
 <LI><a href="#[1c]">ADC0Seq1_Handler</a>&nbsp;&nbsp;&nbsp;&rArr;&nbsp;&nbsp;&nbsp;<a href="#[1c]">ADC0Seq1_Handler</a><BR>
 <LI><a href="#[1d]">ADC0Seq2_Handler</a>&nbsp;&nbsp;&nbsp;&rArr;&nbsp;&nbsp;&nbsp;<a href="#[1d]">ADC0Seq2_Handler</a><BR>
 <LI><a href="#[1e]">ADC0Seq3_Handler</a>&nbsp;&nbsp;&nbsp;&rArr;&nbsp;&nbsp;&nbsp;<a href="#[1e]">ADC0Seq3_Handler</a><BR>
 <LI><a href="#[1f]">WDT_Handler</a>&nbsp;&nbsp;&nbsp;&rArr;&nbsp;&nbsp;&nbsp;<a href="#[1f]">WDT_Handler</a><BR>
 <LI><a href="#[20]">TIMER0A_Handler</a>&nbsp;&nbsp;&nbsp;&rArr;&nbsp;&nbsp;&nbsp;<a href="#[20]">TIMER0A_Handler</a><BR>
 <LI><a href="#[21]">TIMER0B_Handler</a>&nbsp;&nbsp;&nbsp;&rArr;&nbsp;&nbsp;&nbsp;<a href="#[21]">TIMER0B_Handler</a><BR>
 <LI><a href="#[22]">TIMER1A_Handler</a>&nbsp;&nbsp;&nbsp;&rArr;&nbsp;&nbsp;&nbsp;<a href="#[22]">TIMER1A_Handler</a><BR>
 <LI><a href="#[23]">TIMER1B_Handler</a>&nbsp;&nbsp;&nbsp;&rArr;&nbsp;&nbsp;&nbsp;<a href="#[23]">TIMER1B_Handler</a><BR>
 <LI><a href="#[24]">TIMER2A_Handler</a>&nbsp;&nbsp;&nbsp;&rArr;&nbsp;&nbsp;&nbsp;<a href="#[24]">TIMER2A_Handler</a><BR>
 <LI><a href="#[25]">TIMER2B_Handler</a>&nbsp;&nbsp;&nbsp;&rArr;&nbsp;&nbsp;&nbsp;<a href="#[25]">TIMER2B_Handler</a><BR>
 <LI><a href="#[26]">COMP0_Handler</a>&nbsp;&nbsp;&nbsp;&rArr;&nbsp;&nbsp;&nbsp;<a href="#[26]">COMP0_Handler</a><BR>
 <LI><a href="#[27]">COMP1_Handler</a>&nbsp;&nbsp;&nbsp;&rArr;&nbsp;&nbsp;&nbsp;<a href="#[27]">COMP1_Handler</a><BR>
 <LI><a href="#[28]">COMP2_Handler</a>&nbsp;&nbsp;&nbsp;&rArr;&nbsp;&nbsp;&nbsp;<a href="#[28]">COMP2_Handler</a><BR>
 <LI><a href="#[29]">SYSCTL_Handler</a>&nbsp;&nbsp;&nbsp;&rArr;&nbsp;&nbsp;&nbsp;<a href="#[29]">SYSCTL_Handler</a><BR>
 <LI><a href="#[2a]">FlashCtl_Handler</a>&nbsp;&nbsp;&nbsp;&rArr;&nbsp;&nbsp;&nbsp;<a href="#[2a]">FlashCtl_Handler</a><BR>
 <LI><a href="#[2b]">GPIOPortF_Handler</a>&nbsp;&nbsp;&nbsp;&rArr;&nbsp;&nbsp;&nbsp;<a href="#[2b]">GPIOPortF_Handler</a><BR>
 <LI><a href="#[2c]">GPIOPortG_Handler</a>&nbsp;&nbsp;&nbsp;&rArr;&nbsp;&nbsp;&nbsp;<a href="#[2c]">GPIOPortG_Handler</a><BR>
 <LI><a href="#[2d]">GPIOPortH_Handler</a>&nbsp;&nbsp;&nbsp;&rArr;&nbsp;&nbsp;&nbsp;<a href="#[2d]">GPIOPortH_Handler</a><BR>
 <LI><a href="#[2e]">UART2_Handler</a>&nbsp;&nbsp;&nbsp;&rArr;&nbsp;&nbsp;&nbsp;<a href="#[2e]">UART2_Handler</a><BR>
 <LI><a href="#[2f]">SSI1_Handler</a>&nbsp;&nbsp;&nbsp;&rArr;&nbsp;&nbsp;&nbsp;<a href="#[2f]">SSI1_Handler</a><BR>
 <LI><a href="#[30]">TIMER3A_Handler</a>&nbsp;&nbsp;&nbsp;&rArr;&nbsp;&nbsp;&nbsp;<a href="#[30]">TIMER3A_Handler</a><BR>
 <LI><a href="#[31]">TIMER3B_Handler</a>&nbsp;&nbsp;&nbsp;&rArr;&nbsp;&nbsp;&nbsp;<a href="#[31]">TIMER3B_Handler</a><BR>
 <LI><a href="#[32]">I2C1_Handler</a>&nbsp;&nbsp;&nbsp;&rArr;&nbsp;&nbsp;&nbsp;<a href="#[32]">I2C1_Handler</a><BR>
 <LI><a href="#[33]">Quadrature1_Handler</a>&nbsp;&nbsp;&nbsp;&rArr;&nbsp;&nbsp;&nbsp;<a href="#[33]">Quadrature1_Handler</a><BR>
 <LI><a href="#[34]">CAN0_Handler</a>&nbsp;&nbsp;&nbsp;&rArr;&nbsp;&nbsp;&nbsp;<a href="#[34]">CAN0_Handler</a><BR>
 <LI><a href="#[35]">CAN1_Handler</a>&nbsp;&nbsp;&nbsp;&rArr;&nbsp;&nbsp;&nbsp;<a href="#[35]">CAN1_Handler</a><BR>
 <LI><a href="#[36]">CAN2_Handler</a>&nbsp;&nbsp;&nbsp;&rArr;&nbsp;&nbsp;&nbsp;<a href="#[36]">CAN2_Handler</a><BR>
 <LI><a href="#[37]">Hibernate_Handler</a>&nbsp;&nbsp;&nbsp;&rArr;&nbsp;&nbsp;&nbsp;<a href="#[37]">Hibernate_Handler</a><BR>
 <LI><a href="#[38]">USB0_Handler</a>&nbsp;&nbsp;&nbsp;&rArr;&nbsp;&nbsp;&nbsp;<a href="#[38]">USB0_Handler</a><BR>
 <LI><a href="#[39]">PWM0Generator3_Handler</a>&nbsp;&nbsp;&nbsp;&rArr;&nbsp;&nbsp;&nbsp;<a href="#[39]">PWM0Generator3_Handler</a><BR>
 <LI><a href="#[3a]">UDMA_Handler</a>&nbsp;&nbsp;&nbsp;&rArr;&nbsp;&nbsp;&nbsp;<a href="#[3a]">UDMA_Handler</a><BR>
 <LI><a href="#[3b]">UDMAERR_Handler</a>&nbsp;&nbsp;&nbsp;&rArr;&nbsp;&nbsp;&nbsp;<a href="#[3b]">UDMAERR_Handler</a><BR>
 <LI><a href="#[3c]">ADC1Seq0_Handler</a>&nbsp;&nbsp;&nbsp;&rArr;&nbsp;&nbsp;&nbsp;<a href="#[3c]">ADC1Seq0_Handler</a><BR>
 <LI><a href="#[3d]">ADC1Seq1_Handler</a>&nbsp;&nbsp;&nbsp;&rArr;&nbsp;&nbsp;&nbsp;<a href="#[3d]">ADC1Seq1_Handler</a><BR>
 <LI><a href="#[3e]">ADC1Seq2_Handler</a>&nbsp;&nbsp;&nbsp;&rArr;&nbsp;&nbsp;&nbsp;<a href="#[3e]">ADC1Seq2_Handler</a><BR>
 <LI><a href="#[3f]">ADC1Seq3_Handler</a>&nbsp;&nbsp;&nbsp;&rArr;&nbsp;&nbsp;&nbsp;<a href="#[3f]">ADC1Seq3_Handler</a><BR>
 <LI><a href="#[40]">GPIOPortJ_Handler</a>&nbsp;&nbsp;&nbsp;&rArr;&nbsp;&nbsp;&nbsp;<a href="#[40]">GPIOPortJ_Handler</a><BR>
 <LI><a href="#[41]">GPIOPortK_Handler</a>&nbsp;&nbsp;&nbsp;&rArr;&nbsp;&nbsp;&nbsp;<a href="#[41]">GPIOPortK_Handler</a><BR>
 <LI><a href="#[42]">GPIOPortL_Handler</a>&nbsp;&nbsp;&nbsp;&rArr;&nbsp;&nbsp;&nbsp;<a href="#[42]">GPIOPortL_Handler</a><BR>
 <LI><a href="#[43]">SSI2_Handler</a>&nbsp;&nbsp;&nbsp;&rArr;&nbsp;&nbsp;&nbsp;<a href="#[43]">SSI2_Handler</a><BR>
 <LI><a href="#[44]">SSI3_Handler</a>&nbsp;&nbsp;&nbsp;&rArr;&nbsp;&nbsp;&nbsp;<a href="#[44]">SSI3_Handler</a><BR>
 <LI><a href="#[45]">UART3_Handler</a>&nbsp;&nbsp;&nbsp;&rArr;&nbsp;&nbsp;&nbsp;<a href="#[45]">UART3_Handler</a><BR>
 <LI><a href="#[46]">UART4_Handler</a>&nbsp;&nbsp;&nbsp;&rArr;&nbsp;&nbsp;&nbsp;<a href="#[46]">UART4_Handler</a><BR>
 <LI><a href="#[47]">UART5_Handler</a>&nbsp;&nbsp;&nbsp;&rArr;&nbsp;&nbsp;&nbsp;<a href="#[47]">UART5_Handler</a><BR>
 <LI><a href="#[48]">UART6_Handler</a>&nbsp;&nbsp;&nbsp;&rArr;&nbsp;&nbsp;&nbsp;<a href="#[48]">UART6_Handler</a><BR>
 <LI><a href="#[49]">UART7_Handler</a>&nbsp;&nbsp;&nbsp;&rArr;&nbsp;&nbsp;&nbsp;<a href="#[49]">UART7_Handler</a><BR>
 <LI><a href="#[4a]">I2C2_Handler</a>&nbsp;&nbsp;&nbsp;&rArr;&nbsp;&nbsp;&nbsp;<a href="#[4a]">I2C2_Handler</a><BR>
 <LI><a href="#[4b]">I2C3_Handler</a>&nbsp;&nbsp;&nbsp;&rArr;&nbsp;&nbsp;&nbsp;<a href="#[4b]">I2C3_Handler</a><BR>
 <LI><a href="#[4c]">TIMER4A_Handler</a>&nbsp;&nbsp;&nbsp;&rArr;&nbsp;&nbsp;&nbsp;<a href="#[4c]">TIMER4A_Handler</a><BR>
 <LI><a href="#[4d]">TIMER4B_Handler</a>&nbsp;&nbsp;&nbsp;&rArr;&nbsp;&nbsp;&nbsp;<a href="#[4d]">TIMER4B_Handler</a><BR>
 <LI><a href="#[4e]">TIMER5A_Handler</a>&nbsp;&nbsp;&nbsp;&rArr;&nbsp;&nbsp;&nbsp;<a href="#[4e]">TIMER5A_Handler</a><BR>
 <LI><a href="#[4f]">TIMER5B_Handler</a>&nbsp;&nbsp;&nbsp;&rArr;&nbsp;&nbsp;&nbsp;<a href="#[4f]">TIMER5B_Handler</a><BR>
 <LI><a href="#[50]">WideTimer0A_Handler</a>&nbsp;&nbsp;&nbsp;&rArr;&nbsp;&nbsp;&nbsp;<a href="#[50]">WideTimer0A_Handler</a><BR>
 <LI><a href="#[51]">WideTimer0B_Handler</a>&nbsp;&nbsp;&nbsp;&rArr;&nbsp;&nbsp;&nbsp;<a href="#[51]">WideTimer0B_Handler</a><BR>
 <LI><a href="#[52]">WideTimer1A_Handler</a>&nbsp;&nbsp;&nbsp;&rArr;&nbsp;&nbsp;&nbsp;<a href="#[52]">WideTimer1A_Handler</a><BR>
 <LI><a href="#[53]">WideTimer1B_Handler</a>&nbsp;&nbsp;&nbsp;&rArr;&nbsp;&nbsp;&nbsp;<a href="#[53]">WideTimer1B_Handler</a><BR>
 <LI><a href="#[54]">WideTimer2A_Handler</a>&nbsp;&nbsp;&nbsp;&rArr;&nbsp;&nbsp;&nbsp;<a href="#[54]">WideTimer2A_Handler</a><BR>
 <LI><a href="#[55]">WideTimer2B_Handler</a>&nbsp;&nbsp;&nbsp;&rArr;&nbsp;&nbsp;&nbsp;<a href="#[55]">WideTimer2B_Handler</a><BR>
 <LI><a href="#[57]">WideTimer3B_Handler</a>&nbsp;&nbsp;&nbsp;&rArr;&nbsp;&nbsp;&nbsp;<a href="#[57]">WideTimer3B_Handler</a><BR>
 <LI><a href="#[59]">WideTimer4B_Handler</a>&nbsp;&nbsp;&nbsp;&rArr;&nbsp;&nbsp;&nbsp;<a href="#[59]">WideTimer4B_Handler</a><BR>
 <LI><a href="#[5b]">WideTimer5B_Handler</a>&nbsp;&nbsp;&nbsp;&rArr;&nbsp;&nbsp;&nbsp;<a href="#[5b]">WideTimer5B_Handler</a><BR>
 <LI><a href="#[5c]">FPU_Handler</a>&nbsp;&nbsp;&nbsp;&rArr;&nbsp;&nbsp;&nbsp;<a href="#[5c]">FPU_Handler</a><BR>
 <LI><a href="#[5d]">I2C4_Handler</a>&nbsp;&nbsp;&nbsp;&rArr;&nbsp;&nbsp;&nbsp;<a href="#[5d]">I2C4_Handler</a><BR>
 <LI><a href="#[5e]">I2C5_Handler</a>&nbsp;&nbsp;&nbsp;&rArr;&nbsp;&nbsp;&nbsp;<a href="#[5e]">I2C5_Handler</a><BR>
 <LI><a href="#[5f]">GPIOPortM_Handler</a>&nbsp;&nbsp;&nbsp;&rArr;&nbsp;&nbsp;&nbsp;<a href="#[5f]">GPIOPortM_Handler</a><BR>
 <LI><a href="#[60]">GPIOPortN_Handler</a>&nbsp;&nbsp;&nbsp;&rArr;&nbsp;&nbsp;&nbsp;<a href="#[60]">GPIOPortN_Handler</a><BR>
 <LI><a href="#[61]">QEI2_Handler</a>&nbsp;&nbsp;&nbsp;&rArr;&nbsp;&nbsp;&nbsp;<a href="#[61]">QEI2_Handler</a><BR>
 <LI><a href="#[62]">GPIOPortP0_Handler</a>&nbsp;&nbsp;&nbsp;&rArr;&nbsp;&nbsp;&nbsp;<a href="#[62]">GPIOPortP0_Handler</a><BR>
 <LI><a href="#[63]">GPIOPortP1_Handler</a>&nbsp;&nbsp;&nbsp;&rArr;&nbsp;&nbsp;&nbsp;<a href="#[63]">GPIOPortP1_Handler</a><BR>
 <LI><a href="#[64]">GPIOPortP2_Handler</a>&nbsp;&nbsp;&nbsp;&rArr;&nbsp;&nbsp;&nbsp;<a href="#[64]">GPIOPortP2_Handler</a><BR>
 <LI><a href="#[65]">GPIOPortP3_Handler</a>&nbsp;&nbsp;&nbsp;&rArr;&nbsp;&nbsp;&nbsp;<a href="#[65]">GPIOPortP3_Handler</a><BR>
 <LI><a href="#[66]">GPIOPortP4_Handler</a>&nbsp;&nbsp;&nbsp;&rArr;&nbsp;&nbsp;&nbsp;<a href="#[66]">GPIOPortP4_Handler</a><BR>
 <LI><a href="#[67]">GPIOPortP5_Handler</a>&nbsp;&nbsp;&nbsp;&rArr;&nbsp;&nbsp;&nbsp;<a href="#[67]">GPIOPortP5_Handler</a><BR>
 <LI><a href="#[68]">GPIOPortP6_Handler</a>&nbsp;&nbsp;&nbsp;&rArr;&nbsp;&nbsp;&nbsp;<a href="#[68]">GPIOPortP6_Handler</a><BR>
 <LI><a href="#[69]">GPIOPortP7_Handler</a>&nbsp;&nbsp;&nbsp;&rArr;&nbsp;&nbsp;&nbsp;<a href="#[69]">GPIOPortP7_Handler</a><BR>
 <LI><a href="#[6a]">GPIOPortQ0_Handler</a>&nbsp;&nbsp;&nbsp;&rArr;&nbsp;&nbsp;&nbsp;<a href="#[6a]">GPIOPortQ0_Handler</a><BR>
 <LI><a href="#[6b]">GPIOPortQ1_Handler</a>&nbsp;&nbsp;&nbsp;&rArr;&nbsp;&nbsp;&nbsp;<a href="#[6b]">GPIOPortQ1_Handler</a><BR>
 <LI><a href="#[6c]">GPIOPortQ2_Handler</a>&nbsp;&nbsp;&nbsp;&rArr;&nbsp;&nbsp;&nbsp;<a href="#[6c]">GPIOPortQ2_Handler</a><BR>
 <LI><a href="#[6d]">GPIOPortQ3_Handler</a>&nbsp;&nbsp;&nbsp;&rArr;&nbsp;&nbsp;&nbsp;<a href="#[6d]">GPIOPortQ3_Handler</a><BR>
 <LI><a href="#[6e]">GPIOPortQ4_Handler</a>&nbsp;&nbsp;&nbsp;&rArr;&nbsp;&nbsp;&nbsp;<a href="#[6e]">GPIOPortQ4_Handler</a><BR>
 <LI><a href="#[6f]">GPIOPortQ5_Handler</a>&nbsp;&nbsp;&nbsp;&rArr;&nbsp;&nbsp;&nbsp;<a href="#[6f]">GPIOPortQ5_Handler</a><BR>
 <LI><a href="#[70]">GPIOPortQ6_Handler</a>&nbsp;&nbsp;&nbsp;&rArr;&nbsp;&nbsp;&nbsp;<a href="#[70]">GPIOPortQ6_Handler</a><BR>
 <LI><a href="#[71]">GPIOPortQ7_Handler</a>&nbsp;&nbsp;&nbsp;&rArr;&nbsp;&nbsp;&nbsp;<a href="#[71]">GPIOPortQ7_Handler</a><BR>
 <LI><a href="#[72]">GPIOPortR_Handler</a>&nbsp;&nbsp;&nbsp;&rArr;&nbsp;&nbsp;&nbsp;<a href="#[72]">GPIOPortR_Handler</a><BR>
 <LI><a href="#[73]">GPIOPortS_Handler</a>&nbsp;&nbsp;&nbsp;&rArr;&nbsp;&nbsp;&nbsp;<a href="#[73]">GPIOPortS_Handler</a><BR>
 <LI><a href="#[74]">PWM1Generator0_Handler</a>&nbsp;&nbsp;&nbsp;&rArr;&nbsp;&nbsp;&nbsp;<a href="#[74]">PWM1Generator0_Handler</a><BR>
 <LI><a href="#[75]">PWM1Generator1_Handler</a>&nbsp;&nbsp;&nbsp;&rArr;&nbsp;&nbsp;&nbsp;<a href="#[75]">PWM1Generator1_Handler</a><BR>
 <LI><a href="#[76]">PWM1Generator2_Handler</a>&nbsp;&nbsp;&nbsp;&rArr;&nbsp;&nbsp;&nbsp;<a href="#[76]">PWM1Generator2_Handler</a><BR>
 <LI><a href="#[77]">PWM1Generator3_Handler</a>&nbsp;&nbsp;&nbsp;&rArr;&nbsp;&nbsp;&nbsp;<a href="#[77]">PWM1Generator3_Handler</a><BR>
 <LI><a href="#[78]">PWM1Fault_Handler</a>&nbsp;&nbsp;&nbsp;&rArr;&nbsp;&nbsp;&nbsp;<a href="#[78]">PWM1Fault_Handler</a><BR>
 <LI><a href="#[d1]">fillmessage</a>&nbsp;&nbsp;&nbsp;&rArr;&nbsp;&nbsp;&nbsp;<a href="#[d1]">fillmessage</a><BR>
 <LI><a href="#[91]">parrotdelay</a>&nbsp;&nbsp;&nbsp;&rArr;&nbsp;&nbsp;&nbsp;<a href="#[91]">parrotdelay</a><BR>
</UL>
<P>
<H3>
Function Pointers
</H3><UL>
 <LI><a href="#[1b]">ADC0Seq0_Handler</a> from startup_tm4c123.o(.text) referenced from startup_tm4c123.o(RESET)
 <LI><a href="#[1c]">ADC0Seq1_Handler</a> from startup_tm4c123.o(.text) referenced from startup_tm4c123.o(RESET)
 <LI><a href="#[1d]">ADC0Seq2_Handler</a> from startup_tm4c123.o(.text) referenced from startup_tm4c123.o(RESET)
 <LI><a href="#[1e]">ADC0Seq3_Handler</a> from startup_tm4c123.o(.text) referenced from startup_tm4c123.o(RESET)
 <LI><a href="#[3c]">ADC1Seq0_Handler</a> from startup_tm4c123.o(.text) referenced from startup_tm4c123.o(RESET)
 <LI><a href="#[3d]">ADC1Seq1_Handler</a> from startup_tm4c123.o(.text) referenced from startup_tm4c123.o(RESET)
 <LI><a href="#[3e]">ADC1Seq2_Handler</a> from startup_tm4c123.o(.text) referenced from startup_tm4c123.o(RESET)
 <LI><a href="#[3f]">ADC1Seq3_Handler</a> from startup_tm4c123.o(.text) referenced from startup_tm4c123.o(RESET)
 <LI><a href="#[7]">BusFault_Handler</a> from startup_tm4c123.o(.text) referenced from startup_tm4c123.o(RESET)
 <LI><a href="#[34]">CAN0_Handler</a> from startup_tm4c123.o(.text) referenced from startup_tm4c123.o(RESET)
 <LI><a href="#[35]">CAN1_Handler</a> from startup_tm4c123.o(.text) referenced from startup_tm4c123.o(RESET)
 <LI><a href="#[36]">CAN2_Handler</a> from startup_tm4c123.o(.text) referenced from startup_tm4c123.o(RESET)
 <LI><a href="#[26]">COMP0_Handler</a> from startup_tm4c123.o(.text) referenced from startup_tm4c123.o(RESET)
 <LI><a href="#[27]">COMP1_Handler</a> from startup_tm4c123.o(.text) referenced from startup_tm4c123.o(RESET)
 <LI><a href="#[28]">COMP2_Handler</a> from startup_tm4c123.o(.text) referenced from startup_tm4c123.o(RESET)
 <LI><a href="#[a]">DebugMon_Handler</a> from startup_tm4c123.o(.text) referenced from startup_tm4c123.o(RESET)
 <LI><a href="#[5c]">FPU_Handler</a> from startup_tm4c123.o(.text) referenced from startup_tm4c123.o(RESET)
 <LI><a href="#[2a]">FlashCtl_Handler</a> from startup_tm4c123.o(.text) referenced from startup_tm4c123.o(RESET)
 <LI><a href="#[d]">GPIOPortA_Handler</a> from startup_tm4c123.o(.text) referenced from startup_tm4c123.o(RESET)
 <LI><a href="#[e]">GPIOPortB_Handler</a> from startup_tm4c123.o(.text) referenced from startup_tm4c123.o(RESET)
 <LI><a href="#[f]">GPIOPortC_Handler</a> from startup_tm4c123.o(.text) referenced from startup_tm4c123.o(RESET)
 <LI><a href="#[10]">GPIOPortD_Handler</a> from startup_tm4c123.o(.text) referenced from startup_tm4c123.o(RESET)
 <LI><a href="#[11]">GPIOPortE_Handler</a> from startup_tm4c123.o(.text) referenced from startup_tm4c123.o(RESET)
 <LI><a href="#[2b]">GPIOPortF_Handler</a> from startup_tm4c123.o(.text) referenced from startup_tm4c123.o(RESET)
 <LI><a href="#[2c]">GPIOPortG_Handler</a> from startup_tm4c123.o(.text) referenced from startup_tm4c123.o(RESET)
 <LI><a href="#[2d]">GPIOPortH_Handler</a> from startup_tm4c123.o(.text) referenced from startup_tm4c123.o(RESET)
 <LI><a href="#[40]">GPIOPortJ_Handler</a> from startup_tm4c123.o(.text) referenced from startup_tm4c123.o(RESET)
 <LI><a href="#[41]">GPIOPortK_Handler</a> from startup_tm4c123.o(.text) referenced from startup_tm4c123.o(RESET)
 <LI><a href="#[42]">GPIOPortL_Handler</a> from startup_tm4c123.o(.text) referenced from startup_tm4c123.o(RESET)
 <LI><a href="#[5f]">GPIOPortM_Handler</a> from startup_tm4c123.o(.text) referenced from startup_tm4c123.o(RESET)
 <LI><a href="#[60]">GPIOPortN_Handler</a> from startup_tm4c123.o(.text) referenced from startup_tm4c123.o(RESET)
 <LI><a href="#[62]">GPIOPortP0_Handler</a> from startup_tm4c123.o(.text) referenced from startup_tm4c123.o(RESET)
 <LI><a href="#[63]">GPIOPortP1_Handler</a> from startup_tm4c123.o(.text) referenced from startup_tm4c123.o(RESET)
 <LI><a href="#[64]">GPIOPortP2_Handler</a> from startup_tm4c123.o(.text) referenced from startup_tm4c123.o(RESET)
 <LI><a href="#[65]">GPIOPortP3_Handler</a> from startup_tm4c123.o(.text) referenced from startup_tm4c123.o(RESET)
 <LI><a href="#[66]">GPIOPortP4_Handler</a> from startup_tm4c123.o(.text) referenced from startup_tm4c123.o(RESET)
 <LI><a href="#[67]">GPIOPortP5_Handler</a> from startup_tm4c123.o(.text) referenced from startup_tm4c123.o(RESET)
 <LI><a href="#[68]">GPIOPortP6_Handler</a> from startup_tm4c123.o(.text) referenced from startup_tm4c123.o(RESET)
 <LI><a href="#[69]">GPIOPortP7_Handler</a> from startup_tm4c123.o(.text) referenced from startup_tm4c123.o(RESET)
 <LI><a href="#[6a]">GPIOPortQ0_Handler</a> from startup_tm4c123.o(.text) referenced from startup_tm4c123.o(RESET)
 <LI><a href="#[6b]">GPIOPortQ1_Handler</a> from startup_tm4c123.o(.text) referenced from startup_tm4c123.o(RESET)
 <LI><a href="#[6c]">GPIOPortQ2_Handler</a> from startup_tm4c123.o(.text) referenced from startup_tm4c123.o(RESET)
 <LI><a href="#[6d]">GPIOPortQ3_Handler</a> from startup_tm4c123.o(.text) referenced from startup_tm4c123.o(RESET)
 <LI><a href="#[6e]">GPIOPortQ4_Handler</a> from startup_tm4c123.o(.text) referenced from startup_tm4c123.o(RESET)
 <LI><a href="#[6f]">GPIOPortQ5_Handler</a> from startup_tm4c123.o(.text) referenced from startup_tm4c123.o(RESET)
 <LI><a href="#[70]">GPIOPortQ6_Handler</a> from startup_tm4c123.o(.text) referenced from startup_tm4c123.o(RESET)
 <LI><a href="#[71]">GPIOPortQ7_Handler</a> from startup_tm4c123.o(.text) referenced from startup_tm4c123.o(RESET)
 <LI><a href="#[72]">GPIOPortR_Handler</a> from startup_tm4c123.o(.text) referenced from startup_tm4c123.o(RESET)
 <LI><a href="#[73]">GPIOPortS_Handler</a> from startup_tm4c123.o(.text) referenced from startup_tm4c123.o(RESET)
 <LI><a href="#[5]">HardFault_Handler</a> from startup_tm4c123.o(.text) referenced from startup_tm4c123.o(RESET)
 <LI><a href="#[37]">Hibernate_Handler</a> from startup_tm4c123.o(.text) referenced from startup_tm4c123.o(RESET)
 <LI><a href="#[15]">I2C0_Handler</a> from startup_tm4c123.o(.text) referenced from startup_tm4c123.o(RESET)
 <LI><a href="#[32]">I2C1_Handler</a> from startup_tm4c123.o(.text) referenced from startup_tm4c123.o(RESET)
 <LI><a href="#[4a]">I2C2_Handler</a> from startup_tm4c123.o(.text) referenced from startup_tm4c123.o(RESET)
 <LI><a href="#[4b]">I2C3_Handler</a> from startup_tm4c123.o(.text) referenced from startup_tm4c123.o(RESET)
 <LI><a href="#[5d]">I2C4_Handler</a> from startup_tm4c123.o(.text) referenced from startup_tm4c123.o(RESET)
 <LI><a href="#[5e]">I2C5_Handler</a> from startup_tm4c123.o(.text) referenced from startup_tm4c123.o(RESET)
 <LI><a href="#[6]">MemManage_Handler</a> from startup_tm4c123.o(.text) referenced from startup_tm4c123.o(RESET)
 <LI><a href="#[4]">NMI_Handler</a> from startup_tm4c123.o(.text) referenced from startup_tm4c123.o(RESET)
 <LI><a href="#[16]">PMW0_FAULT_Handler</a> from startup_tm4c123.o(.text) referenced from startup_tm4c123.o(RESET)
 <LI><a href="#[17]">PWM0Generator0_Handler</a> from startup_tm4c123.o(.text) referenced from startup_tm4c123.o(RESET)
 <LI><a href="#[18]">PWM0Generator1_Handler</a> from startup_tm4c123.o(.text) referenced from startup_tm4c123.o(RESET)
 <LI><a href="#[19]">PWM0Generator2_Handler</a> from startup_tm4c123.o(.text) referenced from startup_tm4c123.o(RESET)
 <LI><a href="#[39]">PWM0Generator3_Handler</a> from startup_tm4c123.o(.text) referenced from startup_tm4c123.o(RESET)
 <LI><a href="#[78]">PWM1Fault_Handler</a> from startup_tm4c123.o(.text) referenced from startup_tm4c123.o(RESET)
 <LI><a href="#[74]">PWM1Generator0_Handler</a> from startup_tm4c123.o(.text) referenced from startup_tm4c123.o(RESET)
 <LI><a href="#[75]">PWM1Generator1_Handler</a> from startup_tm4c123.o(.text) referenced from startup_tm4c123.o(RESET)
 <LI><a href="#[76]">PWM1Generator2_Handler</a> from startup_tm4c123.o(.text) referenced from startup_tm4c123.o(RESET)
 <LI><a href="#[77]">PWM1Generator3_Handler</a> from startup_tm4c123.o(.text) referenced from startup_tm4c123.o(RESET)
 <LI><a href="#[b]">PendSV_Handler</a> from startup_tm4c123.o(.text) referenced from startup_tm4c123.o(RESET)
 <LI><a href="#[61]">QEI2_Handler</a> from startup_tm4c123.o(.text) referenced from startup_tm4c123.o(RESET)
 <LI><a href="#[1a]">Quadrature0_Handler</a> from startup_tm4c123.o(.text) referenced from startup_tm4c123.o(RESET)
 <LI><a href="#[33]">Quadrature1_Handler</a> from startup_tm4c123.o(.text) referenced from startup_tm4c123.o(RESET)
 <LI><a href="#[7a]">Reset_Handler</a> from startup_tm4c123.o(.text) referenced from startup_tm4c123.o(RESET)
 <LI><a href="#[14]">SSI0_Handler</a> from startup_tm4c123.o(.text) referenced from startup_tm4c123.o(RESET)
 <LI><a href="#[2f]">SSI1_Handler</a> from startup_tm4c123.o(.text) referenced from startup_tm4c123.o(RESET)
 <LI><a href="#[43]">SSI2_Handler</a> from startup_tm4c123.o(.text) referenced from startup_tm4c123.o(RESET)
 <LI><a href="#[44]">SSI3_Handler</a> from startup_tm4c123.o(.text) referenced from startup_tm4c123.o(RESET)
 <LI><a href="#[9]">SVC_Handler</a> from startup_tm4c123.o(.text) referenced from startup_tm4c123.o(RESET)
 <LI><a href="#[29]">SYSCTL_Handler</a> from startup_tm4c123.o(.text) referenced from startup_tm4c123.o(RESET)
 <LI><a href="#[c]">SysTick_Handler</a> from osasm.o(.text) referenced from startup_tm4c123.o(RESET)
 <LI><a href="#[20]">TIMER0A_Handler</a> from startup_tm4c123.o(.text) referenced from startup_tm4c123.o(RESET)
 <LI><a href="#[21]">TIMER0B_Handler</a> from startup_tm4c123.o(.text) referenced from startup_tm4c123.o(RESET)
 <LI><a href="#[22]">TIMER1A_Handler</a> from startup_tm4c123.o(.text) referenced from startup_tm4c123.o(RESET)
 <LI><a href="#[23]">TIMER1B_Handler</a> from startup_tm4c123.o(.text) referenced from startup_tm4c123.o(RESET)
 <LI><a href="#[24]">TIMER2A_Handler</a> from startup_tm4c123.o(.text) referenced from startup_tm4c123.o(RESET)
 <LI><a href="#[25]">TIMER2B_Handler</a> from startup_tm4c123.o(.text) referenced from startup_tm4c123.o(RESET)
 <LI><a href="#[30]">TIMER3A_Handler</a> from startup_tm4c123.o(.text) referenced from startup_tm4c123.o(RESET)
 <LI><a href="#[31]">TIMER3B_Handler</a> from startup_tm4c123.o(.text) referenced from startup_tm4c123.o(RESET)
 <LI><a href="#[4c]">TIMER4A_Handler</a> from startup_tm4c123.o(.text) referenced from startup_tm4c123.o(RESET)
 <LI><a href="#[4d]">TIMER4B_Handler</a> from startup_tm4c123.o(.text) referenced from startup_tm4c123.o(RESET)
 <LI><a href="#[4e]">TIMER5A_Handler</a> from startup_tm4c123.o(.text) referenced from startup_tm4c123.o(RESET)
 <LI><a href="#[4f]">TIMER5B_Handler</a> from startup_tm4c123.o(.text) referenced from startup_tm4c123.o(RESET)
 <LI><a href="#[12]">UART0_Handler</a> from startup_tm4c123.o(.text) referenced from startup_tm4c123.o(RESET)
 <LI><a href="#[13]">UART1_Handler</a> from startup_tm4c123.o(.text) referenced from startup_tm4c123.o(RESET)
 <LI><a href="#[2e]">UART2_Handler</a> from startup_tm4c123.o(.text) referenced from startup_tm4c123.o(RESET)
 <LI><a href="#[45]">UART3_Handler</a> from startup_tm4c123.o(.text) referenced from startup_tm4c123.o(RESET)
 <LI><a href="#[46]">UART4_Handler</a> from startup_tm4c123.o(.text) referenced from startup_tm4c123.o(RESET)
 <LI><a href="#[47]">UART5_Handler</a> from startup_tm4c123.o(.text) referenced from startup_tm4c123.o(RESET)
 <LI><a href="#[48]">UART6_Handler</a> from startup_tm4c123.o(.text) referenced from startup_tm4c123.o(RESET)
 <LI><a href="#[49]">UART7_Handler</a> from startup_tm4c123.o(.text) referenced from startup_tm4c123.o(RESET)
 <LI><a href="#[3b]">UDMAERR_Handler</a> from startup_tm4c123.o(.text) referenced from startup_tm4c123.o(RESET)
 <LI><a href="#[3a]">UDMA_Handler</a> from startup_tm4c123.o(.text) referenced from startup_tm4c123.o(RESET)
 <LI><a href="#[38]">USB0_Handler</a> from startup_tm4c123.o(.text) referenced from startup_tm4c123.o(RESET)
 <LI><a href="#[8]">UsageFault_Handler</a> from startup_tm4c123.o(.text) referenced from startup_tm4c123.o(RESET)
 <LI><a href="#[1f]">WDT_Handler</a> from startup_tm4c123.o(.text) referenced from startup_tm4c123.o(RESET)
 <LI><a href="#[50]">WideTimer0A_Handler</a> from startup_tm4c123.o(.text) referenced from startup_tm4c123.o(RESET)
 <LI><a href="#[51]">WideTimer0B_Handler</a> from startup_tm4c123.o(.text) referenced from startup_tm4c123.o(RESET)
 <LI><a href="#[52]">WideTimer1A_Handler</a> from startup_tm4c123.o(.text) referenced from startup_tm4c123.o(RESET)
 <LI><a href="#[53]">WideTimer1B_Handler</a> from startup_tm4c123.o(.text) referenced from startup_tm4c123.o(RESET)
 <LI><a href="#[54]">WideTimer2A_Handler</a> from startup_tm4c123.o(.text) referenced from startup_tm4c123.o(RESET)
 <LI><a href="#[55]">WideTimer2B_Handler</a> from startup_tm4c123.o(.text) referenced from startup_tm4c123.o(RESET)
 <LI><a href="#[56]">WideTimer3A_Handler</a> from bsp.o(i.WideTimer3A_Handler) referenced from startup_tm4c123.o(RESET)
 <LI><a href="#[57]">WideTimer3B_Handler</a> from startup_tm4c123.o(.text) referenced from startup_tm4c123.o(RESET)
 <LI><a href="#[58]">WideTimer4A_Handler</a> from bsp.o(i.WideTimer4A_Handler) referenced from startup_tm4c123.o(RESET)
 <LI><a href="#[59]">WideTimer4B_Handler</a> from startup_tm4c123.o(.text) referenced from startup_tm4c123.o(RESET)
 <LI><a href="#[5a]">WideTimer5A_Handler</a> from bsp.o(i.WideTimer5A_Handler) referenced from startup_tm4c123.o(RESET)
 <LI><a href="#[5b]">WideTimer5B_Handler</a> from startup_tm4c123.o(.text) referenced from startup_tm4c123.o(RESET)
 <LI><a href="#[7b]">__main</a> from __main.o(!!!main) referenced from startup_tm4c123.o(.text)
</UL>
<P>
<H3>
Global Symbols
</H3>
<P><STRONG><a name="[7b]"></a>__main</STRONG> (Thumb, 8 bytes, Stack size 0 bytes, __main.o(!!!main))
<BR><BR>[Calls]<UL><LI><a href="#[83]">&gt;&gt;</a>&nbsp;&nbsp;&nbsp;__rt_entry
<LI><a href="#[82]">&gt;&gt;</a>&nbsp;&nbsp;&nbsp;__scatterload
</UL>

<P><STRONG><a name="[82]"></a>__scatterload</STRONG> (Thumb, 0 bytes, Stack size unknown bytes, __scatter.o(!!!scatter))
<BR><BR>[Called By]<UL><LI><a href="#[7b]">&gt;&gt;</a>&nbsp;&nbsp;&nbsp;__main
</UL>

<P><STRONG><a name="[84]"></a>__scatterload_rt2</STRONG> (Thumb, 44 bytes, Stack size unknown bytes, __scatter.o(!!!scatter), UNUSED)
<BR><BR>[Calls]<UL><LI><a href="#[83]">&gt;&gt;</a>&nbsp;&nbsp;&nbsp;__rt_entry
</UL>

<P><STRONG><a name="[ee]"></a>__scatterload_rt2_thumb_only</STRONG> (Thumb, 0 bytes, Stack size unknown bytes, __scatter.o(!!!scatter), UNUSED)

<P><STRONG><a name="[ef]"></a>__scatterload_null</STRONG> (Thumb, 0 bytes, Stack size unknown bytes, __scatter.o(!!!scatter), UNUSED)

<P><STRONG><a name="[85]"></a>__scatterload_copy</STRONG> (Thumb, 26 bytes, Stack size unknown bytes, __scatter_copy.o(!!handler_copy), UNUSED)
<BR><BR>[Calls]<UL><LI><a href="#[85]">&gt;&gt;</a>&nbsp;&nbsp;&nbsp;__scatterload_copy
</UL>
<BR>[Called By]<UL><LI><a href="#[85]">&gt;&gt;</a>&nbsp;&nbsp;&nbsp;__scatterload_copy
</UL>

<P><STRONG><a name="[f0]"></a>__scatterload_zeroinit</STRONG> (Thumb, 28 bytes, Stack size unknown bytes, __scatter_zi.o(!!handler_zi), UNUSED)

<P><STRONG><a name="[89]"></a>__rt_lib_init</STRONG> (Thumb, 0 bytes, Stack size unknown bytes, libinit.o(.ARM.Collect$$libinit$$00000000))
<BR><BR>[Called By]<UL><LI><a href="#[88]">&gt;&gt;</a>&nbsp;&nbsp;&nbsp;__rt_entry_li
</UL>

<P><STRONG><a name="[f1]"></a>__rt_lib_init_alloca_1</STRONG> (Thumb, 0 bytes, Stack size unknown bytes, libinit2.o(.ARM.Collect$$libinit$$0000002E))

<P><STRONG><a name="[f2]"></a>__rt_lib_init_argv_1</STRONG> (Thumb, 0 bytes, Stack size unknown bytes, libinit2.o(.ARM.Collect$$libinit$$0000002C))

<P><STRONG><a name="[f3]"></a>__rt_lib_init_atexit_1</STRONG> (Thumb, 0 bytes, Stack size unknown bytes, libinit2.o(.ARM.Collect$$libinit$$0000001B))

<P><STRONG><a name="[f4]"></a>__rt_lib_init_clock_1</STRONG> (Thumb, 0 bytes, Stack size unknown bytes, libinit2.o(.ARM.Collect$$libinit$$00000021))

<P><STRONG><a name="[f5]"></a>__rt_lib_init_cpp_1</STRONG> (Thumb, 0 bytes, Stack size unknown bytes, libinit2.o(.ARM.Collect$$libinit$$00000032))

<P><STRONG><a name="[f6]"></a>__rt_lib_init_exceptions_1</STRONG> (Thumb, 0 bytes, Stack size unknown bytes, libinit2.o(.ARM.Collect$$libinit$$00000030))

<P><STRONG><a name="[f7]"></a>__rt_lib_init_fp_1</STRONG> (Thumb, 0 bytes, Stack size unknown bytes, libinit2.o(.ARM.Collect$$libinit$$00000002))

<P><STRONG><a name="[f8]"></a>__rt_lib_init_fp_trap_1</STRONG> (Thumb, 0 bytes, Stack size unknown bytes, libinit2.o(.ARM.Collect$$libinit$$0000001F))

<P><STRONG><a name="[f9]"></a>__rt_lib_init_getenv_1</STRONG> (Thumb, 0 bytes, Stack size unknown bytes, libinit2.o(.ARM.Collect$$libinit$$00000023))

<P><STRONG><a name="[fa]"></a>__rt_lib_init_heap_1</STRONG> (Thumb, 0 bytes, Stack size unknown bytes, libinit2.o(.ARM.Collect$$libinit$$0000000A))

<P><STRONG><a name="[fb]"></a>__rt_lib_init_lc_collate_1</STRONG> (Thumb, 0 bytes, Stack size unknown bytes, libinit2.o(.ARM.Collect$$libinit$$00000011))

<P><STRONG><a name="[fc]"></a>__rt_lib_init_lc_ctype_1</STRONG> (Thumb, 0 bytes, Stack size unknown bytes, libinit2.o(.ARM.Collect$$libinit$$00000013))

<P><STRONG><a name="[fd]"></a>__rt_lib_init_lc_monetary_1</STRONG> (Thumb, 0 bytes, Stack size unknown bytes, libinit2.o(.ARM.Collect$$libinit$$00000015))

<P><STRONG><a name="[fe]"></a>__rt_lib_init_lc_numeric_1</STRONG> (Thumb, 0 bytes, Stack size unknown bytes, libinit2.o(.ARM.Collect$$libinit$$00000017))

<P><STRONG><a name="[ff]"></a>__rt_lib_init_lc_time_1</STRONG> (Thumb, 0 bytes, Stack size unknown bytes, libinit2.o(.ARM.Collect$$libinit$$00000019))

<P><STRONG><a name="[100]"></a>__rt_lib_init_preinit_1</STRONG> (Thumb, 0 bytes, Stack size unknown bytes, libinit2.o(.ARM.Collect$$libinit$$00000004))

<P><STRONG><a name="[101]"></a>__rt_lib_init_rand_1</STRONG> (Thumb, 0 bytes, Stack size unknown bytes, libinit2.o(.ARM.Collect$$libinit$$0000000E))

<P><STRONG><a name="[102]"></a>__rt_lib_init_return</STRONG> (Thumb, 0 bytes, Stack size unknown bytes, libinit2.o(.ARM.Collect$$libinit$$00000033))

<P><STRONG><a name="[103]"></a>__rt_lib_init_signal_1</STRONG> (Thumb, 0 bytes, Stack size unknown bytes, libinit2.o(.ARM.Collect$$libinit$$0000001D))

<P><STRONG><a name="[104]"></a>__rt_lib_init_stdio_1</STRONG> (Thumb, 0 bytes, Stack size unknown bytes, libinit2.o(.ARM.Collect$$libinit$$00000025))

<P><STRONG><a name="[105]"></a>__rt_lib_init_user_alloc_1</STRONG> (Thumb, 0 bytes, Stack size unknown bytes, libinit2.o(.ARM.Collect$$libinit$$0000000C))

<P><STRONG><a name="[8e]"></a>__rt_lib_shutdown</STRONG> (Thumb, 0 bytes, Stack size unknown bytes, libshutdown.o(.ARM.Collect$$libshutdown$$00000000))
<BR><BR>[Called By]<UL><LI><a href="#[8d]">&gt;&gt;</a>&nbsp;&nbsp;&nbsp;__rt_exit_ls
</UL>

<P><STRONG><a name="[106]"></a>__rt_lib_shutdown_cpp_1</STRONG> (Thumb, 0 bytes, Stack size unknown bytes, libshutdown2.o(.ARM.Collect$$libshutdown$$00000002))

<P><STRONG><a name="[107]"></a>__rt_lib_shutdown_fp_trap_1</STRONG> (Thumb, 0 bytes, Stack size unknown bytes, libshutdown2.o(.ARM.Collect$$libshutdown$$00000007))

<P><STRONG><a name="[108]"></a>__rt_lib_shutdown_heap_1</STRONG> (Thumb, 0 bytes, Stack size unknown bytes, libshutdown2.o(.ARM.Collect$$libshutdown$$0000000F))

<P><STRONG><a name="[109]"></a>__rt_lib_shutdown_return</STRONG> (Thumb, 0 bytes, Stack size unknown bytes, libshutdown2.o(.ARM.Collect$$libshutdown$$00000010))

<P><STRONG><a name="[10a]"></a>__rt_lib_shutdown_signal_1</STRONG> (Thumb, 0 bytes, Stack size unknown bytes, libshutdown2.o(.ARM.Collect$$libshutdown$$0000000A))

<P><STRONG><a name="[10b]"></a>__rt_lib_shutdown_stdio_1</STRONG> (Thumb, 0 bytes, Stack size unknown bytes, libshutdown2.o(.ARM.Collect$$libshutdown$$00000004))

<P><STRONG><a name="[10c]"></a>__rt_lib_shutdown_user_alloc_1</STRONG> (Thumb, 0 bytes, Stack size unknown bytes, libshutdown2.o(.ARM.Collect$$libshutdown$$0000000C))

<P><STRONG><a name="[83]"></a>__rt_entry</STRONG> (Thumb, 0 bytes, Stack size unknown bytes, __rtentry.o(.ARM.Collect$$rtentry$$00000000))
<BR><BR>[Called By]<UL><LI><a href="#[7b]">&gt;&gt;</a>&nbsp;&nbsp;&nbsp;__main
<LI><a href="#[84]">&gt;&gt;</a>&nbsp;&nbsp;&nbsp;__scatterload_rt2
</UL>

<P><STRONG><a name="[10d]"></a>__rt_entry_presh_1</STRONG> (Thumb, 0 bytes, Stack size unknown bytes, __rtentry2.o(.ARM.Collect$$rtentry$$00000002))

<P><STRONG><a name="[86]"></a>__rt_entry_sh</STRONG> (Thumb, 0 bytes, Stack size unknown bytes, __rtentry4.o(.ARM.Collect$$rtentry$$00000004))
<BR><BR>[Stack]<UL><LI>Max Depth = 8 + Unknown Stack Size
<LI>Call Chain = __rt_entry_sh &rArr; __user_setup_stackheap
</UL>
<BR>[Calls]<UL><LI><a href="#[87]">&gt;&gt;</a>&nbsp;&nbsp;&nbsp;__user_setup_stackheap
</UL>

<P><STRONG><a name="[88]"></a>__rt_entry_li</STRONG> (Thumb, 0 bytes, Stack size unknown bytes, __rtentry2.o(.ARM.Collect$$rtentry$$0000000A))
<BR><BR>[Calls]<UL><LI><a href="#[89]">&gt;&gt;</a>&nbsp;&nbsp;&nbsp;__rt_lib_init
</UL>

<P><STRONG><a name="[10e]"></a>__rt_entry_postsh_1</STRONG> (Thumb, 0 bytes, Stack size unknown bytes, __rtentry2.o(.ARM.Collect$$rtentry$$00000009))

<P><STRONG><a name="[8a]"></a>__rt_entry_main</STRONG> (Thumb, 0 bytes, Stack size unknown bytes, __rtentry2.o(.ARM.Collect$$rtentry$$0000000D))
<BR><BR>[Stack]<UL><LI>Max Depth = 560 + Unknown Stack Size
<LI>Call Chain = __rt_entry_main &rArr; main &rArr; call_FFT &rArr; arm_rfft_fast_f32 &rArr; arm_cfft_f32 &rArr; arm_cfft_radix8by4_f32 &rArr; arm_radix8_butterfly_f32 &rArr; __aeabi_fmul
</UL>
<BR>[Calls]<UL><LI><a href="#[8c]">&gt;&gt;</a>&nbsp;&nbsp;&nbsp;exit
<LI><a href="#[8b]">&gt;&gt;</a>&nbsp;&nbsp;&nbsp;main
</UL>

<P><STRONG><a name="[10f]"></a>__rt_entry_postli_1</STRONG> (Thumb, 0 bytes, Stack size unknown bytes, __rtentry2.o(.ARM.Collect$$rtentry$$0000000C))

<P><STRONG><a name="[97]"></a>__rt_exit</STRONG> (Thumb, 0 bytes, Stack size unknown bytes, rtexit.o(.ARM.Collect$$rtexit$$00000000))
<BR><BR>[Called By]<UL><LI><a href="#[8c]">&gt;&gt;</a>&nbsp;&nbsp;&nbsp;exit
</UL>

<P><STRONG><a name="[8d]"></a>__rt_exit_ls</STRONG> (Thumb, 0 bytes, Stack size unknown bytes, rtexit2.o(.ARM.Collect$$rtexit$$00000003))
<BR><BR>[Calls]<UL><LI><a href="#[8e]">&gt;&gt;</a>&nbsp;&nbsp;&nbsp;__rt_lib_shutdown
</UL>

<P><STRONG><a name="[110]"></a>__rt_exit_prels_1</STRONG> (Thumb, 0 bytes, Stack size unknown bytes, rtexit2.o(.ARM.Collect$$rtexit$$00000002))

<P><STRONG><a name="[8f]"></a>__rt_exit_exit</STRONG> (Thumb, 0 bytes, Stack size unknown bytes, rtexit2.o(.ARM.Collect$$rtexit$$00000004))
<BR><BR>[Calls]<UL><LI><a href="#[90]">&gt;&gt;</a>&nbsp;&nbsp;&nbsp;_sys_exit
</UL>

<P><STRONG><a name="[91]"></a>parrotdelay</STRONG> (Thumb, 6 bytes, Stack size 0 bytes, bsp.o(.emb_text))
<BR><BR>[Calls]<UL><LI><a href="#[91]">&gt;&gt;</a>&nbsp;&nbsp;&nbsp;parrotdelay
</UL>
<BR>[Called By]<UL><LI><a href="#[a7]">&gt;&gt;</a>&nbsp;&nbsp;&nbsp;BSP_Delay1ms
<LI><a href="#[91]">&gt;&gt;</a>&nbsp;&nbsp;&nbsp;parrotdelay
</UL>

<P><STRONG><a name="[c]"></a>SysTick_Handler</STRONG> (Thumb, 0 bytes, Stack size unknown bytes, osasm.o(.text))
<BR><BR>[Stack]<UL><LI>Max Depth = 8 + Unknown Stack Size
<LI>Call Chain = SysTick_Handler &rArr; Scheduler
</UL>
<BR>[Calls]<UL><LI><a href="#[92]">&gt;&gt;</a>&nbsp;&nbsp;&nbsp;Scheduler
</UL>
<BR>[Address Reference Count : 1]<UL><LI> startup_tm4c123.o(RESET)
</UL>
<P><STRONG><a name="[111]"></a>StartOS</STRONG> (Thumb, 0 bytes, Stack size unknown bytes, osasm.o(.text), UNUSED)

<P><STRONG><a name="[7a]"></a>Reset_Handler</STRONG> (Thumb, 4 bytes, Stack size 0 bytes, startup_tm4c123.o(.text))

<P><STRONG><a name="[4]"></a>NMI_Handler</STRONG> (Thumb, 2 bytes, Stack size 0 bytes, startup_tm4c123.o(.text))
<BR><BR>[Calls]<UL><LI><a href="#[4]">&gt;&gt;</a>&nbsp;&nbsp;&nbsp;NMI_Handler
</UL>
<BR>[Called By]<UL><LI><a href="#[4]">&gt;&gt;</a>&nbsp;&nbsp;&nbsp;NMI_Handler
</UL>
<BR>[Address Reference Count : 1]<UL><LI> startup_tm4c123.o(RESET)
</UL>
<P><STRONG><a name="[5]"></a>HardFault_Handler</STRONG> (Thumb, 2 bytes, Stack size 0 bytes, startup_tm4c123.o(.text))
<BR><BR>[Calls]<UL><LI><a href="#[5]">&gt;&gt;</a>&nbsp;&nbsp;&nbsp;HardFault_Handler
</UL>
<BR>[Called By]<UL><LI><a href="#[5]">&gt;&gt;</a>&nbsp;&nbsp;&nbsp;HardFault_Handler
</UL>
<BR>[Address Reference Count : 1]<UL><LI> startup_tm4c123.o(RESET)
</UL>
<P><STRONG><a name="[6]"></a>MemManage_Handler</STRONG> (Thumb, 2 bytes, Stack size 0 bytes, startup_tm4c123.o(.text))
<BR><BR>[Calls]<UL><LI><a href="#[6]">&gt;&gt;</a>&nbsp;&nbsp;&nbsp;MemManage_Handler
</UL>
<BR>[Called By]<UL><LI><a href="#[6]">&gt;&gt;</a>&nbsp;&nbsp;&nbsp;MemManage_Handler
</UL>
<BR>[Address Reference Count : 1]<UL><LI> startup_tm4c123.o(RESET)
</UL>
<P><STRONG><a name="[7]"></a>BusFault_Handler</STRONG> (Thumb, 2 bytes, Stack size 0 bytes, startup_tm4c123.o(.text))
<BR><BR>[Calls]<UL><LI><a href="#[7]">&gt;&gt;</a>&nbsp;&nbsp;&nbsp;BusFault_Handler
</UL>
<BR>[Called By]<UL><LI><a href="#[7]">&gt;&gt;</a>&nbsp;&nbsp;&nbsp;BusFault_Handler
</UL>
<BR>[Address Reference Count : 1]<UL><LI> startup_tm4c123.o(RESET)
</UL>
<P><STRONG><a name="[8]"></a>UsageFault_Handler</STRONG> (Thumb, 2 bytes, Stack size 0 bytes, startup_tm4c123.o(.text))
<BR><BR>[Calls]<UL><LI><a href="#[8]">&gt;&gt;</a>&nbsp;&nbsp;&nbsp;UsageFault_Handler
</UL>
<BR>[Called By]<UL><LI><a href="#[8]">&gt;&gt;</a>&nbsp;&nbsp;&nbsp;UsageFault_Handler
</UL>
<BR>[Address Reference Count : 1]<UL><LI> startup_tm4c123.o(RESET)
</UL>
<P><STRONG><a name="[9]"></a>SVC_Handler</STRONG> (Thumb, 2 bytes, Stack size 0 bytes, startup_tm4c123.o(.text))
<BR><BR>[Calls]<UL><LI><a href="#[9]">&gt;&gt;</a>&nbsp;&nbsp;&nbsp;SVC_Handler
</UL>
<BR>[Called By]<UL><LI><a href="#[9]">&gt;&gt;</a>&nbsp;&nbsp;&nbsp;SVC_Handler
</UL>
<BR>[Address Reference Count : 1]<UL><LI> startup_tm4c123.o(RESET)
</UL>
<P><STRONG><a name="[a]"></a>DebugMon_Handler</STRONG> (Thumb, 2 bytes, Stack size 0 bytes, startup_tm4c123.o(.text))
<BR><BR>[Calls]<UL><LI><a href="#[a]">&gt;&gt;</a>&nbsp;&nbsp;&nbsp;DebugMon_Handler
</UL>
<BR>[Called By]<UL><LI><a href="#[a]">&gt;&gt;</a>&nbsp;&nbsp;&nbsp;DebugMon_Handler
</UL>
<BR>[Address Reference Count : 1]<UL><LI> startup_tm4c123.o(RESET)
</UL>
<P><STRONG><a name="[b]"></a>PendSV_Handler</STRONG> (Thumb, 2 bytes, Stack size 0 bytes, startup_tm4c123.o(.text))
<BR><BR>[Calls]<UL><LI><a href="#[b]">&gt;&gt;</a>&nbsp;&nbsp;&nbsp;PendSV_Handler
</UL>
<BR>[Called By]<UL><LI><a href="#[b]">&gt;&gt;</a>&nbsp;&nbsp;&nbsp;PendSV_Handler
</UL>
<BR>[Address Reference Count : 1]<UL><LI> startup_tm4c123.o(RESET)
</UL>
<P><STRONG><a name="[d]"></a>GPIOPortA_Handler</STRONG> (Thumb, 2 bytes, Stack size 0 bytes, startup_tm4c123.o(.text))
<BR><BR>[Calls]<UL><LI><a href="#[d]">&gt;&gt;</a>&nbsp;&nbsp;&nbsp;GPIOPortA_Handler
</UL>
<BR>[Called By]<UL><LI><a href="#[d]">&gt;&gt;</a>&nbsp;&nbsp;&nbsp;GPIOPortA_Handler
</UL>
<BR>[Address Reference Count : 1]<UL><LI> startup_tm4c123.o(RESET)
</UL>
<P><STRONG><a name="[e]"></a>GPIOPortB_Handler</STRONG> (Thumb, 2 bytes, Stack size 0 bytes, startup_tm4c123.o(.text))
<BR><BR>[Calls]<UL><LI><a href="#[e]">&gt;&gt;</a>&nbsp;&nbsp;&nbsp;GPIOPortB_Handler
</UL>
<BR>[Called By]<UL><LI><a href="#[e]">&gt;&gt;</a>&nbsp;&nbsp;&nbsp;GPIOPortB_Handler
</UL>
<BR>[Address Reference Count : 1]<UL><LI> startup_tm4c123.o(RESET)
</UL>
<P><STRONG><a name="[f]"></a>GPIOPortC_Handler</STRONG> (Thumb, 2 bytes, Stack size 0 bytes, startup_tm4c123.o(.text))
<BR><BR>[Calls]<UL><LI><a href="#[f]">&gt;&gt;</a>&nbsp;&nbsp;&nbsp;GPIOPortC_Handler
</UL>
<BR>[Called By]<UL><LI><a href="#[f]">&gt;&gt;</a>&nbsp;&nbsp;&nbsp;GPIOPortC_Handler
</UL>
<BR>[Address Reference Count : 1]<UL><LI> startup_tm4c123.o(RESET)
</UL>
<P><STRONG><a name="[10]"></a>GPIOPortD_Handler</STRONG> (Thumb, 2 bytes, Stack size 0 bytes, startup_tm4c123.o(.text))
<BR><BR>[Calls]<UL><LI><a href="#[10]">&gt;&gt;</a>&nbsp;&nbsp;&nbsp;GPIOPortD_Handler
</UL>
<BR>[Called By]<UL><LI><a href="#[10]">&gt;&gt;</a>&nbsp;&nbsp;&nbsp;GPIOPortD_Handler
</UL>
<BR>[Address Reference Count : 1]<UL><LI> startup_tm4c123.o(RESET)
</UL>
<P><STRONG><a name="[11]"></a>GPIOPortE_Handler</STRONG> (Thumb, 2 bytes, Stack size 0 bytes, startup_tm4c123.o(.text))
<BR><BR>[Calls]<UL><LI><a href="#[11]">&gt;&gt;</a>&nbsp;&nbsp;&nbsp;GPIOPortE_Handler
</UL>
<BR>[Called By]<UL><LI><a href="#[11]">&gt;&gt;</a>&nbsp;&nbsp;&nbsp;GPIOPortE_Handler
</UL>
<BR>[Address Reference Count : 1]<UL><LI> startup_tm4c123.o(RESET)
</UL>
<P><STRONG><a name="[12]"></a>UART0_Handler</STRONG> (Thumb, 2 bytes, Stack size 0 bytes, startup_tm4c123.o(.text))
<BR><BR>[Calls]<UL><LI><a href="#[12]">&gt;&gt;</a>&nbsp;&nbsp;&nbsp;UART0_Handler
</UL>
<BR>[Called By]<UL><LI><a href="#[12]">&gt;&gt;</a>&nbsp;&nbsp;&nbsp;UART0_Handler
</UL>
<BR>[Address Reference Count : 1]<UL><LI> startup_tm4c123.o(RESET)
</UL>
<P><STRONG><a name="[13]"></a>UART1_Handler</STRONG> (Thumb, 2 bytes, Stack size 0 bytes, startup_tm4c123.o(.text))
<BR><BR>[Calls]<UL><LI><a href="#[13]">&gt;&gt;</a>&nbsp;&nbsp;&nbsp;UART1_Handler
</UL>
<BR>[Called By]<UL><LI><a href="#[13]">&gt;&gt;</a>&nbsp;&nbsp;&nbsp;UART1_Handler
</UL>
<BR>[Address Reference Count : 1]<UL><LI> startup_tm4c123.o(RESET)
</UL>
<P><STRONG><a name="[14]"></a>SSI0_Handler</STRONG> (Thumb, 2 bytes, Stack size 0 bytes, startup_tm4c123.o(.text))
<BR><BR>[Calls]<UL><LI><a href="#[14]">&gt;&gt;</a>&nbsp;&nbsp;&nbsp;SSI0_Handler
</UL>
<BR>[Called By]<UL><LI><a href="#[14]">&gt;&gt;</a>&nbsp;&nbsp;&nbsp;SSI0_Handler
</UL>
<BR>[Address Reference Count : 1]<UL><LI> startup_tm4c123.o(RESET)
</UL>
<P><STRONG><a name="[15]"></a>I2C0_Handler</STRONG> (Thumb, 2 bytes, Stack size 0 bytes, startup_tm4c123.o(.text))
<BR><BR>[Calls]<UL><LI><a href="#[15]">&gt;&gt;</a>&nbsp;&nbsp;&nbsp;I2C0_Handler
</UL>
<BR>[Called By]<UL><LI><a href="#[15]">&gt;&gt;</a>&nbsp;&nbsp;&nbsp;I2C0_Handler
</UL>
<BR>[Address Reference Count : 1]<UL><LI> startup_tm4c123.o(RESET)
</UL>
<P><STRONG><a name="[16]"></a>PMW0_FAULT_Handler</STRONG> (Thumb, 2 bytes, Stack size 0 bytes, startup_tm4c123.o(.text))
<BR><BR>[Calls]<UL><LI><a href="#[16]">&gt;&gt;</a>&nbsp;&nbsp;&nbsp;PMW0_FAULT_Handler
</UL>
<BR>[Called By]<UL><LI><a href="#[16]">&gt;&gt;</a>&nbsp;&nbsp;&nbsp;PMW0_FAULT_Handler
</UL>
<BR>[Address Reference Count : 1]<UL><LI> startup_tm4c123.o(RESET)
</UL>
<P><STRONG><a name="[17]"></a>PWM0Generator0_Handler</STRONG> (Thumb, 2 bytes, Stack size 0 bytes, startup_tm4c123.o(.text))
<BR><BR>[Calls]<UL><LI><a href="#[17]">&gt;&gt;</a>&nbsp;&nbsp;&nbsp;PWM0Generator0_Handler
</UL>
<BR>[Called By]<UL><LI><a href="#[17]">&gt;&gt;</a>&nbsp;&nbsp;&nbsp;PWM0Generator0_Handler
</UL>
<BR>[Address Reference Count : 1]<UL><LI> startup_tm4c123.o(RESET)
</UL>
<P><STRONG><a name="[18]"></a>PWM0Generator1_Handler</STRONG> (Thumb, 2 bytes, Stack size 0 bytes, startup_tm4c123.o(.text))
<BR><BR>[Calls]<UL><LI><a href="#[18]">&gt;&gt;</a>&nbsp;&nbsp;&nbsp;PWM0Generator1_Handler
</UL>
<BR>[Called By]<UL><LI><a href="#[18]">&gt;&gt;</a>&nbsp;&nbsp;&nbsp;PWM0Generator1_Handler
</UL>
<BR>[Address Reference Count : 1]<UL><LI> startup_tm4c123.o(RESET)
</UL>
<P><STRONG><a name="[19]"></a>PWM0Generator2_Handler</STRONG> (Thumb, 2 bytes, Stack size 0 bytes, startup_tm4c123.o(.text))
<BR><BR>[Calls]<UL><LI><a href="#[19]">&gt;&gt;</a>&nbsp;&nbsp;&nbsp;PWM0Generator2_Handler
</UL>
<BR>[Called By]<UL><LI><a href="#[19]">&gt;&gt;</a>&nbsp;&nbsp;&nbsp;PWM0Generator2_Handler
</UL>
<BR>[Address Reference Count : 1]<UL><LI> startup_tm4c123.o(RESET)
</UL>
<P><STRONG><a name="[1a]"></a>Quadrature0_Handler</STRONG> (Thumb, 2 bytes, Stack size 0 bytes, startup_tm4c123.o(.text))
<BR><BR>[Calls]<UL><LI><a href="#[1a]">&gt;&gt;</a>&nbsp;&nbsp;&nbsp;Quadrature0_Handler
</UL>
<BR>[Called By]<UL><LI><a href="#[1a]">&gt;&gt;</a>&nbsp;&nbsp;&nbsp;Quadrature0_Handler
</UL>
<BR>[Address Reference Count : 1]<UL><LI> startup_tm4c123.o(RESET)
</UL>
<P><STRONG><a name="[1b]"></a>ADC0Seq0_Handler</STRONG> (Thumb, 2 bytes, Stack size 0 bytes, startup_tm4c123.o(.text))
<BR><BR>[Calls]<UL><LI><a href="#[1b]">&gt;&gt;</a>&nbsp;&nbsp;&nbsp;ADC0Seq0_Handler
</UL>
<BR>[Called By]<UL><LI><a href="#[1b]">&gt;&gt;</a>&nbsp;&nbsp;&nbsp;ADC0Seq0_Handler
</UL>
<BR>[Address Reference Count : 1]<UL><LI> startup_tm4c123.o(RESET)
</UL>
<P><STRONG><a name="[1c]"></a>ADC0Seq1_Handler</STRONG> (Thumb, 2 bytes, Stack size 0 bytes, startup_tm4c123.o(.text))
<BR><BR>[Calls]<UL><LI><a href="#[1c]">&gt;&gt;</a>&nbsp;&nbsp;&nbsp;ADC0Seq1_Handler
</UL>
<BR>[Called By]<UL><LI><a href="#[1c]">&gt;&gt;</a>&nbsp;&nbsp;&nbsp;ADC0Seq1_Handler
</UL>
<BR>[Address Reference Count : 1]<UL><LI> startup_tm4c123.o(RESET)
</UL>
<P><STRONG><a name="[1d]"></a>ADC0Seq2_Handler</STRONG> (Thumb, 2 bytes, Stack size 0 bytes, startup_tm4c123.o(.text))
<BR><BR>[Calls]<UL><LI><a href="#[1d]">&gt;&gt;</a>&nbsp;&nbsp;&nbsp;ADC0Seq2_Handler
</UL>
<BR>[Called By]<UL><LI><a href="#[1d]">&gt;&gt;</a>&nbsp;&nbsp;&nbsp;ADC0Seq2_Handler
</UL>
<BR>[Address Reference Count : 1]<UL><LI> startup_tm4c123.o(RESET)
</UL>
<P><STRONG><a name="[1e]"></a>ADC0Seq3_Handler</STRONG> (Thumb, 2 bytes, Stack size 0 bytes, startup_tm4c123.o(.text))
<BR><BR>[Calls]<UL><LI><a href="#[1e]">&gt;&gt;</a>&nbsp;&nbsp;&nbsp;ADC0Seq3_Handler
</UL>
<BR>[Called By]<UL><LI><a href="#[1e]">&gt;&gt;</a>&nbsp;&nbsp;&nbsp;ADC0Seq3_Handler
</UL>
<BR>[Address Reference Count : 1]<UL><LI> startup_tm4c123.o(RESET)
</UL>
<P><STRONG><a name="[1f]"></a>WDT_Handler</STRONG> (Thumb, 2 bytes, Stack size 0 bytes, startup_tm4c123.o(.text))
<BR><BR>[Calls]<UL><LI><a href="#[1f]">&gt;&gt;</a>&nbsp;&nbsp;&nbsp;WDT_Handler
</UL>
<BR>[Called By]<UL><LI><a href="#[1f]">&gt;&gt;</a>&nbsp;&nbsp;&nbsp;WDT_Handler
</UL>
<BR>[Address Reference Count : 1]<UL><LI> startup_tm4c123.o(RESET)
</UL>
<P><STRONG><a name="[20]"></a>TIMER0A_Handler</STRONG> (Thumb, 2 bytes, Stack size 0 bytes, startup_tm4c123.o(.text))
<BR><BR>[Calls]<UL><LI><a href="#[20]">&gt;&gt;</a>&nbsp;&nbsp;&nbsp;TIMER0A_Handler
</UL>
<BR>[Called By]<UL><LI><a href="#[20]">&gt;&gt;</a>&nbsp;&nbsp;&nbsp;TIMER0A_Handler
</UL>
<BR>[Address Reference Count : 1]<UL><LI> startup_tm4c123.o(RESET)
</UL>
<P><STRONG><a name="[21]"></a>TIMER0B_Handler</STRONG> (Thumb, 2 bytes, Stack size 0 bytes, startup_tm4c123.o(.text))
<BR><BR>[Calls]<UL><LI><a href="#[21]">&gt;&gt;</a>&nbsp;&nbsp;&nbsp;TIMER0B_Handler
</UL>
<BR>[Called By]<UL><LI><a href="#[21]">&gt;&gt;</a>&nbsp;&nbsp;&nbsp;TIMER0B_Handler
</UL>
<BR>[Address Reference Count : 1]<UL><LI> startup_tm4c123.o(RESET)
</UL>
<P><STRONG><a name="[22]"></a>TIMER1A_Handler</STRONG> (Thumb, 2 bytes, Stack size 0 bytes, startup_tm4c123.o(.text))
<BR><BR>[Calls]<UL><LI><a href="#[22]">&gt;&gt;</a>&nbsp;&nbsp;&nbsp;TIMER1A_Handler
</UL>
<BR>[Called By]<UL><LI><a href="#[22]">&gt;&gt;</a>&nbsp;&nbsp;&nbsp;TIMER1A_Handler
</UL>
<BR>[Address Reference Count : 1]<UL><LI> startup_tm4c123.o(RESET)
</UL>
<P><STRONG><a name="[23]"></a>TIMER1B_Handler</STRONG> (Thumb, 2 bytes, Stack size 0 bytes, startup_tm4c123.o(.text))
<BR><BR>[Calls]<UL><LI><a href="#[23]">&gt;&gt;</a>&nbsp;&nbsp;&nbsp;TIMER1B_Handler
</UL>
<BR>[Called By]<UL><LI><a href="#[23]">&gt;&gt;</a>&nbsp;&nbsp;&nbsp;TIMER1B_Handler
</UL>
<BR>[Address Reference Count : 1]<UL><LI> startup_tm4c123.o(RESET)
</UL>
<P><STRONG><a name="[24]"></a>TIMER2A_Handler</STRONG> (Thumb, 2 bytes, Stack size 0 bytes, startup_tm4c123.o(.text))
<BR><BR>[Calls]<UL><LI><a href="#[24]">&gt;&gt;</a>&nbsp;&nbsp;&nbsp;TIMER2A_Handler
</UL>
<BR>[Called By]<UL><LI><a href="#[24]">&gt;&gt;</a>&nbsp;&nbsp;&nbsp;TIMER2A_Handler
</UL>
<BR>[Address Reference Count : 1]<UL><LI> startup_tm4c123.o(RESET)
</UL>
<P><STRONG><a name="[25]"></a>TIMER2B_Handler</STRONG> (Thumb, 2 bytes, Stack size 0 bytes, startup_tm4c123.o(.text))
<BR><BR>[Calls]<UL><LI><a href="#[25]">&gt;&gt;</a>&nbsp;&nbsp;&nbsp;TIMER2B_Handler
</UL>
<BR>[Called By]<UL><LI><a href="#[25]">&gt;&gt;</a>&nbsp;&nbsp;&nbsp;TIMER2B_Handler
</UL>
<BR>[Address Reference Count : 1]<UL><LI> startup_tm4c123.o(RESET)
</UL>
<P><STRONG><a name="[26]"></a>COMP0_Handler</STRONG> (Thumb, 2 bytes, Stack size 0 bytes, startup_tm4c123.o(.text))
<BR><BR>[Calls]<UL><LI><a href="#[26]">&gt;&gt;</a>&nbsp;&nbsp;&nbsp;COMP0_Handler
</UL>
<BR>[Called By]<UL><LI><a href="#[26]">&gt;&gt;</a>&nbsp;&nbsp;&nbsp;COMP0_Handler
</UL>
<BR>[Address Reference Count : 1]<UL><LI> startup_tm4c123.o(RESET)
</UL>
<P><STRONG><a name="[27]"></a>COMP1_Handler</STRONG> (Thumb, 2 bytes, Stack size 0 bytes, startup_tm4c123.o(.text))
<BR><BR>[Calls]<UL><LI><a href="#[27]">&gt;&gt;</a>&nbsp;&nbsp;&nbsp;COMP1_Handler
</UL>
<BR>[Called By]<UL><LI><a href="#[27]">&gt;&gt;</a>&nbsp;&nbsp;&nbsp;COMP1_Handler
</UL>
<BR>[Address Reference Count : 1]<UL><LI> startup_tm4c123.o(RESET)
</UL>
<P><STRONG><a name="[28]"></a>COMP2_Handler</STRONG> (Thumb, 2 bytes, Stack size 0 bytes, startup_tm4c123.o(.text))
<BR><BR>[Calls]<UL><LI><a href="#[28]">&gt;&gt;</a>&nbsp;&nbsp;&nbsp;COMP2_Handler
</UL>
<BR>[Called By]<UL><LI><a href="#[28]">&gt;&gt;</a>&nbsp;&nbsp;&nbsp;COMP2_Handler
</UL>
<BR>[Address Reference Count : 1]<UL><LI> startup_tm4c123.o(RESET)
</UL>
<P><STRONG><a name="[29]"></a>SYSCTL_Handler</STRONG> (Thumb, 2 bytes, Stack size 0 bytes, startup_tm4c123.o(.text))
<BR><BR>[Calls]<UL><LI><a href="#[29]">&gt;&gt;</a>&nbsp;&nbsp;&nbsp;SYSCTL_Handler
</UL>
<BR>[Called By]<UL><LI><a href="#[29]">&gt;&gt;</a>&nbsp;&nbsp;&nbsp;SYSCTL_Handler
</UL>
<BR>[Address Reference Count : 1]<UL><LI> startup_tm4c123.o(RESET)
</UL>
<P><STRONG><a name="[2a]"></a>FlashCtl_Handler</STRONG> (Thumb, 2 bytes, Stack size 0 bytes, startup_tm4c123.o(.text))
<BR><BR>[Calls]<UL><LI><a href="#[2a]">&gt;&gt;</a>&nbsp;&nbsp;&nbsp;FlashCtl_Handler
</UL>
<BR>[Called By]<UL><LI><a href="#[2a]">&gt;&gt;</a>&nbsp;&nbsp;&nbsp;FlashCtl_Handler
</UL>
<BR>[Address Reference Count : 1]<UL><LI> startup_tm4c123.o(RESET)
</UL>
<P><STRONG><a name="[2b]"></a>GPIOPortF_Handler</STRONG> (Thumb, 2 bytes, Stack size 0 bytes, startup_tm4c123.o(.text))
<BR><BR>[Calls]<UL><LI><a href="#[2b]">&gt;&gt;</a>&nbsp;&nbsp;&nbsp;GPIOPortF_Handler
</UL>
<BR>[Called By]<UL><LI><a href="#[2b]">&gt;&gt;</a>&nbsp;&nbsp;&nbsp;GPIOPortF_Handler
</UL>
<BR>[Address Reference Count : 1]<UL><LI> startup_tm4c123.o(RESET)
</UL>
<P><STRONG><a name="[2c]"></a>GPIOPortG_Handler</STRONG> (Thumb, 2 bytes, Stack size 0 bytes, startup_tm4c123.o(.text))
<BR><BR>[Calls]<UL><LI><a href="#[2c]">&gt;&gt;</a>&nbsp;&nbsp;&nbsp;GPIOPortG_Handler
</UL>
<BR>[Called By]<UL><LI><a href="#[2c]">&gt;&gt;</a>&nbsp;&nbsp;&nbsp;GPIOPortG_Handler
</UL>
<BR>[Address Reference Count : 1]<UL><LI> startup_tm4c123.o(RESET)
</UL>
<P><STRONG><a name="[2d]"></a>GPIOPortH_Handler</STRONG> (Thumb, 2 bytes, Stack size 0 bytes, startup_tm4c123.o(.text))
<BR><BR>[Calls]<UL><LI><a href="#[2d]">&gt;&gt;</a>&nbsp;&nbsp;&nbsp;GPIOPortH_Handler
</UL>
<BR>[Called By]<UL><LI><a href="#[2d]">&gt;&gt;</a>&nbsp;&nbsp;&nbsp;GPIOPortH_Handler
</UL>
<BR>[Address Reference Count : 1]<UL><LI> startup_tm4c123.o(RESET)
</UL>
<P><STRONG><a name="[2e]"></a>UART2_Handler</STRONG> (Thumb, 2 bytes, Stack size 0 bytes, startup_tm4c123.o(.text))
<BR><BR>[Calls]<UL><LI><a href="#[2e]">&gt;&gt;</a>&nbsp;&nbsp;&nbsp;UART2_Handler
</UL>
<BR>[Called By]<UL><LI><a href="#[2e]">&gt;&gt;</a>&nbsp;&nbsp;&nbsp;UART2_Handler
</UL>
<BR>[Address Reference Count : 1]<UL><LI> startup_tm4c123.o(RESET)
</UL>
<P><STRONG><a name="[2f]"></a>SSI1_Handler</STRONG> (Thumb, 2 bytes, Stack size 0 bytes, startup_tm4c123.o(.text))
<BR><BR>[Calls]<UL><LI><a href="#[2f]">&gt;&gt;</a>&nbsp;&nbsp;&nbsp;SSI1_Handler
</UL>
<BR>[Called By]<UL><LI><a href="#[2f]">&gt;&gt;</a>&nbsp;&nbsp;&nbsp;SSI1_Handler
</UL>
<BR>[Address Reference Count : 1]<UL><LI> startup_tm4c123.o(RESET)
</UL>
<P><STRONG><a name="[30]"></a>TIMER3A_Handler</STRONG> (Thumb, 2 bytes, Stack size 0 bytes, startup_tm4c123.o(.text))
<BR><BR>[Calls]<UL><LI><a href="#[30]">&gt;&gt;</a>&nbsp;&nbsp;&nbsp;TIMER3A_Handler
</UL>
<BR>[Called By]<UL><LI><a href="#[30]">&gt;&gt;</a>&nbsp;&nbsp;&nbsp;TIMER3A_Handler
</UL>
<BR>[Address Reference Count : 1]<UL><LI> startup_tm4c123.o(RESET)
</UL>
<P><STRONG><a name="[31]"></a>TIMER3B_Handler</STRONG> (Thumb, 2 bytes, Stack size 0 bytes, startup_tm4c123.o(.text))
<BR><BR>[Calls]<UL><LI><a href="#[31]">&gt;&gt;</a>&nbsp;&nbsp;&nbsp;TIMER3B_Handler
</UL>
<BR>[Called By]<UL><LI><a href="#[31]">&gt;&gt;</a>&nbsp;&nbsp;&nbsp;TIMER3B_Handler
</UL>
<BR>[Address Reference Count : 1]<UL><LI> startup_tm4c123.o(RESET)
</UL>
<P><STRONG><a name="[32]"></a>I2C1_Handler</STRONG> (Thumb, 2 bytes, Stack size 0 bytes, startup_tm4c123.o(.text))
<BR><BR>[Calls]<UL><LI><a href="#[32]">&gt;&gt;</a>&nbsp;&nbsp;&nbsp;I2C1_Handler
</UL>
<BR>[Called By]<UL><LI><a href="#[32]">&gt;&gt;</a>&nbsp;&nbsp;&nbsp;I2C1_Handler
</UL>
<BR>[Address Reference Count : 1]<UL><LI> startup_tm4c123.o(RESET)
</UL>
<P><STRONG><a name="[33]"></a>Quadrature1_Handler</STRONG> (Thumb, 2 bytes, Stack size 0 bytes, startup_tm4c123.o(.text))
<BR><BR>[Calls]<UL><LI><a href="#[33]">&gt;&gt;</a>&nbsp;&nbsp;&nbsp;Quadrature1_Handler
</UL>
<BR>[Called By]<UL><LI><a href="#[33]">&gt;&gt;</a>&nbsp;&nbsp;&nbsp;Quadrature1_Handler
</UL>
<BR>[Address Reference Count : 1]<UL><LI> startup_tm4c123.o(RESET)
</UL>
<P><STRONG><a name="[34]"></a>CAN0_Handler</STRONG> (Thumb, 2 bytes, Stack size 0 bytes, startup_tm4c123.o(.text))
<BR><BR>[Calls]<UL><LI><a href="#[34]">&gt;&gt;</a>&nbsp;&nbsp;&nbsp;CAN0_Handler
</UL>
<BR>[Called By]<UL><LI><a href="#[34]">&gt;&gt;</a>&nbsp;&nbsp;&nbsp;CAN0_Handler
</UL>
<BR>[Address Reference Count : 1]<UL><LI> startup_tm4c123.o(RESET)
</UL>
<P><STRONG><a name="[35]"></a>CAN1_Handler</STRONG> (Thumb, 2 bytes, Stack size 0 bytes, startup_tm4c123.o(.text))
<BR><BR>[Calls]<UL><LI><a href="#[35]">&gt;&gt;</a>&nbsp;&nbsp;&nbsp;CAN1_Handler
</UL>
<BR>[Called By]<UL><LI><a href="#[35]">&gt;&gt;</a>&nbsp;&nbsp;&nbsp;CAN1_Handler
</UL>
<BR>[Address Reference Count : 1]<UL><LI> startup_tm4c123.o(RESET)
</UL>
<P><STRONG><a name="[36]"></a>CAN2_Handler</STRONG> (Thumb, 2 bytes, Stack size 0 bytes, startup_tm4c123.o(.text))
<BR><BR>[Calls]<UL><LI><a href="#[36]">&gt;&gt;</a>&nbsp;&nbsp;&nbsp;CAN2_Handler
</UL>
<BR>[Called By]<UL><LI><a href="#[36]">&gt;&gt;</a>&nbsp;&nbsp;&nbsp;CAN2_Handler
</UL>
<BR>[Address Reference Count : 1]<UL><LI> startup_tm4c123.o(RESET)
</UL>
<P><STRONG><a name="[37]"></a>Hibernate_Handler</STRONG> (Thumb, 2 bytes, Stack size 0 bytes, startup_tm4c123.o(.text))
<BR><BR>[Calls]<UL><LI><a href="#[37]">&gt;&gt;</a>&nbsp;&nbsp;&nbsp;Hibernate_Handler
</UL>
<BR>[Called By]<UL><LI><a href="#[37]">&gt;&gt;</a>&nbsp;&nbsp;&nbsp;Hibernate_Handler
</UL>
<BR>[Address Reference Count : 1]<UL><LI> startup_tm4c123.o(RESET)
</UL>
<P><STRONG><a name="[38]"></a>USB0_Handler</STRONG> (Thumb, 2 bytes, Stack size 0 bytes, startup_tm4c123.o(.text))
<BR><BR>[Calls]<UL><LI><a href="#[38]">&gt;&gt;</a>&nbsp;&nbsp;&nbsp;USB0_Handler
</UL>
<BR>[Called By]<UL><LI><a href="#[38]">&gt;&gt;</a>&nbsp;&nbsp;&nbsp;USB0_Handler
</UL>
<BR>[Address Reference Count : 1]<UL><LI> startup_tm4c123.o(RESET)
</UL>
<P><STRONG><a name="[39]"></a>PWM0Generator3_Handler</STRONG> (Thumb, 2 bytes, Stack size 0 bytes, startup_tm4c123.o(.text))
<BR><BR>[Calls]<UL><LI><a href="#[39]">&gt;&gt;</a>&nbsp;&nbsp;&nbsp;PWM0Generator3_Handler
</UL>
<BR>[Called By]<UL><LI><a href="#[39]">&gt;&gt;</a>&nbsp;&nbsp;&nbsp;PWM0Generator3_Handler
</UL>
<BR>[Address Reference Count : 1]<UL><LI> startup_tm4c123.o(RESET)
</UL>
<P><STRONG><a name="[3a]"></a>UDMA_Handler</STRONG> (Thumb, 2 bytes, Stack size 0 bytes, startup_tm4c123.o(.text))
<BR><BR>[Calls]<UL><LI><a href="#[3a]">&gt;&gt;</a>&nbsp;&nbsp;&nbsp;UDMA_Handler
</UL>
<BR>[Called By]<UL><LI><a href="#[3a]">&gt;&gt;</a>&nbsp;&nbsp;&nbsp;UDMA_Handler
</UL>
<BR>[Address Reference Count : 1]<UL><LI> startup_tm4c123.o(RESET)
</UL>
<P><STRONG><a name="[3b]"></a>UDMAERR_Handler</STRONG> (Thumb, 2 bytes, Stack size 0 bytes, startup_tm4c123.o(.text))
<BR><BR>[Calls]<UL><LI><a href="#[3b]">&gt;&gt;</a>&nbsp;&nbsp;&nbsp;UDMAERR_Handler
</UL>
<BR>[Called By]<UL><LI><a href="#[3b]">&gt;&gt;</a>&nbsp;&nbsp;&nbsp;UDMAERR_Handler
</UL>
<BR>[Address Reference Count : 1]<UL><LI> startup_tm4c123.o(RESET)
</UL>
<P><STRONG><a name="[3c]"></a>ADC1Seq0_Handler</STRONG> (Thumb, 2 bytes, Stack size 0 bytes, startup_tm4c123.o(.text))
<BR><BR>[Calls]<UL><LI><a href="#[3c]">&gt;&gt;</a>&nbsp;&nbsp;&nbsp;ADC1Seq0_Handler
</UL>
<BR>[Called By]<UL><LI><a href="#[3c]">&gt;&gt;</a>&nbsp;&nbsp;&nbsp;ADC1Seq0_Handler
</UL>
<BR>[Address Reference Count : 1]<UL><LI> startup_tm4c123.o(RESET)
</UL>
<P><STRONG><a name="[3d]"></a>ADC1Seq1_Handler</STRONG> (Thumb, 2 bytes, Stack size 0 bytes, startup_tm4c123.o(.text))
<BR><BR>[Calls]<UL><LI><a href="#[3d]">&gt;&gt;</a>&nbsp;&nbsp;&nbsp;ADC1Seq1_Handler
</UL>
<BR>[Called By]<UL><LI><a href="#[3d]">&gt;&gt;</a>&nbsp;&nbsp;&nbsp;ADC1Seq1_Handler
</UL>
<BR>[Address Reference Count : 1]<UL><LI> startup_tm4c123.o(RESET)
</UL>
<P><STRONG><a name="[3e]"></a>ADC1Seq2_Handler</STRONG> (Thumb, 2 bytes, Stack size 0 bytes, startup_tm4c123.o(.text))
<BR><BR>[Calls]<UL><LI><a href="#[3e]">&gt;&gt;</a>&nbsp;&nbsp;&nbsp;ADC1Seq2_Handler
</UL>
<BR>[Called By]<UL><LI><a href="#[3e]">&gt;&gt;</a>&nbsp;&nbsp;&nbsp;ADC1Seq2_Handler
</UL>
<BR>[Address Reference Count : 1]<UL><LI> startup_tm4c123.o(RESET)
</UL>
<P><STRONG><a name="[3f]"></a>ADC1Seq3_Handler</STRONG> (Thumb, 2 bytes, Stack size 0 bytes, startup_tm4c123.o(.text))
<BR><BR>[Calls]<UL><LI><a href="#[3f]">&gt;&gt;</a>&nbsp;&nbsp;&nbsp;ADC1Seq3_Handler
</UL>
<BR>[Called By]<UL><LI><a href="#[3f]">&gt;&gt;</a>&nbsp;&nbsp;&nbsp;ADC1Seq3_Handler
</UL>
<BR>[Address Reference Count : 1]<UL><LI> startup_tm4c123.o(RESET)
</UL>
<P><STRONG><a name="[40]"></a>GPIOPortJ_Handler</STRONG> (Thumb, 2 bytes, Stack size 0 bytes, startup_tm4c123.o(.text))
<BR><BR>[Calls]<UL><LI><a href="#[40]">&gt;&gt;</a>&nbsp;&nbsp;&nbsp;GPIOPortJ_Handler
</UL>
<BR>[Called By]<UL><LI><a href="#[40]">&gt;&gt;</a>&nbsp;&nbsp;&nbsp;GPIOPortJ_Handler
</UL>
<BR>[Address Reference Count : 1]<UL><LI> startup_tm4c123.o(RESET)
</UL>
<P><STRONG><a name="[41]"></a>GPIOPortK_Handler</STRONG> (Thumb, 2 bytes, Stack size 0 bytes, startup_tm4c123.o(.text))
<BR><BR>[Calls]<UL><LI><a href="#[41]">&gt;&gt;</a>&nbsp;&nbsp;&nbsp;GPIOPortK_Handler
</UL>
<BR>[Called By]<UL><LI><a href="#[41]">&gt;&gt;</a>&nbsp;&nbsp;&nbsp;GPIOPortK_Handler
</UL>
<BR>[Address Reference Count : 1]<UL><LI> startup_tm4c123.o(RESET)
</UL>
<P><STRONG><a name="[42]"></a>GPIOPortL_Handler</STRONG> (Thumb, 2 bytes, Stack size 0 bytes, startup_tm4c123.o(.text))
<BR><BR>[Calls]<UL><LI><a href="#[42]">&gt;&gt;</a>&nbsp;&nbsp;&nbsp;GPIOPortL_Handler
</UL>
<BR>[Called By]<UL><LI><a href="#[42]">&gt;&gt;</a>&nbsp;&nbsp;&nbsp;GPIOPortL_Handler
</UL>
<BR>[Address Reference Count : 1]<UL><LI> startup_tm4c123.o(RESET)
</UL>
<P><STRONG><a name="[43]"></a>SSI2_Handler</STRONG> (Thumb, 2 bytes, Stack size 0 bytes, startup_tm4c123.o(.text))
<BR><BR>[Calls]<UL><LI><a href="#[43]">&gt;&gt;</a>&nbsp;&nbsp;&nbsp;SSI2_Handler
</UL>
<BR>[Called By]<UL><LI><a href="#[43]">&gt;&gt;</a>&nbsp;&nbsp;&nbsp;SSI2_Handler
</UL>
<BR>[Address Reference Count : 1]<UL><LI> startup_tm4c123.o(RESET)
</UL>
<P><STRONG><a name="[44]"></a>SSI3_Handler</STRONG> (Thumb, 2 bytes, Stack size 0 bytes, startup_tm4c123.o(.text))
<BR><BR>[Calls]<UL><LI><a href="#[44]">&gt;&gt;</a>&nbsp;&nbsp;&nbsp;SSI3_Handler
</UL>
<BR>[Called By]<UL><LI><a href="#[44]">&gt;&gt;</a>&nbsp;&nbsp;&nbsp;SSI3_Handler
</UL>
<BR>[Address Reference Count : 1]<UL><LI> startup_tm4c123.o(RESET)
</UL>
<P><STRONG><a name="[45]"></a>UART3_Handler</STRONG> (Thumb, 2 bytes, Stack size 0 bytes, startup_tm4c123.o(.text))
<BR><BR>[Calls]<UL><LI><a href="#[45]">&gt;&gt;</a>&nbsp;&nbsp;&nbsp;UART3_Handler
</UL>
<BR>[Called By]<UL><LI><a href="#[45]">&gt;&gt;</a>&nbsp;&nbsp;&nbsp;UART3_Handler
</UL>
<BR>[Address Reference Count : 1]<UL><LI> startup_tm4c123.o(RESET)
</UL>
<P><STRONG><a name="[46]"></a>UART4_Handler</STRONG> (Thumb, 2 bytes, Stack size 0 bytes, startup_tm4c123.o(.text))
<BR><BR>[Calls]<UL><LI><a href="#[46]">&gt;&gt;</a>&nbsp;&nbsp;&nbsp;UART4_Handler
</UL>
<BR>[Called By]<UL><LI><a href="#[46]">&gt;&gt;</a>&nbsp;&nbsp;&nbsp;UART4_Handler
</UL>
<BR>[Address Reference Count : 1]<UL><LI> startup_tm4c123.o(RESET)
</UL>
<P><STRONG><a name="[47]"></a>UART5_Handler</STRONG> (Thumb, 2 bytes, Stack size 0 bytes, startup_tm4c123.o(.text))
<BR><BR>[Calls]<UL><LI><a href="#[47]">&gt;&gt;</a>&nbsp;&nbsp;&nbsp;UART5_Handler
</UL>
<BR>[Called By]<UL><LI><a href="#[47]">&gt;&gt;</a>&nbsp;&nbsp;&nbsp;UART5_Handler
</UL>
<BR>[Address Reference Count : 1]<UL><LI> startup_tm4c123.o(RESET)
</UL>
<P><STRONG><a name="[48]"></a>UART6_Handler</STRONG> (Thumb, 2 bytes, Stack size 0 bytes, startup_tm4c123.o(.text))
<BR><BR>[Calls]<UL><LI><a href="#[48]">&gt;&gt;</a>&nbsp;&nbsp;&nbsp;UART6_Handler
</UL>
<BR>[Called By]<UL><LI><a href="#[48]">&gt;&gt;</a>&nbsp;&nbsp;&nbsp;UART6_Handler
</UL>
<BR>[Address Reference Count : 1]<UL><LI> startup_tm4c123.o(RESET)
</UL>
<P><STRONG><a name="[49]"></a>UART7_Handler</STRONG> (Thumb, 2 bytes, Stack size 0 bytes, startup_tm4c123.o(.text))
<BR><BR>[Calls]<UL><LI><a href="#[49]">&gt;&gt;</a>&nbsp;&nbsp;&nbsp;UART7_Handler
</UL>
<BR>[Called By]<UL><LI><a href="#[49]">&gt;&gt;</a>&nbsp;&nbsp;&nbsp;UART7_Handler
</UL>
<BR>[Address Reference Count : 1]<UL><LI> startup_tm4c123.o(RESET)
</UL>
<P><STRONG><a name="[4a]"></a>I2C2_Handler</STRONG> (Thumb, 2 bytes, Stack size 0 bytes, startup_tm4c123.o(.text))
<BR><BR>[Calls]<UL><LI><a href="#[4a]">&gt;&gt;</a>&nbsp;&nbsp;&nbsp;I2C2_Handler
</UL>
<BR>[Called By]<UL><LI><a href="#[4a]">&gt;&gt;</a>&nbsp;&nbsp;&nbsp;I2C2_Handler
</UL>
<BR>[Address Reference Count : 1]<UL><LI> startup_tm4c123.o(RESET)
</UL>
<P><STRONG><a name="[4b]"></a>I2C3_Handler</STRONG> (Thumb, 2 bytes, Stack size 0 bytes, startup_tm4c123.o(.text))
<BR><BR>[Calls]<UL><LI><a href="#[4b]">&gt;&gt;</a>&nbsp;&nbsp;&nbsp;I2C3_Handler
</UL>
<BR>[Called By]<UL><LI><a href="#[4b]">&gt;&gt;</a>&nbsp;&nbsp;&nbsp;I2C3_Handler
</UL>
<BR>[Address Reference Count : 1]<UL><LI> startup_tm4c123.o(RESET)
</UL>
<P><STRONG><a name="[4c]"></a>TIMER4A_Handler</STRONG> (Thumb, 2 bytes, Stack size 0 bytes, startup_tm4c123.o(.text))
<BR><BR>[Calls]<UL><LI><a href="#[4c]">&gt;&gt;</a>&nbsp;&nbsp;&nbsp;TIMER4A_Handler
</UL>
<BR>[Called By]<UL><LI><a href="#[4c]">&gt;&gt;</a>&nbsp;&nbsp;&nbsp;TIMER4A_Handler
</UL>
<BR>[Address Reference Count : 1]<UL><LI> startup_tm4c123.o(RESET)
</UL>
<P><STRONG><a name="[4d]"></a>TIMER4B_Handler</STRONG> (Thumb, 2 bytes, Stack size 0 bytes, startup_tm4c123.o(.text))
<BR><BR>[Calls]<UL><LI><a href="#[4d]">&gt;&gt;</a>&nbsp;&nbsp;&nbsp;TIMER4B_Handler
</UL>
<BR>[Called By]<UL><LI><a href="#[4d]">&gt;&gt;</a>&nbsp;&nbsp;&nbsp;TIMER4B_Handler
</UL>
<BR>[Address Reference Count : 1]<UL><LI> startup_tm4c123.o(RESET)
</UL>
<P><STRONG><a name="[4e]"></a>TIMER5A_Handler</STRONG> (Thumb, 2 bytes, Stack size 0 bytes, startup_tm4c123.o(.text))
<BR><BR>[Calls]<UL><LI><a href="#[4e]">&gt;&gt;</a>&nbsp;&nbsp;&nbsp;TIMER5A_Handler
</UL>
<BR>[Called By]<UL><LI><a href="#[4e]">&gt;&gt;</a>&nbsp;&nbsp;&nbsp;TIMER5A_Handler
</UL>
<BR>[Address Reference Count : 1]<UL><LI> startup_tm4c123.o(RESET)
</UL>
<P><STRONG><a name="[4f]"></a>TIMER5B_Handler</STRONG> (Thumb, 2 bytes, Stack size 0 bytes, startup_tm4c123.o(.text))
<BR><BR>[Calls]<UL><LI><a href="#[4f]">&gt;&gt;</a>&nbsp;&nbsp;&nbsp;TIMER5B_Handler
</UL>
<BR>[Called By]<UL><LI><a href="#[4f]">&gt;&gt;</a>&nbsp;&nbsp;&nbsp;TIMER5B_Handler
</UL>
<BR>[Address Reference Count : 1]<UL><LI> startup_tm4c123.o(RESET)
</UL>
<P><STRONG><a name="[50]"></a>WideTimer0A_Handler</STRONG> (Thumb, 2 bytes, Stack size 0 bytes, startup_tm4c123.o(.text))
<BR><BR>[Calls]<UL><LI><a href="#[50]">&gt;&gt;</a>&nbsp;&nbsp;&nbsp;WideTimer0A_Handler
</UL>
<BR>[Called By]<UL><LI><a href="#[50]">&gt;&gt;</a>&nbsp;&nbsp;&nbsp;WideTimer0A_Handler
</UL>
<BR>[Address Reference Count : 1]<UL><LI> startup_tm4c123.o(RESET)
</UL>
<P><STRONG><a name="[51]"></a>WideTimer0B_Handler</STRONG> (Thumb, 2 bytes, Stack size 0 bytes, startup_tm4c123.o(.text))
<BR><BR>[Calls]<UL><LI><a href="#[51]">&gt;&gt;</a>&nbsp;&nbsp;&nbsp;WideTimer0B_Handler
</UL>
<BR>[Called By]<UL><LI><a href="#[51]">&gt;&gt;</a>&nbsp;&nbsp;&nbsp;WideTimer0B_Handler
</UL>
<BR>[Address Reference Count : 1]<UL><LI> startup_tm4c123.o(RESET)
</UL>
<P><STRONG><a name="[52]"></a>WideTimer1A_Handler</STRONG> (Thumb, 2 bytes, Stack size 0 bytes, startup_tm4c123.o(.text))
<BR><BR>[Calls]<UL><LI><a href="#[52]">&gt;&gt;</a>&nbsp;&nbsp;&nbsp;WideTimer1A_Handler
</UL>
<BR>[Called By]<UL><LI><a href="#[52]">&gt;&gt;</a>&nbsp;&nbsp;&nbsp;WideTimer1A_Handler
</UL>
<BR>[Address Reference Count : 1]<UL><LI> startup_tm4c123.o(RESET)
</UL>
<P><STRONG><a name="[53]"></a>WideTimer1B_Handler</STRONG> (Thumb, 2 bytes, Stack size 0 bytes, startup_tm4c123.o(.text))
<BR><BR>[Calls]<UL><LI><a href="#[53]">&gt;&gt;</a>&nbsp;&nbsp;&nbsp;WideTimer1B_Handler
</UL>
<BR>[Called By]<UL><LI><a href="#[53]">&gt;&gt;</a>&nbsp;&nbsp;&nbsp;WideTimer1B_Handler
</UL>
<BR>[Address Reference Count : 1]<UL><LI> startup_tm4c123.o(RESET)
</UL>
<P><STRONG><a name="[54]"></a>WideTimer2A_Handler</STRONG> (Thumb, 2 bytes, Stack size 0 bytes, startup_tm4c123.o(.text))
<BR><BR>[Calls]<UL><LI><a href="#[54]">&gt;&gt;</a>&nbsp;&nbsp;&nbsp;WideTimer2A_Handler
</UL>
<BR>[Called By]<UL><LI><a href="#[54]">&gt;&gt;</a>&nbsp;&nbsp;&nbsp;WideTimer2A_Handler
</UL>
<BR>[Address Reference Count : 1]<UL><LI> startup_tm4c123.o(RESET)
</UL>
<P><STRONG><a name="[55]"></a>WideTimer2B_Handler</STRONG> (Thumb, 2 bytes, Stack size 0 bytes, startup_tm4c123.o(.text))
<BR><BR>[Calls]<UL><LI><a href="#[55]">&gt;&gt;</a>&nbsp;&nbsp;&nbsp;WideTimer2B_Handler
</UL>
<BR>[Called By]<UL><LI><a href="#[55]">&gt;&gt;</a>&nbsp;&nbsp;&nbsp;WideTimer2B_Handler
</UL>
<BR>[Address Reference Count : 1]<UL><LI> startup_tm4c123.o(RESET)
</UL>
<P><STRONG><a name="[57]"></a>WideTimer3B_Handler</STRONG> (Thumb, 2 bytes, Stack size 0 bytes, startup_tm4c123.o(.text))
<BR><BR>[Calls]<UL><LI><a href="#[57]">&gt;&gt;</a>&nbsp;&nbsp;&nbsp;WideTimer3B_Handler
</UL>
<BR>[Called By]<UL><LI><a href="#[57]">&gt;&gt;</a>&nbsp;&nbsp;&nbsp;WideTimer3B_Handler
</UL>
<BR>[Address Reference Count : 1]<UL><LI> startup_tm4c123.o(RESET)
</UL>
<P><STRONG><a name="[59]"></a>WideTimer4B_Handler</STRONG> (Thumb, 2 bytes, Stack size 0 bytes, startup_tm4c123.o(.text))
<BR><BR>[Calls]<UL><LI><a href="#[59]">&gt;&gt;</a>&nbsp;&nbsp;&nbsp;WideTimer4B_Handler
</UL>
<BR>[Called By]<UL><LI><a href="#[59]">&gt;&gt;</a>&nbsp;&nbsp;&nbsp;WideTimer4B_Handler
</UL>
<BR>[Address Reference Count : 1]<UL><LI> startup_tm4c123.o(RESET)
</UL>
<P><STRONG><a name="[5b]"></a>WideTimer5B_Handler</STRONG> (Thumb, 2 bytes, Stack size 0 bytes, startup_tm4c123.o(.text))
<BR><BR>[Calls]<UL><LI><a href="#[5b]">&gt;&gt;</a>&nbsp;&nbsp;&nbsp;WideTimer5B_Handler
</UL>
<BR>[Called By]<UL><LI><a href="#[5b]">&gt;&gt;</a>&nbsp;&nbsp;&nbsp;WideTimer5B_Handler
</UL>
<BR>[Address Reference Count : 1]<UL><LI> startup_tm4c123.o(RESET)
</UL>
<P><STRONG><a name="[5c]"></a>FPU_Handler</STRONG> (Thumb, 2 bytes, Stack size 0 bytes, startup_tm4c123.o(.text))
<BR><BR>[Calls]<UL><LI><a href="#[5c]">&gt;&gt;</a>&nbsp;&nbsp;&nbsp;FPU_Handler
</UL>
<BR>[Called By]<UL><LI><a href="#[5c]">&gt;&gt;</a>&nbsp;&nbsp;&nbsp;FPU_Handler
</UL>
<BR>[Address Reference Count : 1]<UL><LI> startup_tm4c123.o(RESET)
</UL>
<P><STRONG><a name="[5d]"></a>I2C4_Handler</STRONG> (Thumb, 2 bytes, Stack size 0 bytes, startup_tm4c123.o(.text))
<BR><BR>[Calls]<UL><LI><a href="#[5d]">&gt;&gt;</a>&nbsp;&nbsp;&nbsp;I2C4_Handler
</UL>
<BR>[Called By]<UL><LI><a href="#[5d]">&gt;&gt;</a>&nbsp;&nbsp;&nbsp;I2C4_Handler
</UL>
<BR>[Address Reference Count : 1]<UL><LI> startup_tm4c123.o(RESET)
</UL>
<P><STRONG><a name="[5e]"></a>I2C5_Handler</STRONG> (Thumb, 2 bytes, Stack size 0 bytes, startup_tm4c123.o(.text))
<BR><BR>[Calls]<UL><LI><a href="#[5e]">&gt;&gt;</a>&nbsp;&nbsp;&nbsp;I2C5_Handler
</UL>
<BR>[Called By]<UL><LI><a href="#[5e]">&gt;&gt;</a>&nbsp;&nbsp;&nbsp;I2C5_Handler
</UL>
<BR>[Address Reference Count : 1]<UL><LI> startup_tm4c123.o(RESET)
</UL>
<P><STRONG><a name="[5f]"></a>GPIOPortM_Handler</STRONG> (Thumb, 2 bytes, Stack size 0 bytes, startup_tm4c123.o(.text))
<BR><BR>[Calls]<UL><LI><a href="#[5f]">&gt;&gt;</a>&nbsp;&nbsp;&nbsp;GPIOPortM_Handler
</UL>
<BR>[Called By]<UL><LI><a href="#[5f]">&gt;&gt;</a>&nbsp;&nbsp;&nbsp;GPIOPortM_Handler
</UL>
<BR>[Address Reference Count : 1]<UL><LI> startup_tm4c123.o(RESET)
</UL>
<P><STRONG><a name="[60]"></a>GPIOPortN_Handler</STRONG> (Thumb, 2 bytes, Stack size 0 bytes, startup_tm4c123.o(.text))
<BR><BR>[Calls]<UL><LI><a href="#[60]">&gt;&gt;</a>&nbsp;&nbsp;&nbsp;GPIOPortN_Handler
</UL>
<BR>[Called By]<UL><LI><a href="#[60]">&gt;&gt;</a>&nbsp;&nbsp;&nbsp;GPIOPortN_Handler
</UL>
<BR>[Address Reference Count : 1]<UL><LI> startup_tm4c123.o(RESET)
</UL>
<P><STRONG><a name="[61]"></a>QEI2_Handler</STRONG> (Thumb, 2 bytes, Stack size 0 bytes, startup_tm4c123.o(.text))
<BR><BR>[Calls]<UL><LI><a href="#[61]">&gt;&gt;</a>&nbsp;&nbsp;&nbsp;QEI2_Handler
</UL>
<BR>[Called By]<UL><LI><a href="#[61]">&gt;&gt;</a>&nbsp;&nbsp;&nbsp;QEI2_Handler
</UL>
<BR>[Address Reference Count : 1]<UL><LI> startup_tm4c123.o(RESET)
</UL>
<P><STRONG><a name="[62]"></a>GPIOPortP0_Handler</STRONG> (Thumb, 2 bytes, Stack size 0 bytes, startup_tm4c123.o(.text))
<BR><BR>[Calls]<UL><LI><a href="#[62]">&gt;&gt;</a>&nbsp;&nbsp;&nbsp;GPIOPortP0_Handler
</UL>
<BR>[Called By]<UL><LI><a href="#[62]">&gt;&gt;</a>&nbsp;&nbsp;&nbsp;GPIOPortP0_Handler
</UL>
<BR>[Address Reference Count : 1]<UL><LI> startup_tm4c123.o(RESET)
</UL>
<P><STRONG><a name="[63]"></a>GPIOPortP1_Handler</STRONG> (Thumb, 2 bytes, Stack size 0 bytes, startup_tm4c123.o(.text))
<BR><BR>[Calls]<UL><LI><a href="#[63]">&gt;&gt;</a>&nbsp;&nbsp;&nbsp;GPIOPortP1_Handler
</UL>
<BR>[Called By]<UL><LI><a href="#[63]">&gt;&gt;</a>&nbsp;&nbsp;&nbsp;GPIOPortP1_Handler
</UL>
<BR>[Address Reference Count : 1]<UL><LI> startup_tm4c123.o(RESET)
</UL>
<P><STRONG><a name="[64]"></a>GPIOPortP2_Handler</STRONG> (Thumb, 2 bytes, Stack size 0 bytes, startup_tm4c123.o(.text))
<BR><BR>[Calls]<UL><LI><a href="#[64]">&gt;&gt;</a>&nbsp;&nbsp;&nbsp;GPIOPortP2_Handler
</UL>
<BR>[Called By]<UL><LI><a href="#[64]">&gt;&gt;</a>&nbsp;&nbsp;&nbsp;GPIOPortP2_Handler
</UL>
<BR>[Address Reference Count : 1]<UL><LI> startup_tm4c123.o(RESET)
</UL>
<P><STRONG><a name="[65]"></a>GPIOPortP3_Handler</STRONG> (Thumb, 2 bytes, Stack size 0 bytes, startup_tm4c123.o(.text))
<BR><BR>[Calls]<UL><LI><a href="#[65]">&gt;&gt;</a>&nbsp;&nbsp;&nbsp;GPIOPortP3_Handler
</UL>
<BR>[Called By]<UL><LI><a href="#[65]">&gt;&gt;</a>&nbsp;&nbsp;&nbsp;GPIOPortP3_Handler
</UL>
<BR>[Address Reference Count : 1]<UL><LI> startup_tm4c123.o(RESET)
</UL>
<P><STRONG><a name="[66]"></a>GPIOPortP4_Handler</STRONG> (Thumb, 2 bytes, Stack size 0 bytes, startup_tm4c123.o(.text))
<BR><BR>[Calls]<UL><LI><a href="#[66]">&gt;&gt;</a>&nbsp;&nbsp;&nbsp;GPIOPortP4_Handler
</UL>
<BR>[Called By]<UL><LI><a href="#[66]">&gt;&gt;</a>&nbsp;&nbsp;&nbsp;GPIOPortP4_Handler
</UL>
<BR>[Address Reference Count : 1]<UL><LI> startup_tm4c123.o(RESET)
</UL>
<P><STRONG><a name="[67]"></a>GPIOPortP5_Handler</STRONG> (Thumb, 2 bytes, Stack size 0 bytes, startup_tm4c123.o(.text))
<BR><BR>[Calls]<UL><LI><a href="#[67]">&gt;&gt;</a>&nbsp;&nbsp;&nbsp;GPIOPortP5_Handler
</UL>
<BR>[Called By]<UL><LI><a href="#[67]">&gt;&gt;</a>&nbsp;&nbsp;&nbsp;GPIOPortP5_Handler
</UL>
<BR>[Address Reference Count : 1]<UL><LI> startup_tm4c123.o(RESET)
</UL>
<P><STRONG><a name="[68]"></a>GPIOPortP6_Handler</STRONG> (Thumb, 2 bytes, Stack size 0 bytes, startup_tm4c123.o(.text))
<BR><BR>[Calls]<UL><LI><a href="#[68]">&gt;&gt;</a>&nbsp;&nbsp;&nbsp;GPIOPortP6_Handler
</UL>
<BR>[Called By]<UL><LI><a href="#[68]">&gt;&gt;</a>&nbsp;&nbsp;&nbsp;GPIOPortP6_Handler
</UL>
<BR>[Address Reference Count : 1]<UL><LI> startup_tm4c123.o(RESET)
</UL>
<P><STRONG><a name="[69]"></a>GPIOPortP7_Handler</STRONG> (Thumb, 2 bytes, Stack size 0 bytes, startup_tm4c123.o(.text))
<BR><BR>[Calls]<UL><LI><a href="#[69]">&gt;&gt;</a>&nbsp;&nbsp;&nbsp;GPIOPortP7_Handler
</UL>
<BR>[Called By]<UL><LI><a href="#[69]">&gt;&gt;</a>&nbsp;&nbsp;&nbsp;GPIOPortP7_Handler
</UL>
<BR>[Address Reference Count : 1]<UL><LI> startup_tm4c123.o(RESET)
</UL>
<P><STRONG><a name="[6a]"></a>GPIOPortQ0_Handler</STRONG> (Thumb, 2 bytes, Stack size 0 bytes, startup_tm4c123.o(.text))
<BR><BR>[Calls]<UL><LI><a href="#[6a]">&gt;&gt;</a>&nbsp;&nbsp;&nbsp;GPIOPortQ0_Handler
</UL>
<BR>[Called By]<UL><LI><a href="#[6a]">&gt;&gt;</a>&nbsp;&nbsp;&nbsp;GPIOPortQ0_Handler
</UL>
<BR>[Address Reference Count : 1]<UL><LI> startup_tm4c123.o(RESET)
</UL>
<P><STRONG><a name="[6b]"></a>GPIOPortQ1_Handler</STRONG> (Thumb, 2 bytes, Stack size 0 bytes, startup_tm4c123.o(.text))
<BR><BR>[Calls]<UL><LI><a href="#[6b]">&gt;&gt;</a>&nbsp;&nbsp;&nbsp;GPIOPortQ1_Handler
</UL>
<BR>[Called By]<UL><LI><a href="#[6b]">&gt;&gt;</a>&nbsp;&nbsp;&nbsp;GPIOPortQ1_Handler
</UL>
<BR>[Address Reference Count : 1]<UL><LI> startup_tm4c123.o(RESET)
</UL>
<P><STRONG><a name="[6c]"></a>GPIOPortQ2_Handler</STRONG> (Thumb, 2 bytes, Stack size 0 bytes, startup_tm4c123.o(.text))
<BR><BR>[Calls]<UL><LI><a href="#[6c]">&gt;&gt;</a>&nbsp;&nbsp;&nbsp;GPIOPortQ2_Handler
</UL>
<BR>[Called By]<UL><LI><a href="#[6c]">&gt;&gt;</a>&nbsp;&nbsp;&nbsp;GPIOPortQ2_Handler
</UL>
<BR>[Address Reference Count : 1]<UL><LI> startup_tm4c123.o(RESET)
</UL>
<P><STRONG><a name="[6d]"></a>GPIOPortQ3_Handler</STRONG> (Thumb, 2 bytes, Stack size 0 bytes, startup_tm4c123.o(.text))
<BR><BR>[Calls]<UL><LI><a href="#[6d]">&gt;&gt;</a>&nbsp;&nbsp;&nbsp;GPIOPortQ3_Handler
</UL>
<BR>[Called By]<UL><LI><a href="#[6d]">&gt;&gt;</a>&nbsp;&nbsp;&nbsp;GPIOPortQ3_Handler
</UL>
<BR>[Address Reference Count : 1]<UL><LI> startup_tm4c123.o(RESET)
</UL>
<P><STRONG><a name="[6e]"></a>GPIOPortQ4_Handler</STRONG> (Thumb, 2 bytes, Stack size 0 bytes, startup_tm4c123.o(.text))
<BR><BR>[Calls]<UL><LI><a href="#[6e]">&gt;&gt;</a>&nbsp;&nbsp;&nbsp;GPIOPortQ4_Handler
</UL>
<BR>[Called By]<UL><LI><a href="#[6e]">&gt;&gt;</a>&nbsp;&nbsp;&nbsp;GPIOPortQ4_Handler
</UL>
<BR>[Address Reference Count : 1]<UL><LI> startup_tm4c123.o(RESET)
</UL>
<P><STRONG><a name="[6f]"></a>GPIOPortQ5_Handler</STRONG> (Thumb, 2 bytes, Stack size 0 bytes, startup_tm4c123.o(.text))
<BR><BR>[Calls]<UL><LI><a href="#[6f]">&gt;&gt;</a>&nbsp;&nbsp;&nbsp;GPIOPortQ5_Handler
</UL>
<BR>[Called By]<UL><LI><a href="#[6f]">&gt;&gt;</a>&nbsp;&nbsp;&nbsp;GPIOPortQ5_Handler
</UL>
<BR>[Address Reference Count : 1]<UL><LI> startup_tm4c123.o(RESET)
</UL>
<P><STRONG><a name="[70]"></a>GPIOPortQ6_Handler</STRONG> (Thumb, 2 bytes, Stack size 0 bytes, startup_tm4c123.o(.text))
<BR><BR>[Calls]<UL><LI><a href="#[70]">&gt;&gt;</a>&nbsp;&nbsp;&nbsp;GPIOPortQ6_Handler
</UL>
<BR>[Called By]<UL><LI><a href="#[70]">&gt;&gt;</a>&nbsp;&nbsp;&nbsp;GPIOPortQ6_Handler
</UL>
<BR>[Address Reference Count : 1]<UL><LI> startup_tm4c123.o(RESET)
</UL>
<P><STRONG><a name="[71]"></a>GPIOPortQ7_Handler</STRONG> (Thumb, 2 bytes, Stack size 0 bytes, startup_tm4c123.o(.text))
<BR><BR>[Calls]<UL><LI><a href="#[71]">&gt;&gt;</a>&nbsp;&nbsp;&nbsp;GPIOPortQ7_Handler
</UL>
<BR>[Called By]<UL><LI><a href="#[71]">&gt;&gt;</a>&nbsp;&nbsp;&nbsp;GPIOPortQ7_Handler
</UL>
<BR>[Address Reference Count : 1]<UL><LI> startup_tm4c123.o(RESET)
</UL>
<P><STRONG><a name="[72]"></a>GPIOPortR_Handler</STRONG> (Thumb, 2 bytes, Stack size 0 bytes, startup_tm4c123.o(.text))
<BR><BR>[Calls]<UL><LI><a href="#[72]">&gt;&gt;</a>&nbsp;&nbsp;&nbsp;GPIOPortR_Handler
</UL>
<BR>[Called By]<UL><LI><a href="#[72]">&gt;&gt;</a>&nbsp;&nbsp;&nbsp;GPIOPortR_Handler
</UL>
<BR>[Address Reference Count : 1]<UL><LI> startup_tm4c123.o(RESET)
</UL>
<P><STRONG><a name="[73]"></a>GPIOPortS_Handler</STRONG> (Thumb, 2 bytes, Stack size 0 bytes, startup_tm4c123.o(.text))
<BR><BR>[Calls]<UL><LI><a href="#[73]">&gt;&gt;</a>&nbsp;&nbsp;&nbsp;GPIOPortS_Handler
</UL>
<BR>[Called By]<UL><LI><a href="#[73]">&gt;&gt;</a>&nbsp;&nbsp;&nbsp;GPIOPortS_Handler
</UL>
<BR>[Address Reference Count : 1]<UL><LI> startup_tm4c123.o(RESET)
</UL>
<P><STRONG><a name="[74]"></a>PWM1Generator0_Handler</STRONG> (Thumb, 2 bytes, Stack size 0 bytes, startup_tm4c123.o(.text))
<BR><BR>[Calls]<UL><LI><a href="#[74]">&gt;&gt;</a>&nbsp;&nbsp;&nbsp;PWM1Generator0_Handler
</UL>
<BR>[Called By]<UL><LI><a href="#[74]">&gt;&gt;</a>&nbsp;&nbsp;&nbsp;PWM1Generator0_Handler
</UL>
<BR>[Address Reference Count : 1]<UL><LI> startup_tm4c123.o(RESET)
</UL>
<P><STRONG><a name="[75]"></a>PWM1Generator1_Handler</STRONG> (Thumb, 2 bytes, Stack size 0 bytes, startup_tm4c123.o(.text))
<BR><BR>[Calls]<UL><LI><a href="#[75]">&gt;&gt;</a>&nbsp;&nbsp;&nbsp;PWM1Generator1_Handler
</UL>
<BR>[Called By]<UL><LI><a href="#[75]">&gt;&gt;</a>&nbsp;&nbsp;&nbsp;PWM1Generator1_Handler
</UL>
[...]
<LI><a href="#[9f]">&gt;&gt;</a>&nbsp;&nbsp;&nbsp;__aeabi_fmul
<LI><a href="#[a0]">&gt;&gt;</a>&nbsp;&nbsp;&nbsp;__aeabi_fadd
</UL>
<BR>[Called By]<UL><LI><a href="#[cd]">&gt;&gt;</a>&nbsp;&nbsp;&nbsp;call_FFT
</UL>

<P><STRONG><a name="[cf]"></a>log10f</STRONG> (Thumb, 384 bytes, Stack size 24 bytes, log10f.o(i.log10f))
<BR><BR>[Stack]<UL><LI>Max Depth = 40<LI>Call Chain = log10f &rArr; __mathlib_flt_invalid &rArr; __aeabi_fdiv
</UL>
<BR>[Calls]<UL><LI><a href="#[cc]">&gt;&gt;</a>&nbsp;&nbsp;&nbsp;__mathlib_flt_invalid
<LI><a href="#[ca]">&gt;&gt;</a>&nbsp;&nbsp;&nbsp;__mathlib_flt_infnan
<LI><a href="#[c9]">&gt;&gt;</a>&nbsp;&nbsp;&nbsp;__mathlib_flt_divzero
<LI><a href="#[cb]">&gt;&gt;</a>&nbsp;&nbsp;&nbsp;__ARM_scalbnf
<LI><a href="#[95]">&gt;&gt;</a>&nbsp;&nbsp;&nbsp;__set_errno
<LI><a href="#[9f]">&gt;&gt;</a>&nbsp;&nbsp;&nbsp;__aeabi_fmul
<LI><a href="#[d3]">&gt;&gt;</a>&nbsp;&nbsp;&nbsp;__aeabi_i2f
<LI><a href="#[9e]">&gt;&gt;</a>&nbsp;&nbsp;&nbsp;__aeabi_fdiv
<LI><a href="#[a1]">&gt;&gt;</a>&nbsp;&nbsp;&nbsp;__aeabi_fsub
<LI><a href="#[a0]">&gt;&gt;</a>&nbsp;&nbsp;&nbsp;__aeabi_fadd
</UL>
<BR>[Called By]<UL><LI><a href="#[cd]">&gt;&gt;</a>&nbsp;&nbsp;&nbsp;call_FFT
</UL>

<P><STRONG><a name="[8b]"></a>main</STRONG> (Thumb, 88 bytes, Stack size 0 bytes, user.o(i.main))
<BR><BR>[Stack]<UL><LI>Max Depth = 560 + Unknown Stack Size
<LI>Call Chain = main &rArr; call_FFT &rArr; arm_rfft_fast_f32 &rArr; arm_cfft_f32 &rArr; arm_cfft_radix8by4_f32 &rArr; arm_radix8_butterfly_f32 &rArr; __aeabi_fmul
</UL>
<BR>[Calls]<UL><LI><a href="#[cd]">&gt;&gt;</a>&nbsp;&nbsp;&nbsp;call_FFT
<LI><a href="#[c8]">&gt;&gt;</a>&nbsp;&nbsp;&nbsp;Task3
<LI><a href="#[c6]">&gt;&gt;</a>&nbsp;&nbsp;&nbsp;Task2
<LI><a href="#[c5]">&gt;&gt;</a>&nbsp;&nbsp;&nbsp;Task1
<LI><a href="#[c4]">&gt;&gt;</a>&nbsp;&nbsp;&nbsp;Task0_Init
<LI><a href="#[c1]">&gt;&gt;</a>&nbsp;&nbsp;&nbsp;Task0
<LI><a href="#[d4]">&gt;&gt;</a>&nbsp;&nbsp;&nbsp;rfft_fast_init_1024_f32
<LI><a href="#[bb]">&gt;&gt;</a>&nbsp;&nbsp;&nbsp;OS_Init
<LI><a href="#[d5]">&gt;&gt;</a>&nbsp;&nbsp;&nbsp;BSP_RGB_Init
<LI><a href="#[b3]">&gt;&gt;</a>&nbsp;&nbsp;&nbsp;BSP_LCD_Init
<LI><a href="#[b2]">&gt;&gt;</a>&nbsp;&nbsp;&nbsp;BSP_LCD_FillScreen
<LI><a href="#[d6]">&gt;&gt;</a>&nbsp;&nbsp;&nbsp;BSP_LCD_Color565
</UL>
<BR>[Called By]<UL><LI><a href="#[8a]">&gt;&gt;</a>&nbsp;&nbsp;&nbsp;__rt_entry_main
</UL>

<P><STRONG><a name="[d4]"></a>rfft_fast_init_1024_f32</STRONG> (Thumb, 36 bytes, Stack size 0 bytes, os.o(i.rfft_fast_init_1024_f32))
<BR><BR>[Called By]<UL><LI><a href="#[8b]">&gt;&gt;</a>&nbsp;&nbsp;&nbsp;main
</UL>

<P><STRONG><a name="[c3]"></a>sqrt32</STRONG> (Thumb, 30 bytes, Stack size 0 bytes, user.o(i.sqrt32))
<BR><BR>[Called By]<UL><LI><a href="#[c1]">&gt;&gt;</a>&nbsp;&nbsp;&nbsp;Task0
</UL>

<P><STRONG><a name="[d2]"></a>sqrtf</STRONG> (Thumb, 44 bytes, Stack size 16 bytes, sqrtf.o(i.sqrtf))
<BR><BR>[Stack]<UL><LI>Max Depth = 48<LI>Call Chain = sqrtf &rArr; _fsqrt &rArr; __fpl_fnaninf
</UL>
<BR>[Calls]<UL><LI><a href="#[d7]">&gt;&gt;</a>&nbsp;&nbsp;&nbsp;_fsqrt
<LI><a href="#[95]">&gt;&gt;</a>&nbsp;&nbsp;&nbsp;__set_errno
</UL>
<BR>[Called By]<UL><LI><a href="#[ce]">&gt;&gt;</a>&nbsp;&nbsp;&nbsp;imaginary_abs
</UL>

<P><STRONG><a name="[a0]"></a>__aeabi_fadd</STRONG> (Thumb, 0 bytes, Stack size 16 bytes, faddsub_clz.o(x$fpl$fadd))
<BR><BR>[Stack]<UL><LI>Max Depth = 16<LI>Call Chain = __aeabi_fadd
</UL>
<BR>[Called By]<UL><LI><a href="#[cf]">&gt;&gt;</a>&nbsp;&nbsp;&nbsp;log10f
<LI><a href="#[9b]">&gt;&gt;</a>&nbsp;&nbsp;&nbsp;arm_radix8_butterfly_f32
<LI><a href="#[99]">&gt;&gt;</a>&nbsp;&nbsp;&nbsp;arm_cfft_radix8by4_f32
<LI><a href="#[9a]">&gt;&gt;</a>&nbsp;&nbsp;&nbsp;arm_cfft_radix8by2_f32
<LI><a href="#[a6]">&gt;&gt;</a>&nbsp;&nbsp;&nbsp;stage_rfft_f32
<LI><a href="#[a5]">&gt;&gt;</a>&nbsp;&nbsp;&nbsp;merge_rfft_f32
<LI><a href="#[ce]">&gt;&gt;</a>&nbsp;&nbsp;&nbsp;imaginary_abs
</UL>

<P><STRONG><a name="[d8]"></a>_fadd</STRONG> (Thumb, 196 bytes, Stack size 16 bytes, faddsub_clz.o(x$fpl$fadd), UNUSED)
<BR><BR>[Calls]<UL><LI><a href="#[da]">&gt;&gt;</a>&nbsp;&nbsp;&nbsp;__fpl_fretinf
<LI><a href="#[db]">&gt;&gt;</a>&nbsp;&nbsp;&nbsp;__fpl_fnaninf
<LI><a href="#[d9]">&gt;&gt;</a>&nbsp;&nbsp;&nbsp;_fsub1
</UL>

<P><STRONG><a name="[dc]"></a>__fpl_fcheck_NaN1</STRONG> (Thumb, 6 bytes, Stack size 0 bytes, fcheck1.o(x$fpl$fcheck1))
<BR><BR>[Calls]<UL><LI><a href="#[dd]">&gt;&gt;</a>&nbsp;&nbsp;&nbsp;__fpl_return_NaN
</UL>
<BR>[Called By]<UL><LI><a href="#[cb]">&gt;&gt;</a>&nbsp;&nbsp;&nbsp;__ARM_scalbnf
</UL>

<P><STRONG><a name="[11c]"></a>__aeabi_fcmpeq</STRONG> (Thumb, 0 bytes, Stack size 8 bytes, fcmp.o(x$fpl$fcmp), UNUSED)

<P><STRONG><a name="[de]"></a>_feq</STRONG> (Thumb, 14 bytes, Stack size 8 bytes, fcmp.o(x$fpl$fcmp), UNUSED)
<BR><BR>[Calls]<UL><LI><a href="#[df]">&gt;&gt;</a>&nbsp;&nbsp;&nbsp;_fcmpeq
</UL>

<P><STRONG><a name="[e0]"></a>_fneq</STRONG> (Thumb, 14 bytes, Stack size 8 bytes, fcmp.o(x$fpl$fcmp), UNUSED)
<BR><BR>[Calls]<UL><LI><a href="#[df]">&gt;&gt;</a>&nbsp;&nbsp;&nbsp;_fcmpeq
</UL>

<P><STRONG><a name="[11d]"></a>__aeabi_fcmpgt</STRONG> (Thumb, 0 bytes, Stack size 8 bytes, fcmp.o(x$fpl$fcmp), UNUSED)

<P><STRONG><a name="[e1]"></a>_fgr</STRONG> (Thumb, 14 bytes, Stack size 8 bytes, fcmp.o(x$fpl$fcmp), UNUSED)
<BR><BR>[Calls]<UL><LI><a href="#[e2]">&gt;&gt;</a>&nbsp;&nbsp;&nbsp;_fcmpge
</UL>

<P><STRONG><a name="[11e]"></a>__aeabi_fcmpge</STRONG> (Thumb, 0 bytes, Stack size 8 bytes, fcmp.o(x$fpl$fcmp), UNUSED)

<P><STRONG><a name="[e3]"></a>_fgeq</STRONG> (Thumb, 14 bytes, Stack size 8 bytes, fcmp.o(x$fpl$fcmp), UNUSED)
<BR><BR>[Calls]<UL><LI><a href="#[e2]">&gt;&gt;</a>&nbsp;&nbsp;&nbsp;_fcmpge
</UL>

<P><STRONG><a name="[11f]"></a>__aeabi_fcmple</STRONG> (Thumb, 0 bytes, Stack size 8 bytes, fcmp.o(x$fpl$fcmp), UNUSED)

<P><STRONG><a name="[e4]"></a>_fleq</STRONG> (Thumb, 14 bytes, Stack size 8 bytes, fcmp.o(x$fpl$fcmp), UNUSED)
<BR><BR>[Calls]<UL><LI><a href="#[e5]">&gt;&gt;</a>&nbsp;&nbsp;&nbsp;_fcmple
</UL>

<P><STRONG><a name="[a3]"></a>__aeabi_fcmplt</STRONG> (Thumb, 0 bytes, Stack size 8 bytes, fcmp.o(x$fpl$fcmp))
<BR><BR>[Stack]<UL><LI>Max Depth = 8<LI>Call Chain = __aeabi_fcmplt
</UL>
<BR>[Called By]<UL><LI><a href="#[a2]">&gt;&gt;</a>&nbsp;&nbsp;&nbsp;arm_max_f32
</UL>

<P><STRONG><a name="[e6]"></a>_fls</STRONG> (Thumb, 14 bytes, Stack size 8 bytes, fcmp.o(x$fpl$fcmp), UNUSED)
<BR><BR>[Calls]<UL><LI><a href="#[e5]">&gt;&gt;</a>&nbsp;&nbsp;&nbsp;_fcmple
</UL>

<P><STRONG><a name="[e8]"></a>__fpl_fcmp_Inf</STRONG> (Thumb, 24 bytes, Stack size 0 bytes, fcmpi.o(x$fpl$fcmpinf), UNUSED)
<BR><BR>[Called By]<UL><LI><a href="#[e5]">&gt;&gt;</a>&nbsp;&nbsp;&nbsp;_fcmple
<LI><a href="#[e2]">&gt;&gt;</a>&nbsp;&nbsp;&nbsp;_fcmpge
<LI><a href="#[df]">&gt;&gt;</a>&nbsp;&nbsp;&nbsp;_fcmpeq
</UL>

<P><STRONG><a name="[9e]"></a>__aeabi_fdiv</STRONG> (Thumb, 0 bytes, Stack size 16 bytes, fdiv.o(x$fpl$fdiv))
<BR><BR>[Stack]<UL><LI>Max Depth = 16<LI>Call Chain = __aeabi_fdiv
</UL>
<BR>[Called By]<UL><LI><a href="#[cc]">&gt;&gt;</a>&nbsp;&nbsp;&nbsp;__mathlib_flt_invalid
<LI><a href="#[c9]">&gt;&gt;</a>&nbsp;&nbsp;&nbsp;__mathlib_flt_divzero
<LI><a href="#[cf]">&gt;&gt;</a>&nbsp;&nbsp;&nbsp;log10f
<LI><a href="#[98]">&gt;&gt;</a>&nbsp;&nbsp;&nbsp;arm_cfft_f32
</UL>

<P><STRONG><a name="[e7]"></a>_fdiv</STRONG> (Thumb, 384 bytes, Stack size 16 bytes, fdiv.o(x$fpl$fdiv), UNUSED)
<BR><BR>[Calls]<UL><LI><a href="#[da]">&gt;&gt;</a>&nbsp;&nbsp;&nbsp;__fpl_fretinf
<LI><a href="#[db]">&gt;&gt;</a>&nbsp;&nbsp;&nbsp;__fpl_fnaninf
</UL>

<P><STRONG><a name="[120]"></a>__aeabi_cfcmpeq</STRONG> (Thumb, 0 bytes, Stack size 16 bytes, feqf.o(x$fpl$feqf), UNUSED)

<P><STRONG><a name="[df]"></a>_fcmpeq</STRONG> (Thumb, 104 bytes, Stack size 16 bytes, feqf.o(x$fpl$feqf), UNUSED)
<BR><BR>[Calls]<UL><LI><a href="#[e8]">&gt;&gt;</a>&nbsp;&nbsp;&nbsp;__fpl_fcmp_Inf
<LI><a href="#[db]">&gt;&gt;</a>&nbsp;&nbsp;&nbsp;__fpl_fnaninf
</UL>
<BR>[Called By]<UL><LI><a href="#[e0]">&gt;&gt;</a>&nbsp;&nbsp;&nbsp;_fneq
<LI><a href="#[de]">&gt;&gt;</a>&nbsp;&nbsp;&nbsp;_feq
</UL>

<P><STRONG><a name="[d0]"></a>__aeabi_f2uiz</STRONG> (Thumb, 0 bytes, Stack size 16 bytes, ffixu.o(x$fpl$ffixu))
<BR><BR>[Stack]<UL><LI>Max Depth = 16<LI>Call Chain = __aeabi_f2uiz
</UL>
<BR>[Called By]<UL><LI><a href="#[cd]">&gt;&gt;</a>&nbsp;&nbsp;&nbsp;call_FFT
</UL>

<P><STRONG><a name="[e9]"></a>_ffixu</STRONG> (Thumb, 62 bytes, Stack size 16 bytes, ffixu.o(x$fpl$ffixu), UNUSED)
<BR><BR>[Calls]<UL><LI><a href="#[db]">&gt;&gt;</a>&nbsp;&nbsp;&nbsp;__fpl_fnaninf
</UL>

<P><STRONG><a name="[d3]"></a>__aeabi_i2f</STRONG> (Thumb, 0 bytes, Stack size 0 bytes, fflt_clz.o(x$fpl$fflt))
<BR><BR>[Called By]<UL><LI><a href="#[cf]">&gt;&gt;</a>&nbsp;&nbsp;&nbsp;log10f
</UL>

<P><STRONG><a name="[121]"></a>_fflt</STRONG> (Thumb, 48 bytes, Stack size 0 bytes, fflt_clz.o(x$fpl$fflt), UNUSED)

<P><STRONG><a name="[9d]"></a>__aeabi_ui2f</STRONG> (Thumb, 0 bytes, Stack size 0 bytes, fflt_clz.o(x$fpl$ffltu))
<BR><BR>[Called By]<UL><LI><a href="#[98]">&gt;&gt;</a>&nbsp;&nbsp;&nbsp;arm_cfft_f32
<LI><a href="#[c1]">&gt;&gt;</a>&nbsp;&nbsp;&nbsp;Task0
</UL>

<P><STRONG><a name="[122]"></a>_ffltu</STRONG> (Thumb, 38 bytes, Stack size 0 bytes, fflt_clz.o(x$fpl$ffltu), UNUSED)

<P><STRONG><a name="[e2]"></a>_fcmpge</STRONG> (Thumb, 104 bytes, Stack size 16 bytes, fgeqf.o(x$fpl$fgeqf), UNUSED)
<BR><BR>[Calls]<UL><LI><a href="#[e8]">&gt;&gt;</a>&nbsp;&nbsp;&nbsp;__fpl_fcmp_Inf
<LI><a href="#[db]">&gt;&gt;</a>&nbsp;&nbsp;&nbsp;__fpl_fnaninf
</UL>
<BR>[Called By]<UL><LI><a href="#[e3]">&gt;&gt;</a>&nbsp;&nbsp;&nbsp;_fgeq
<LI><a href="#[e1]">&gt;&gt;</a>&nbsp;&nbsp;&nbsp;_fgr
</UL>

<P><STRONG><a name="[123]"></a>__aeabi_cfcmple</STRONG> (Thumb, 0 bytes, Stack size 16 bytes, fleqf.o(x$fpl$fleqf), UNUSED)

<P><STRONG><a name="[e5]"></a>_fcmple</STRONG> (Thumb, 104 bytes, Stack size 16 bytes, fleqf.o(x$fpl$fleqf), UNUSED)
<BR><BR>[Calls]<UL><LI><a href="#[e8]">&gt;&gt;</a>&nbsp;&nbsp;&nbsp;__fpl_fcmp_Inf
<LI><a href="#[db]">&gt;&gt;</a>&nbsp;&nbsp;&nbsp;__fpl_fnaninf
</UL>
<BR>[Called By]<UL><LI><a href="#[e6]">&gt;&gt;</a>&nbsp;&nbsp;&nbsp;_fls
<LI><a href="#[e4]">&gt;&gt;</a>&nbsp;&nbsp;&nbsp;_fleq
</UL>

<P><STRONG><a name="[124]"></a>__fpl_fcmple_InfNaN</STRONG> (Thumb, 0 bytes, Stack size unknown bytes, fleqf.o(x$fpl$fleqf), UNUSED)

<P><STRONG><a name="[9f]"></a>__aeabi_fmul</STRONG> (Thumb, 0 bytes, Stack size 16 bytes, fmul.o(x$fpl$fmul))
<BR><BR>[Stack]<UL><LI>Max Depth = 16<LI>Call Chain = __aeabi_fmul
</UL>
<BR>[Called By]<UL><LI><a href="#[cf]">&gt;&gt;</a>&nbsp;&nbsp;&nbsp;log10f
<LI><a href="#[9b]">&gt;&gt;</a>&nbsp;&nbsp;&nbsp;arm_radix8_butterfly_f32
<LI><a href="#[99]">&gt;&gt;</a>&nbsp;&nbsp;&nbsp;arm_cfft_radix8by4_f32
<LI><a href="#[9a]">&gt;&gt;</a>&nbsp;&nbsp;&nbsp;arm_cfft_radix8by2_f32
<LI><a href="#[a6]">&gt;&gt;</a>&nbsp;&nbsp;&nbsp;stage_rfft_f32
<LI><a href="#[a5]">&gt;&gt;</a>&nbsp;&nbsp;&nbsp;merge_rfft_f32
<LI><a href="#[98]">&gt;&gt;</a>&nbsp;&nbsp;&nbsp;arm_cfft_f32
<LI><a href="#[ce]">&gt;&gt;</a>&nbsp;&nbsp;&nbsp;imaginary_abs
<LI><a href="#[cd]">&gt;&gt;</a>&nbsp;&nbsp;&nbsp;call_FFT
</UL>

<P><STRONG><a name="[ea]"></a>_fmul</STRONG> (Thumb, 258 bytes, Stack size 16 bytes, fmul.o(x$fpl$fmul), UNUSED)
<BR><BR>[Calls]<UL><LI><a href="#[da]">&gt;&gt;</a>&nbsp;&nbsp;&nbsp;__fpl_fretinf
<LI><a href="#[db]">&gt;&gt;</a>&nbsp;&nbsp;&nbsp;__fpl_fnaninf
</UL>

<P><STRONG><a name="[db]"></a>__fpl_fnaninf</STRONG> (Thumb, 140 bytes, Stack size 8 bytes, fnaninf.o(x$fpl$fnaninf))
<BR><BR>[Stack]<UL><LI>Max Depth = 8<LI>Call Chain = __fpl_fnaninf
</UL>
<BR>[Called By]<UL><LI><a href="#[d7]">&gt;&gt;</a>&nbsp;&nbsp;&nbsp;_fsqrt
<LI><a href="#[e5]">&gt;&gt;</a>&nbsp;&nbsp;&nbsp;_fcmple
<LI><a href="#[e2]">&gt;&gt;</a>&nbsp;&nbsp;&nbsp;_fcmpge
<LI><a href="#[df]">&gt;&gt;</a>&nbsp;&nbsp;&nbsp;_fcmpeq
<LI><a href="#[ea]">&gt;&gt;</a>&nbsp;&nbsp;&nbsp;_fmul
<LI><a href="#[e9]">&gt;&gt;</a>&nbsp;&nbsp;&nbsp;_ffixu
<LI><a href="#[e7]">&gt;&gt;</a>&nbsp;&nbsp;&nbsp;_fdiv
<LI><a href="#[eb]">&gt;&gt;</a>&nbsp;&nbsp;&nbsp;_fsub
<LI><a href="#[d8]">&gt;&gt;</a>&nbsp;&nbsp;&nbsp;_fadd
</UL>

<P><STRONG><a name="[da]"></a>__fpl_fretinf</STRONG> (Thumb, 10 bytes, Stack size 0 bytes, fretinf.o(x$fpl$fretinf), UNUSED)
<BR><BR>[Called By]<UL><LI><a href="#[ea]">&gt;&gt;</a>&nbsp;&nbsp;&nbsp;_fmul
<LI><a href="#[e7]">&gt;&gt;</a>&nbsp;&nbsp;&nbsp;_fdiv
<LI><a href="#[d8]">&gt;&gt;</a>&nbsp;&nbsp;&nbsp;_fadd
</UL>

<P><STRONG><a name="[d7]"></a>_fsqrt</STRONG> (Thumb, 272 bytes, Stack size 24 bytes, fsqrt.o(x$fpl$fsqrt))
<BR><BR>[Stack]<UL><LI>Max Depth = 32<LI>Call Chain = _fsqrt &rArr; __fpl_fnaninf
</UL>
<BR>[Calls]<UL><LI><a href="#[db]">&gt;&gt;</a>&nbsp;&nbsp;&nbsp;__fpl_fnaninf
</UL>
<BR>[Called By]<UL><LI><a href="#[d2]">&gt;&gt;</a>&nbsp;&nbsp;&nbsp;sqrtf
</UL>

<P><STRONG><a name="[a1]"></a>__aeabi_fsub</STRONG> (Thumb, 0 bytes, Stack size 16 bytes, faddsub_clz.o(x$fpl$fsub))
<BR><BR>[Stack]<UL><LI>Max Depth = 16<LI>Call Chain = __aeabi_fsub
</UL>
<BR>[Called By]<UL><LI><a href="#[cf]">&gt;&gt;</a>&nbsp;&nbsp;&nbsp;log10f
<LI><a href="#[9b]">&gt;&gt;</a>&nbsp;&nbsp;&nbsp;arm_radix8_butterfly_f32
<LI><a href="#[99]">&gt;&gt;</a>&nbsp;&nbsp;&nbsp;arm_cfft_radix8by4_f32
<LI><a href="#[9a]">&gt;&gt;</a>&nbsp;&nbsp;&nbsp;arm_cfft_radix8by2_f32
<LI><a href="#[a6]">&gt;&gt;</a>&nbsp;&nbsp;&nbsp;stage_rfft_f32
<LI><a href="#[a5]">&gt;&gt;</a>&nbsp;&nbsp;&nbsp;merge_rfft_f32
</UL>

<P><STRONG><a name="[eb]"></a>_fsub</STRONG> (Thumb, 234 bytes, Stack size 16 bytes, faddsub_clz.o(x$fpl$fsub), UNUSED)
<BR><BR>[Calls]<UL><LI><a href="#[db]">&gt;&gt;</a>&nbsp;&nbsp;&nbsp;__fpl_fnaninf
<LI><a href="#[ec]">&gt;&gt;</a>&nbsp;&nbsp;&nbsp;_fadd1
</UL>

<P><STRONG><a name="[dd]"></a>__fpl_return_NaN</STRONG> (Thumb, 100 bytes, Stack size 0 bytes, retnan.o(x$fpl$retnan))
<BR><BR>[Calls]<UL><LI><a href="#[ed]">&gt;&gt;</a>&nbsp;&nbsp;&nbsp;__fpl_cmpreturn
</UL>
<BR>[Called By]<UL><LI><a href="#[dc]">&gt;&gt;</a>&nbsp;&nbsp;&nbsp;__fpl_fcheck_NaN1
</UL>

<P><STRONG><a name="[cb]"></a>__ARM_scalbnf</STRONG> (Thumb, 76 bytes, Stack size 0 bytes, scalbnf.o(x$fpl$scalbnf))
<BR><BR>[Calls]<UL><LI><a href="#[dc]">&gt;&gt;</a>&nbsp;&nbsp;&nbsp;__fpl_fcheck_NaN1
</UL>
<BR>[Called By]<UL><LI><a href="#[ca]">&gt;&gt;</a>&nbsp;&nbsp;&nbsp;__mathlib_flt_infnan
<LI><a href="#[cf]">&gt;&gt;</a>&nbsp;&nbsp;&nbsp;log10f
</UL>

<P><STRONG><a name="[ed]"></a>__fpl_cmpreturn</STRONG> (Thumb, 48 bytes, Stack size 0 bytes, trapv.o(x$fpl$trapveneer))
<BR><BR>[Called By]<UL><LI><a href="#[dd]">&gt;&gt;</a>&nbsp;&nbsp;&nbsp;__fpl_return_NaN
</UL>
<P>
<H3>
Local Symbols
</H3>
<P><STRONG><a name="[b4]"></a>ST7735_InitR</STRONG> (Thumb, 86 bytes, Stack size 8 bytes, bsp.o(i.ST7735_InitR))
<BR><BR>[Stack]<UL><LI>Max Depth = 80<LI>Call Chain = ST7735_InitR &rArr; BSP_LCD_FillScreen &rArr; BSP_LCD_FillRect &rArr; setAddrWindow
</UL>
<BR>[Calls]<UL><LI><a href="#[c0]">&gt;&gt;</a>&nbsp;&nbsp;&nbsp;BSP_LCD_SetCursor
<LI><a href="#[b2]">&gt;&gt;</a>&nbsp;&nbsp;&nbsp;BSP_LCD_FillScreen
<LI><a href="#[ac]">&gt;&gt;</a>&nbsp;&nbsp;&nbsp;writedata
<LI><a href="#[bf]">&gt;&gt;</a>&nbsp;&nbsp;&nbsp;writecommand
<LI><a href="#[bd]">&gt;&gt;</a>&nbsp;&nbsp;&nbsp;commonInit
<LI><a href="#[be]">&gt;&gt;</a>&nbsp;&nbsp;&nbsp;commandList
</UL>
<BR>[Called By]<UL><LI><a href="#[b3]">&gt;&gt;</a>&nbsp;&nbsp;&nbsp;BSP_LCD_Init
</UL>

<P><STRONG><a name="[ba]"></a>adcinit</STRONG> (Thumb, 58 bytes, Stack size 0 bytes, bsp.o(i.adcinit))
<BR><BR>[Called By]<UL><LI><a href="#[b9]">&gt;&gt;</a>&nbsp;&nbsp;&nbsp;BSP_Microphone_Init
</UL>

<P><STRONG><a name="[be]"></a>commandList</STRONG> (Thumb, 86 bytes, Stack size 24 bytes, bsp.o(i.commandList))
<BR><BR>[Stack]<UL><LI>Max Depth = 32<LI>Call Chain = commandList &rArr; BSP_Delay1ms
</UL>
<BR>[Calls]<UL><LI><a href="#[a7]">&gt;&gt;</a>&nbsp;&nbsp;&nbsp;BSP_Delay1ms
<LI><a href="#[ac]">&gt;&gt;</a>&nbsp;&nbsp;&nbsp;writedata
<LI><a href="#[bf]">&gt;&gt;</a>&nbsp;&nbsp;&nbsp;writecommand
</UL>
<BR>[Called By]<UL><LI><a href="#[bd]">&gt;&gt;</a>&nbsp;&nbsp;&nbsp;commonInit
<LI><a href="#[b4]">&gt;&gt;</a>&nbsp;&nbsp;&nbsp;ST7735_InitR
</UL>

<P><STRONG><a name="[bd]"></a>commonInit</STRONG> (Thumb, 452 bytes, Stack size 8 bytes, bsp.o(i.commonInit))
<BR><BR>[Stack]<UL><LI>Max Depth = 40<LI>Call Chain = commonInit &rArr; commandList &rArr; BSP_Delay1ms
</UL>
<BR>[Calls]<UL><LI><a href="#[a7]">&gt;&gt;</a>&nbsp;&nbsp;&nbsp;BSP_Delay1ms
<LI><a href="#[be]">&gt;&gt;</a>&nbsp;&nbsp;&nbsp;commandList
</UL>
<BR>[Called By]<UL><LI><a href="#[b4]">&gt;&gt;</a>&nbsp;&nbsp;&nbsp;ST7735_InitR
</UL>

<P><STRONG><a name="[d1]"></a>fillmessage</STRONG> (Thumb, 64 bytes, Stack size 12 bytes, bsp.o(i.fillmessage))
<BR><BR>[Stack]<UL><LI>Max Depth = 12 + In Cycle
<LI>Call Chain = fillmessage &rArr;  fillmessage (Cycle)
</UL>
<BR>[Calls]<UL><LI><a href="#[d1]">&gt;&gt;</a>&nbsp;&nbsp;&nbsp;fillmessage
</UL>
<BR>[Called By]<UL><LI><a href="#[b6]">&gt;&gt;</a>&nbsp;&nbsp;&nbsp;fillmessage4
<LI><a href="#[d1]">&gt;&gt;</a>&nbsp;&nbsp;&nbsp;fillmessage
</UL>

<P><STRONG><a name="[b6]"></a>fillmessage4</STRONG> (Thumb, 90 bytes, Stack size 8 bytes, bsp.o(i.fillmessage4))
<BR><BR>[Stack]<UL><LI>Max Depth = 20<LI>Call Chain = fillmessage4 &rArr; fillmessage &rArr;  fillmessage (Cycle)
</UL>
<BR>[Calls]<UL><LI><a href="#[d1]">&gt;&gt;</a>&nbsp;&nbsp;&nbsp;fillmessage
</UL>
<BR>[Called By]<UL><LI><a href="#[b5]">&gt;&gt;</a>&nbsp;&nbsp;&nbsp;BSP_LCD_OutUDec4
</UL>

<P><STRONG><a name="[aa]"></a>pushColor</STRONG> (Thumb, 18 bytes, Stack size 8 bytes, bsp.o(i.pushColor))
<BR><BR>[Stack]<UL><LI>Max Depth = 8<LI>Call Chain = pushColor
</UL>
<BR>[Calls]<UL><LI><a href="#[ac]">&gt;&gt;</a>&nbsp;&nbsp;&nbsp;writedata
</UL>
<BR>[Called By]<UL><LI><a href="#[ae]">&gt;&gt;</a>&nbsp;&nbsp;&nbsp;BSP_LCD_DrawPixel
<LI><a href="#[a8]">&gt;&gt;</a>&nbsp;&nbsp;&nbsp;BSP_LCD_DrawChar
</UL>

<P><STRONG><a name="[a9]"></a>setAddrWindow</STRONG> (Thumb, 106 bytes, Stack size 24 bytes, bsp.o(i.setAddrWindow))
<BR><BR>[Stack]<UL><LI>Max Depth = 24<LI>Call Chain = setAddrWindow
</UL>
<BR>[Calls]<UL><LI><a href="#[ac]">&gt;&gt;</a>&nbsp;&nbsp;&nbsp;writedata
<LI><a href="#[bf]">&gt;&gt;</a>&nbsp;&nbsp;&nbsp;writecommand
</UL>
<BR>[Called By]<UL><LI><a href="#[b1]">&gt;&gt;</a>&nbsp;&nbsp;&nbsp;BSP_LCD_FillRect
<LI><a href="#[ae]">&gt;&gt;</a>&nbsp;&nbsp;&nbsp;BSP_LCD_DrawPixel
<LI><a href="#[ad]">&gt;&gt;</a>&nbsp;&nbsp;&nbsp;BSP_LCD_DrawFastVLine
<LI><a href="#[ab]">&gt;&gt;</a>&nbsp;&nbsp;&nbsp;BSP_LCD_DrawFastHLine
<LI><a href="#[a8]">&gt;&gt;</a>&nbsp;&nbsp;&nbsp;BSP_LCD_DrawChar
</UL>

<P><STRONG><a name="[bf]"></a>writecommand</STRONG> (Thumb, 62 bytes, Stack size 0 bytes, bsp.o(i.writecommand))
<BR><BR>[Called By]<UL><LI><a href="#[a9]">&gt;&gt;</a>&nbsp;&nbsp;&nbsp;setAddrWindow
<LI><a href="#[be]">&gt;&gt;</a>&nbsp;&nbsp;&nbsp;commandList
<LI><a href="#[b4]">&gt;&gt;</a>&nbsp;&nbsp;&nbsp;ST7735_InitR
</UL>

<P><STRONG><a name="[ac]"></a>writedata</STRONG> (Thumb, 64 bytes, Stack size 0 bytes, bsp.o(i.writedata))
<BR><BR>[Called By]<UL><LI><a href="#[b1]">&gt;&gt;</a>&nbsp;&nbsp;&nbsp;BSP_LCD_FillRect
<LI><a href="#[ad]">&gt;&gt;</a>&nbsp;&nbsp;&nbsp;BSP_LCD_DrawFastVLine
<LI><a href="#[ab]">&gt;&gt;</a>&nbsp;&nbsp;&nbsp;BSP_LCD_DrawFastHLine
<LI><a href="#[a9]">&gt;&gt;</a>&nbsp;&nbsp;&nbsp;setAddrWindow
<LI><a href="#[aa]">&gt;&gt;</a>&nbsp;&nbsp;&nbsp;pushColor
<LI><a href="#[be]">&gt;&gt;</a>&nbsp;&nbsp;&nbsp;commandList
<LI><a href="#[b4]">&gt;&gt;</a>&nbsp;&nbsp;&nbsp;ST7735_InitR
</UL>

<P><STRONG><a name="[ec]"></a>_fadd1</STRONG> (Thumb, 0 bytes, Stack size unknown bytes, faddsub_clz.o(x$fpl$fadd), UNUSED)
<BR><BR>[Called By]<UL><LI><a href="#[eb]">&gt;&gt;</a>&nbsp;&nbsp;&nbsp;_fsub
</UL>

<P><STRONG><a name="[d9]"></a>_fsub1</STRONG> (Thumb, 0 bytes, Stack size unknown bytes, faddsub_clz.o(x$fpl$fsub), UNUSED)
<BR><BR>[Called By]<UL><LI><a href="#[d8]">&gt;&gt;</a>&nbsp;&nbsp;&nbsp;_fadd
</UL>
<P>
<H3>
Undefined Global Symbols
</H3><HR></body></html>
